<!doctype html public "-//w3c//dtd html 4.0 transitional//en">
<html><head>
<title>Static Call Graph - [..\Output\STM32-DEMO.axf]</title></head>
<body><HR>
<H1>Static Call Graph for image ..\Output\STM32-DEMO.axf</H1><HR>
<BR><P>#&#060CALLGRAPH&#062# ARM Linker, 5060422: Last Updated: Mon Mar 20 15:05:18 2017
<BR><P>
<H3>Maximum Stack Usage =       1560 bytes + Unknown(Cycles, Untraceable Function Pointers)</H3><H3>
Call chain for Maximum Stack Depth:</H3>
main &rArr; OutPutFile &rArr; f_open &rArr; follow_path &rArr; dir_find &rArr; dir_next &rArr; create_chain &rArr; put_fat &rArr; move_window &rArr; disk_write &rArr; SD_WriteBlock &rArr; SD_LowLevel_DMA_TxConfig &rArr; DMA_Init
<P>
<H3>
Mutually Recursive functions
</H3> <LI><a href="#[1c]">ADC1_2_IRQHandler</a>&nbsp;&nbsp;&nbsp;&rArr;&nbsp;&nbsp;&nbsp;<a href="#[1c]">ADC1_2_IRQHandler</a><BR>
</UL>
<P>
<H3>
Function Pointers
</H3><UL>
 <LI><a href="#[1c]">ADC1_2_IRQHandler</a> from startup_stm32f10x_hd.o(.text) referenced from startup_stm32f10x_hd.o(RESET)
 <LI><a href="#[39]">ADC3_IRQHandler</a> from startup_stm32f10x_hd.o(.text) referenced from startup_stm32f10x_hd.o(RESET)
 <LI><a href="#[4]">BusFault_Handler</a> from stm32f10x_it.o(.text) referenced from startup_stm32f10x_hd.o(RESET)
 <LI><a href="#[1f]">CAN1_RX1_IRQHandler</a> from startup_stm32f10x_hd.o(.text) referenced from startup_stm32f10x_hd.o(RESET)
 <LI><a href="#[20]">CAN1_SCE_IRQHandler</a> from startup_stm32f10x_hd.o(.text) referenced from startup_stm32f10x_hd.o(RESET)
 <LI><a href="#[15]">DMA1_Channel1_IRQHandler</a> from startup_stm32f10x_hd.o(.text) referenced from startup_stm32f10x_hd.o(RESET)
 <LI><a href="#[16]">DMA1_Channel2_IRQHandler</a> from startup_stm32f10x_hd.o(.text) referenced from startup_stm32f10x_hd.o(RESET)
 <LI><a href="#[17]">DMA1_Channel3_IRQHandler</a> from startup_stm32f10x_hd.o(.text) referenced from startup_stm32f10x_hd.o(RESET)
 <LI><a href="#[18]">DMA1_Channel4_IRQHandler</a> from startup_stm32f10x_hd.o(.text) referenced from startup_stm32f10x_hd.o(RESET)
 <LI><a href="#[19]">DMA1_Channel5_IRQHandler</a> from startup_stm32f10x_hd.o(.text) referenced from startup_stm32f10x_hd.o(RESET)
 <LI><a href="#[1a]">DMA1_Channel6_IRQHandler</a> from startup_stm32f10x_hd.o(.text) referenced from startup_stm32f10x_hd.o(RESET)
 <LI><a href="#[1b]">DMA1_Channel7_IRQHandler</a> from startup_stm32f10x_hd.o(.text) referenced from startup_stm32f10x_hd.o(RESET)
 <LI><a href="#[42]">DMA2_Channel1_IRQHandler</a> from startup_stm32f10x_hd.o(.text) referenced from startup_stm32f10x_hd.o(RESET)
 <LI><a href="#[43]">DMA2_Channel2_IRQHandler</a> from startup_stm32f10x_hd.o(.text) referenced from startup_stm32f10x_hd.o(RESET)
 <LI><a href="#[44]">DMA2_Channel3_IRQHandler</a> from startup_stm32f10x_hd.o(.text) referenced from startup_stm32f10x_hd.o(RESET)
 <LI><a href="#[45]">DMA2_Channel4_5_IRQHandler</a> from startup_stm32f10x_hd.o(.text) referenced from startup_stm32f10x_hd.o(RESET)
 <LI><a href="#[7]">DebugMon_Handler</a> from stm32f10x_it.o(.text) referenced from startup_stm32f10x_hd.o(RESET)
 <LI><a href="#[10]">EXTI0_IRQHandler</a> from startup_stm32f10x_hd.o(.text) referenced from startup_stm32f10x_hd.o(RESET)
 <LI><a href="#[32]">EXTI15_10_IRQHandler</a> from startup_stm32f10x_hd.o(.text) referenced from startup_stm32f10x_hd.o(RESET)
 <LI><a href="#[11]">EXTI1_IRQHandler</a> from startup_stm32f10x_hd.o(.text) referenced from startup_stm32f10x_hd.o(RESET)
 <LI><a href="#[12]">EXTI2_IRQHandler</a> from startup_stm32f10x_hd.o(.text) referenced from startup_stm32f10x_hd.o(RESET)
 <LI><a href="#[13]">EXTI3_IRQHandler</a> from startup_stm32f10x_hd.o(.text) referenced from startup_stm32f10x_hd.o(RESET)
 <LI><a href="#[14]">EXTI4_IRQHandler</a> from startup_stm32f10x_hd.o(.text) referenced from startup_stm32f10x_hd.o(RESET)
 <LI><a href="#[21]">EXTI9_5_IRQHandler</a> from stm32f10x_it.o(.text) referenced from startup_stm32f10x_hd.o(RESET)
 <LI><a href="#[e]">FLASH_IRQHandler</a> from startup_stm32f10x_hd.o(.text) referenced from startup_stm32f10x_hd.o(RESET)
 <LI><a href="#[3a]">FSMC_IRQHandler</a> from startup_stm32f10x_hd.o(.text) referenced from startup_stm32f10x_hd.o(RESET)
 <LI><a href="#[2]">HardFault_Handler</a> from stm32f10x_it.o(.text) referenced from startup_stm32f10x_hd.o(RESET)
 <LI><a href="#[2a]">I2C1_ER_IRQHandler</a> from startup_stm32f10x_hd.o(.text) referenced from startup_stm32f10x_hd.o(RESET)
 <LI><a href="#[29]">I2C1_EV_IRQHandler</a> from startup_stm32f10x_hd.o(.text) referenced from startup_stm32f10x_hd.o(RESET)
 <LI><a href="#[2c]">I2C2_ER_IRQHandler</a> from startup_stm32f10x_hd.o(.text) referenced from startup_stm32f10x_hd.o(RESET)
 <LI><a href="#[2b]">I2C2_EV_IRQHandler</a> from startup_stm32f10x_hd.o(.text) referenced from startup_stm32f10x_hd.o(RESET)
 <LI><a href="#[3]">MemManage_Handler</a> from stm32f10x_it.o(.text) referenced from startup_stm32f10x_hd.o(RESET)
 <LI><a href="#[1]">NMI_Handler</a> from stm32f10x_it.o(.text) referenced from startup_stm32f10x_hd.o(RESET)
 <LI><a href="#[b]">PVD_IRQHandler</a> from startup_stm32f10x_hd.o(.text) referenced from startup_stm32f10x_hd.o(RESET)
 <LI><a href="#[8]">PendSV_Handler</a> from stm32f10x_it.o(.text) referenced from startup_stm32f10x_hd.o(RESET)
 <LI><a href="#[f]">RCC_IRQHandler</a> from startup_stm32f10x_hd.o(.text) referenced from startup_stm32f10x_hd.o(RESET)
 <LI><a href="#[33]">RTCAlarm_IRQHandler</a> from startup_stm32f10x_hd.o(.text) referenced from startup_stm32f10x_hd.o(RESET)
 <LI><a href="#[d]">RTC_IRQHandler</a> from stm32f10x_it.o(.text) referenced from startup_stm32f10x_hd.o(RESET)
 <LI><a href="#[0]">Reset_Handler</a> from startup_stm32f10x_hd.o(.text) referenced from startup_stm32f10x_hd.o(RESET)
 <LI><a href="#[3b]">SDIO_IRQHandler</a> from stm32f10x_it.o(.text) referenced from startup_stm32f10x_hd.o(RESET)
 <LI><a href="#[2d]">SPI1_IRQHandler</a> from startup_stm32f10x_hd.o(.text) referenced from startup_stm32f10x_hd.o(RESET)
 <LI><a href="#[2e]">SPI2_IRQHandler</a> from startup_stm32f10x_hd.o(.text) referenced from startup_stm32f10x_hd.o(RESET)
 <LI><a href="#[3d]">SPI3_IRQHandler</a> from startup_stm32f10x_hd.o(.text) referenced from startup_stm32f10x_hd.o(RESET)
 <LI><a href="#[6]">SVC_Handler</a> from stm32f10x_it.o(.text) referenced from startup_stm32f10x_hd.o(RESET)
 <LI><a href="#[9]">SysTick_Handler</a> from stm32f10x_it.o(.text) referenced from startup_stm32f10x_hd.o(RESET)
 <LI><a href="#[47]">SystemInit</a> from system_stm32f10x.o(.text) referenced from startup_stm32f10x_hd.o(.text)
 <LI><a href="#[c]">TAMPER_IRQHandler</a> from startup_stm32f10x_hd.o(.text) referenced from startup_stm32f10x_hd.o(RESET)
 <LI><a href="#[22]">TIM1_BRK_IRQHandler</a> from startup_stm32f10x_hd.o(.text) referenced from startup_stm32f10x_hd.o(RESET)
 <LI><a href="#[25]">TIM1_CC_IRQHandler</a> from startup_stm32f10x_hd.o(.text) referenced from startup_stm32f10x_hd.o(RESET)
 <LI><a href="#[24]">TIM1_TRG_COM_IRQHandler</a> from startup_stm32f10x_hd.o(.text) referenced from startup_stm32f10x_hd.o(RESET)
 <LI><a href="#[23]">TIM1_UP_IRQHandler</a> from startup_stm32f10x_hd.o(.text) referenced from startup_stm32f10x_hd.o(RESET)
 <LI><a href="#[26]">TIM2_IRQHandler</a> from stm32f10x_it.o(.text) referenced from startup_stm32f10x_hd.o(RESET)
 <LI><a href="#[27]">TIM3_IRQHandler</a> from startup_stm32f10x_hd.o(.text) referenced from startup_stm32f10x_hd.o(RESET)
 <LI><a href="#[28]">TIM4_IRQHandler</a> from startup_stm32f10x_hd.o(.text) referenced from startup_stm32f10x_hd.o(RESET)
 <LI><a href="#[3c]">TIM5_IRQHandler</a> from startup_stm32f10x_hd.o(.text) referenced from startup_stm32f10x_hd.o(RESET)
 <LI><a href="#[40]">TIM6_IRQHandler</a> from startup_stm32f10x_hd.o(.text) referenced from startup_stm32f10x_hd.o(RESET)
 <LI><a href="#[41]">TIM7_IRQHandler</a> from startup_stm32f10x_hd.o(.text) referenced from startup_stm32f10x_hd.o(RESET)
 <LI><a href="#[35]">TIM8_BRK_IRQHandler</a> from startup_stm32f10x_hd.o(.text) referenced from startup_stm32f10x_hd.o(RESET)
 <LI><a href="#[38]">TIM8_CC_IRQHandler</a> from startup_stm32f10x_hd.o(.text) referenced from startup_stm32f10x_hd.o(RESET)
 <LI><a href="#[37]">TIM8_TRG_COM_IRQHandler</a> from startup_stm32f10x_hd.o(.text) referenced from startup_stm32f10x_hd.o(RESET)
 <LI><a href="#[36]">TIM8_UP_IRQHandler</a> from startup_stm32f10x_hd.o(.text) referenced from startup_stm32f10x_hd.o(RESET)
 <LI><a href="#[3e]">UART4_IRQHandler</a> from startup_stm32f10x_hd.o(.text) referenced from startup_stm32f10x_hd.o(RESET)
 <LI><a href="#[3f]">UART5_IRQHandler</a> from startup_stm32f10x_hd.o(.text) referenced from startup_stm32f10x_hd.o(RESET)
 <LI><a href="#[2f]">USART1_IRQHandler</a> from stm32f10x_it.o(.text) referenced from startup_stm32f10x_hd.o(RESET)
 <LI><a href="#[30]">USART2_IRQHandler</a> from stm32f10x_it.o(.text) referenced from startup_stm32f10x_hd.o(RESET)
 <LI><a href="#[31]">USART3_IRQHandler</a> from startup_stm32f10x_hd.o(.text) referenced from startup_stm32f10x_hd.o(RESET)
 <LI><a href="#[34]">USBWakeUp_IRQHandler</a> from startup_stm32f10x_hd.o(.text) referenced from startup_stm32f10x_hd.o(RESET)
 <LI><a href="#[1d]">USB_HP_CAN1_TX_IRQHandler</a> from startup_stm32f10x_hd.o(.text) referenced from startup_stm32f10x_hd.o(RESET)
 <LI><a href="#[1e]">USB_LP_CAN1_RX0_IRQHandler</a> from startup_stm32f10x_hd.o(.text) referenced from startup_stm32f10x_hd.o(RESET)
 <LI><a href="#[5]">UsageFault_Handler</a> from stm32f10x_it.o(.text) referenced from startup_stm32f10x_hd.o(RESET)
 <LI><a href="#[a]">WWDG_IRQHandler</a> from startup_stm32f10x_hd.o(.text) referenced from startup_stm32f10x_hd.o(RESET)
 <LI><a href="#[48]">__main</a> from entry.o(.ARM.Collect$$$$00000000) referenced from startup_stm32f10x_hd.o(.text)
 <LI><a href="#[49]">fputc</a> from usrtconfig.o(.text) referenced from printfa.o(i.__0printf)
 <LI><a href="#[46]">main</a> from main.o(.text) referenced from entry9a.o(.ARM.Collect$$$$0000000B)
</UL>
<P>
<H3>
Global Symbols
</H3>
<P><STRONG><a name="[48]"></a>__main</STRONG> (Thumb, 0 bytes, Stack size unknown bytes, entry.o(.ARM.Collect$$$$00000000))
<BR>[Address Reference Count : 1]<UL><LI> startup_stm32f10x_hd.o(.text)
</UL>
<P><STRONG><a name="[12f]"></a>_main_stk</STRONG> (Thumb, 0 bytes, Stack size unknown bytes, entry2.o(.ARM.Collect$$$$00000001))

<P><STRONG><a name="[4a]"></a>_main_scatterload</STRONG> (Thumb, 0 bytes, Stack size unknown bytes, entry5.o(.ARM.Collect$$$$00000004))
<BR><BR>[Calls]<UL><LI><a href="#[4b]">&gt;&gt;</a>&nbsp;&nbsp;&nbsp;__scatterload
</UL>

<P><STRONG><a name="[127]"></a>__main_after_scatterload</STRONG> (Thumb, 0 bytes, Stack size unknown bytes, entry5.o(.ARM.Collect$$$$00000004))
<BR><BR>[Called By]<UL><LI><a href="#[4b]">&gt;&gt;</a>&nbsp;&nbsp;&nbsp;__scatterload
</UL>

<P><STRONG><a name="[130]"></a>_main_clock</STRONG> (Thumb, 0 bytes, Stack size unknown bytes, entry7b.o(.ARM.Collect$$$$00000008))

<P><STRONG><a name="[131]"></a>_main_cpp_init</STRONG> (Thumb, 0 bytes, Stack size unknown bytes, entry8b.o(.ARM.Collect$$$$0000000A))

<P><STRONG><a name="[132]"></a>_main_init</STRONG> (Thumb, 0 bytes, Stack size unknown bytes, entry9a.o(.ARM.Collect$$$$0000000B))

<P><STRONG><a name="[133]"></a>__rt_final_cpp</STRONG> (Thumb, 0 bytes, Stack size unknown bytes, entry10a.o(.ARM.Collect$$$$0000000D))

<P><STRONG><a name="[134]"></a>__rt_final_exit</STRONG> (Thumb, 0 bytes, Stack size unknown bytes, entry11a.o(.ARM.Collect$$$$0000000F))

<P><STRONG><a name="[0]"></a>Reset_Handler</STRONG> (Thumb, 8 bytes, Stack size 0 bytes, startup_stm32f10x_hd.o(.text))
<BR>[Address Reference Count : 1]<UL><LI> startup_stm32f10x_hd.o(RESET)
</UL>
<P><STRONG><a name="[1c]"></a>ADC1_2_IRQHandler</STRONG> (Thumb, 0 bytes, Stack size 0 bytes, startup_stm32f10x_hd.o(.text))
<BR><BR>[Calls]<UL><LI><a href="#[1c]">&gt;&gt;</a>&nbsp;&nbsp;&nbsp;ADC1_2_IRQHandler
</UL>
<BR>[Called By]<UL><LI><a href="#[1c]">&gt;&gt;</a>&nbsp;&nbsp;&nbsp;ADC1_2_IRQHandler
</UL>
<BR>[Address Reference Count : 1]<UL><LI> startup_stm32f10x_hd.o(RESET)
</UL>
<P><STRONG><a name="[39]"></a>ADC3_IRQHandler</STRONG> (Thumb, 0 bytes, Stack size 0 bytes, startup_stm32f10x_hd.o(.text))
<BR>[Address Reference Count : 1]<UL><LI> startup_stm32f10x_hd.o(RESET)
</UL>
<P><STRONG><a name="[1f]"></a>CAN1_RX1_IRQHandler</STRONG> (Thumb, 0 bytes, Stack size 0 bytes, startup_stm32f10x_hd.o(.text))
<BR>[Address Reference Count : 1]<UL><LI> startup_stm32f10x_hd.o(RESET)
</UL>
<P><STRONG><a name="[20]"></a>CAN1_SCE_IRQHandler</STRONG> (Thumb, 0 bytes, Stack size 0 bytes, startup_stm32f10x_hd.o(.text))
<BR>[Address Reference Count : 1]<UL><LI> startup_stm32f10x_hd.o(RESET)
</UL>
<P><STRONG><a name="[15]"></a>DMA1_Channel1_IRQHandler</STRONG> (Thumb, 0 bytes, Stack size 0 bytes, startup_stm32f10x_hd.o(.text))
<BR>[Address Reference Count : 1]<UL><LI> startup_stm32f10x_hd.o(RESET)
</UL>
<P><STRONG><a name="[16]"></a>DMA1_Channel2_IRQHandler</STRONG> (Thumb, 0 bytes, Stack size 0 bytes, startup_stm32f10x_hd.o(.text))
<BR>[Address Reference Count : 1]<UL><LI> startup_stm32f10x_hd.o(RESET)
</UL>
<P><STRONG><a name="[17]"></a>DMA1_Channel3_IRQHandler</STRONG> (Thumb, 0 bytes, Stack size 0 bytes, startup_stm32f10x_hd.o(.text))
<BR>[Address Reference Count : 1]<UL><LI> startup_stm32f10x_hd.o(RESET)
</UL>
<P><STRONG><a name="[18]"></a>DMA1_Channel4_IRQHandler</STRONG> (Thumb, 0 bytes, Stack size 0 bytes, startup_stm32f10x_hd.o(.text))
<BR>[Address Reference Count : 1]<UL><LI> startup_stm32f10x_hd.o(RESET)
</UL>
<P><STRONG><a name="[19]"></a>DMA1_Channel5_IRQHandler</STRONG> (Thumb, 0 bytes, Stack size 0 bytes, startup_stm32f10x_hd.o(.text))
<BR>[Address Reference Count : 1]<UL><LI> startup_stm32f10x_hd.o(RESET)
</UL>
<P><STRONG><a name="[1a]"></a>DMA1_Channel6_IRQHandler</STRONG> (Thumb, 0 bytes, Stack size 0 bytes, startup_stm32f10x_hd.o(.text))
<BR>[Address Reference Count : 1]<UL><LI> startup_stm32f10x_hd.o(RESET)
</UL>
<P><STRONG><a name="[1b]"></a>DMA1_Channel7_IRQHandler</STRONG> (Thumb, 0 bytes, Stack size 0 bytes, startup_stm32f10x_hd.o(.text))
<BR>[Address Reference Count : 1]<UL><LI> startup_stm32f10x_hd.o(RESET)
</UL>
<P><STRONG><a name="[42]"></a>DMA2_Channel1_IRQHandler</STRONG> (Thumb, 0 bytes, Stack size 0 bytes, startup_stm32f10x_hd.o(.text))
<BR>[Address Reference Count : 1]<UL><LI> startup_stm32f10x_hd.o(RESET)
</UL>
<P><STRONG><a name="[43]"></a>DMA2_Channel2_IRQHandler</STRONG> (Thumb, 0 bytes, Stack size 0 bytes, startup_stm32f10x_hd.o(.text))
<BR>[Address Reference Count : 1]<UL><LI> startup_stm32f10x_hd.o(RESET)
</UL>
<P><STRONG><a name="[44]"></a>DMA2_Channel3_IRQHandler</STRONG> (Thumb, 0 bytes, Stack size 0 bytes, startup_stm32f10x_hd.o(.text))
<BR>[Address Reference Count : 1]<UL><LI> startup_stm32f10x_hd.o(RESET)
</UL>
<P><STRONG><a name="[45]"></a>DMA2_Channel4_5_IRQHandler</STRONG> (Thumb, 0 bytes, Stack size 0 bytes, startup_stm32f10x_hd.o(.text))
<BR>[Address Reference Count : 1]<UL><LI> startup_stm32f10x_hd.o(RESET)
</UL>
<P><STRONG><a name="[10]"></a>EXTI0_IRQHandler</STRONG> (Thumb, 0 bytes, Stack size 0 bytes, startup_stm32f10x_hd.o(.text))
<BR>[Address Reference Count : 1]<UL><LI> startup_stm32f10x_hd.o(RESET)
</UL>
<P><STRONG><a name="[32]"></a>EXTI15_10_IRQHandler</STRONG> (Thumb, 0 bytes, Stack size 0 bytes, startup_stm32f10x_hd.o(.text))
<BR>[Address Reference Count : 1]<UL><LI> startup_stm32f10x_hd.o(RESET)
</UL>
<P><STRONG><a name="[11]"></a>EXTI1_IRQHandler</STRONG> (Thumb, 0 bytes, Stack size 0 bytes, startup_stm32f10x_hd.o(.text))
<BR>[Address Reference Count : 1]<UL><LI> startup_stm32f10x_hd.o(RESET)
</UL>
<P><STRONG><a name="[12]"></a>EXTI2_IRQHandler</STRONG> (Thumb, 0 bytes, Stack size 0 bytes, startup_stm32f10x_hd.o(.text))
<BR>[Address Reference Count : 1]<UL><LI> startup_stm32f10x_hd.o(RESET)
</UL>
<P><STRONG><a name="[13]"></a>EXTI3_IRQHandler</STRONG> (Thumb, 0 bytes, Stack size 0 bytes, startup_stm32f10x_hd.o(.text))
<BR>[Address Reference Count : 1]<UL><LI> startup_stm32f10x_hd.o(RESET)
</UL>
<P><STRONG><a name="[14]"></a>EXTI4_IRQHandler</STRONG> (Thumb, 0 bytes, Stack size 0 bytes, startup_stm32f10x_hd.o(.text))
<BR>[Address Reference Count : 1]<UL><LI> startup_stm32f10x_hd.o(RESET)
</UL>
<P><STRONG><a name="[e]"></a>FLASH_IRQHandler</STRONG> (Thumb, 0 bytes, Stack size 0 bytes, startup_stm32f10x_hd.o(.text))
<BR>[Address Reference Count : 1]<UL><LI> startup_stm32f10x_hd.o(RESET)
</UL>
<P><STRONG><a name="[3a]"></a>FSMC_IRQHandler</STRONG> (Thumb, 0 bytes, Stack size 0 bytes, startup_stm32f10x_hd.o(.text))
<BR>[Address Reference Count : 1]<UL><LI> startup_stm32f10x_hd.o(RESET)
</UL>
<P><STRONG><a name="[2a]"></a>I2C1_ER_IRQHandler</STRONG> (Thumb, 0 bytes, Stack size 0 bytes, startup_stm32f10x_hd.o(.text))
<BR>[Address Reference Count : 1]<UL><LI> startup_stm32f10x_hd.o(RESET)
</UL>
<P><STRONG><a name="[29]"></a>I2C1_EV_IRQHandler</STRONG> (Thumb, 0 bytes, Stack size 0 bytes, startup_stm32f10x_hd.o(.text))
<BR>[Address Reference Count : 1]<UL><LI> startup_stm32f10x_hd.o(RESET)
</UL>
<P><STRONG><a name="[2c]"></a>I2C2_ER_IRQHandler</STRONG> (Thumb, 0 bytes, Stack size 0 bytes, startup_stm32f10x_hd.o(.text))
<BR>[Address Reference Count : 1]<UL><LI> startup_stm32f10x_hd.o(RESET)
</UL>
<P><STRONG><a name="[2b]"></a>I2C2_EV_IRQHandler</STRONG> (Thumb, 0 bytes, Stack size 0 bytes, startup_stm32f10x_hd.o(.text))
<BR>[Address Reference Count : 1]<UL><LI> startup_stm32f10x_hd.o(RESET)
</UL>
<P><STRONG><a name="[b]"></a>PVD_IRQHandler</STRONG> (Thumb, 0 bytes, Stack size 0 bytes, startup_stm32f10x_hd.o(.text))
<BR>[Address Reference Count : 1]<UL><LI> startup_stm32f10x_hd.o(RESET)
</UL>
<P><STRONG><a name="[f]"></a>RCC_IRQHandler</STRONG> (Thumb, 0 bytes, Stack size 0 bytes, startup_stm32f10x_hd.o(.text))
<BR>[Address Reference Count : 1]<UL><LI> startup_stm32f10x_hd.o(RESET)
</UL>
<P><STRONG><a name="[33]"></a>RTCAlarm_IRQHandler</STRONG> (Thumb, 0 bytes, Stack size 0 bytes, startup_stm32f10x_hd.o(.text))
<BR>[Address Reference Count : 1]<UL><LI> startup_stm32f10x_hd.o(RESET)
</UL>
<P><STRONG><a name="[2d]"></a>SPI1_IRQHandler</STRONG> (Thumb, 0 bytes, Stack size 0 bytes, startup_stm32f10x_hd.o(.text))
<BR>[Address Reference Count : 1]<UL><LI> startup_stm32f10x_hd.o(RESET)
</UL>
<P><STRONG><a name="[2e]"></a>SPI2_IRQHandler</STRONG> (Thumb, 0 bytes, Stack size 0 bytes, startup_stm32f10x_hd.o(.text))
<BR>[Address Reference Count : 1]<UL><LI> startup_stm32f10x_hd.o(RESET)
</UL>
<P><STRONG><a name="[3d]"></a>SPI3_IRQHandler</STRONG> (Thumb, 0 bytes, Stack size 0 bytes, startup_stm32f10x_hd.o(.text))
<BR>[Address Reference Count : 1]<UL><LI> startup_stm32f10x_hd.o(RESET)
</UL>
<P><STRONG><a name="[c]"></a>TAMPER_IRQHandler</STRONG> (Thumb, 0 bytes, Stack size 0 bytes, startup_stm32f10x_hd.o(.text))
<BR>[Address Reference Count : 1]<UL><LI> startup_stm32f10x_hd.o(RESET)
</UL>
<P><STRONG><a name="[22]"></a>TIM1_BRK_IRQHandler</STRONG> (Thumb, 0 bytes, Stack size 0 bytes, startup_stm32f10x_hd.o(.text))
<BR>[Address Reference Count : 1]<UL><LI> startup_stm32f10x_hd.o(RESET)
</UL>
<P><STRONG><a name="[25]"></a>TIM1_CC_IRQHandler</STRONG> (Thumb, 0 bytes, Stack size 0 bytes, startup_stm32f10x_hd.o(.text))
<BR>[Address Reference Count : 1]<UL><LI> startup_stm32f10x_hd.o(RESET)
</UL>
<P><STRONG><a name="[24]"></a>TIM1_TRG_COM_IRQHandler</STRONG> (Thumb, 0 bytes, Stack size 0 bytes, startup_stm32f10x_hd.o(.text))
<BR>[Address Reference Count : 1]<UL><LI> startup_stm32f10x_hd.o(RESET)
</UL>
<P><STRONG><a name="[23]"></a>TIM1_UP_IRQHandler</STRONG> (Thumb, 0 bytes, Stack size 0 bytes, startup_stm32f10x_hd.o(.text))
<BR>[Address Reference Count : 1]<UL><LI> startup_stm32f10x_hd.o(RESET)
</UL>
<P><STRONG><a name="[27]"></a>TIM3_IRQHandler</STRONG> (Thumb, 0 bytes, Stack size 0 bytes, startup_stm32f10x_hd.o(.text))
<BR>[Address Reference Count : 1]<UL><LI> startup_stm32f10x_hd.o(RESET)
</UL>
<P><STRONG><a name="[28]"></a>TIM4_IRQHandler</STRONG> (Thumb, 0 bytes, Stack size 0 bytes, startup_stm32f10x_hd.o(.text))
<BR>[Address Reference Count : 1]<UL><LI> startup_stm32f10x_hd.o(RESET)
</UL>
<P><STRONG><a name="[3c]"></a>TIM5_IRQHandler</STRONG> (Thumb, 0 bytes, Stack size 0 bytes, startup_stm32f10x_hd.o(.text))
<BR>[Address Reference Count : 1]<UL><LI> startup_stm32f10x_hd.o(RESET)
</UL>
<P><STRONG><a name="[40]"></a>TIM6_IRQHandler</STRONG> (Thumb, 0 bytes, Stack size 0 bytes, startup_stm32f10x_hd.o(.text))
<BR>[Address Reference Count : 1]<UL><LI> startup_stm32f10x_hd.o(RESET)
</UL>
<P><STRONG><a name="[41]"></a>TIM7_IRQHandler</STRONG> (Thumb, 0 bytes, Stack size 0 bytes, startup_stm32f10x_hd.o(.text))
<BR>[Address Reference Count : 1]<UL><LI> startup_stm32f10x_hd.o(RESET)
</UL>
<P><STRONG><a name="[35]"></a>TIM8_BRK_IRQHandler</STRONG> (Thumb, 0 bytes, Stack size 0 bytes, startup_stm32f10x_hd.o(.text))
<BR>[Address Reference Count : 1]<UL><LI> startup_stm32f10x_hd.o(RESET)
</UL>
<P><STRONG><a name="[38]"></a>TIM8_CC_IRQHandler</STRONG> (Thumb, 0 bytes, Stack size 0 bytes, startup_stm32f10x_hd.o(.text))
<BR>[Address Reference Count : 1]<UL><LI> startup_stm32f10x_hd.o(RESET)
</UL>
<P><STRONG><a name="[37]"></a>TIM8_TRG_COM_IRQHandler</STRONG> (Thumb, 0 bytes, Stack size 0 bytes, startup_stm32f10x_hd.o(.text))
<BR>[Address Reference Count : 1]<UL><LI> startup_stm32f10x_hd.o(RESET)
</UL>
<P><STRONG><a name="[36]"></a>TIM8_UP_IRQHandler</STRONG> (Thumb, 0 bytes, Stack size 0 bytes, startup_stm32f10x_hd.o(.text))
<BR>[Address Reference Count : 1]<UL><LI> startup_stm32f10x_hd.o(RESET)
</UL>
<P><STRONG><a name="[3e]"></a>UART4_IRQHandler</STRONG> (Thumb, 0 bytes, Stack size 0 bytes, startup_stm32f10x_hd.o(.text))
<BR>[Address Reference Count : 1]<UL><LI> startup_stm32f10x_hd.o(RESET)
</UL>
<P><STRONG><a name="[3f]"></a>UART5_IRQHandler</STRONG> (Thumb, 0 bytes, Stack size 0 bytes, startup_stm32f10x_hd.o(.text))
<BR>[Address Reference Count : 1]<UL><LI> startup_stm32f10x_hd.o(RESET)
</UL>
<P><STRONG><a name="[31]"></a>USART3_IRQHandler</STRONG> (Thumb, 0 bytes, Stack size 0 bytes, startup_stm32f10x_hd.o(.text))
<BR>[Address Reference Count : 1]<UL><LI> startup_stm32f10x_hd.o(RESET)
</UL>
<P><STRONG><a name="[34]"></a>USBWakeUp_IRQHandler</STRONG> (Thumb, 0 bytes, Stack size 0 bytes, startup_stm32f10x_hd.o(.text))
<BR>[Address Reference Count : 1]<UL><LI> startup_stm32f10x_hd.o(RESET)
</UL>
<P><STRONG><a name="[1d]"></a>USB_HP_CAN1_TX_IRQHandler</STRONG> (Thumb, 0 bytes, Stack size 0 bytes, startup_stm32f10x_hd.o(.text))
<BR>[Address Reference Count : 1]<UL><LI> startup_stm32f10x_hd.o(RESET)
</UL>
<P><STRONG><a name="[1e]"></a>USB_LP_CAN1_RX0_IRQHandler</STRONG> (Thumb, 0 bytes, Stack size 0 bytes, startup_stm32f10x_hd.o(.text))
<BR>[Address Reference Count : 1]<UL><LI> startup_stm32f10x_hd.o(RESET)
</UL>
<P><STRONG><a name="[a]"></a>WWDG_IRQHandler</STRONG> (Thumb, 0 bytes, Stack size 0 bytes, startup_stm32f10x_hd.o(.text))
<BR>[Address Reference Count : 1]<UL><LI> startup_stm32f10x_hd.o(RESET)
</UL>
<P><STRONG><a name="[4c]"></a>OutPutFile</STRONG> (Thumb, 52 bytes, Stack size 1168 bytes, main.o(.text))
<BR><BR>[Stack]<UL><LI>Max Depth = 1560<LI>Call Chain = OutPutFile &rArr; f_open &rArr; follow_path &rArr; dir_find &rArr; dir_next &rArr; create_chain &rArr; put_fat &rArr; move_window &rArr; disk_write &rArr; SD_WriteBlock &rArr; SD_LowLevel_DMA_TxConfig &rArr; DMA_Init
</UL>
<BR>[Calls]<UL><LI><a href="#[50]">&gt;&gt;</a>&nbsp;&nbsp;&nbsp;f_write
<LI><a href="#[4f]">&gt;&gt;</a>&nbsp;&nbsp;&nbsp;f_open
<LI><a href="#[4e]">&gt;&gt;</a>&nbsp;&nbsp;&nbsp;f_mount
<LI><a href="#[51]">&gt;&gt;</a>&nbsp;&nbsp;&nbsp;f_close
<LI><a href="#[4d]">&gt;&gt;</a>&nbsp;&nbsp;&nbsp;__aeabi_memclr4
</UL>
<BR>[Called By]<UL><LI><a href="#[46]">&gt;&gt;</a>&nbsp;&nbsp;&nbsp;main
</UL>

<P><STRONG><a name="[52]"></a>NVIC_ConfigurationSPIO</STRONG> (Thumb, 40 bytes, Stack size 8 bytes, main.o(.text))
<BR><BR>[Stack]<UL><LI>Max Depth = 24<LI>Call Chain = NVIC_ConfigurationSPIO &rArr; NVIC_Init
</UL>
<BR>[Calls]<UL><LI><a href="#[53]">&gt;&gt;</a>&nbsp;&nbsp;&nbsp;NVIC_PriorityGroupConfig
<LI><a href="#[54]">&gt;&gt;</a>&nbsp;&nbsp;&nbsp;NVIC_Init
</UL>
<BR>[Called By]<UL><LI><a href="#[46]">&gt;&gt;</a>&nbsp;&nbsp;&nbsp;main
</UL>

<P><STRONG><a name="[46]"></a>main</STRONG> (Thumb, 8 bytes, Stack size 0 bytes, main.o(.text))
<BR><BR>[Stack]<UL><LI>Max Depth = 1560<LI>Call Chain = main &rArr; OutPutFile &rArr; f_open &rArr; follow_path &rArr; dir_find &rArr; dir_next &rArr; create_chain &rArr; put_fat &rArr; move_window &rArr; disk_write &rArr; SD_WriteBlock &rArr; SD_LowLevel_DMA_TxConfig &rArr; DMA_Init
</UL>
<BR>[Calls]<UL><LI><a href="#[52]">&gt;&gt;</a>&nbsp;&nbsp;&nbsp;NVIC_ConfigurationSPIO
<LI><a href="#[4c]">&gt;&gt;</a>&nbsp;&nbsp;&nbsp;OutPutFile
</UL>
<BR>[Address Reference Count : 1]<UL><LI> entry9a.o(.ARM.Collect$$$$0000000B)
</UL>
<P><STRONG><a name="[1]"></a>NMI_Handler</STRONG> (Thumb, 2 bytes, Stack size 0 bytes, stm32f10x_it.o(.text))
<BR>[Address Reference Count : 1]<UL><LI> startup_stm32f10x_hd.o(RESET)
</UL>
<P><STRONG><a name="[2]"></a>HardFault_Handler</STRONG> (Thumb, 4 bytes, Stack size 0 bytes, stm32f10x_it.o(.text))
<BR>[Address Reference Count : 1]<UL><LI> startup_stm32f10x_hd.o(RESET)
</UL>
<P><STRONG><a name="[3]"></a>MemManage_Handler</STRONG> (Thumb, 4 bytes, Stack size 0 bytes, stm32f10x_it.o(.text))
<BR>[Address Reference Count : 1]<UL><LI> startup_stm32f10x_hd.o(RESET)
</UL>
<P><STRONG><a name="[4]"></a>BusFault_Handler</STRONG> (Thumb, 4 bytes, Stack size 0 bytes, stm32f10x_it.o(.text))
<BR>[Address Reference Count : 1]<UL><LI> startup_stm32f10x_hd.o(RESET)
</UL>
<P><STRONG><a name="[5]"></a>UsageFault_Handler</STRONG> (Thumb, 4 bytes, Stack size 0 bytes, stm32f10x_it.o(.text))
<BR>[Address Reference Count : 1]<UL><LI> startup_stm32f10x_hd.o(RESET)
</UL>
<P><STRONG><a name="[6]"></a>SVC_Handler</STRONG> (Thumb, 2 bytes, Stack size 0 bytes, stm32f10x_it.o(.text))
<BR>[Address Reference Count : 1]<UL><LI> startup_stm32f10x_hd.o(RESET)
</UL>
<P><STRONG><a name="[7]"></a>DebugMon_Handler</STRONG> (Thumb, 2 bytes, Stack size 0 bytes, stm32f10x_it.o(.text))
<BR>[Address Reference Count : 1]<UL><LI> startup_stm32f10x_hd.o(RESET)
</UL>
<P><STRONG><a name="[8]"></a>PendSV_Handler</STRONG> (Thumb, 2 bytes, Stack size 0 bytes, stm32f10x_it.o(.text))
<BR>[Address Reference Count : 1]<UL><LI> startup_stm32f10x_hd.o(RESET)
</UL>
<P><STRONG><a name="[9]"></a>SysTick_Handler</STRONG> (Thumb, 8 bytes, Stack size 8 bytes, stm32f10x_it.o(.text))
<BR><BR>[Stack]<UL><LI>Max Depth = 104<LI>Call Chain = SysTick_Handler &rArr; TimingDelay_Decrement &rArr; quePlise &rArr; getTMforRTC &rArr; localtime &rArr; _localtime
</UL>
<BR>[Calls]<UL><LI><a href="#[55]">&gt;&gt;</a>&nbsp;&nbsp;&nbsp;TimingDelay_Decrement
</UL>
<BR>[Address Reference Count : 1]<UL><LI> startup_stm32f10x_hd.o(RESET)
</UL>
<P><STRONG><a name="[21]"></a>EXTI9_5_IRQHandler</STRONG> (Thumb, 114 bytes, Stack size 32 bytes, stm32f10x_it.o(.text))
<BR><BR>[Stack]<UL><LI>Max Depth = 80<LI>Call Chain = EXTI9_5_IRQHandler &rArr; Time_Adjust &rArr; mktime &rArr; _localtime
</UL>
<BR>[Calls]<UL><LI><a href="#[5a]">&gt;&gt;</a>&nbsp;&nbsp;&nbsp;__aeabi_f2iz
<LI><a href="#[5b]">&gt;&gt;</a>&nbsp;&nbsp;&nbsp;Time_sysValue
<LI><a href="#[59]">&gt;&gt;</a>&nbsp;&nbsp;&nbsp;Time_Adjust
<LI><a href="#[5c]">&gt;&gt;</a>&nbsp;&nbsp;&nbsp;RTC_DISABLE
<LI><a href="#[56]">&gt;&gt;</a>&nbsp;&nbsp;&nbsp;EXTI_GetITStatus
<LI><a href="#[57]">&gt;&gt;</a>&nbsp;&nbsp;&nbsp;EXTI_ClearITPendingBit
<LI><a href="#[58]">&gt;&gt;</a>&nbsp;&nbsp;&nbsp;__aeabi_memcpy4
</UL>
<BR>[Address Reference Count : 1]<UL><LI> startup_stm32f10x_hd.o(RESET)
</UL>
<P><STRONG><a name="[26]"></a>TIM2_IRQHandler</STRONG> (Thumb, 22 bytes, Stack size 8 bytes, stm32f10x_it.o(.text))
<BR><BR>[Stack]<UL><LI>Max Depth = 20<LI>Call Chain = TIM2_IRQHandler &rArr; TIM_GetITStatus
</UL>
<BR>[Calls]<UL><LI><a href="#[5d]">&gt;&gt;</a>&nbsp;&nbsp;&nbsp;TIM_GetITStatus
<LI><a href="#[5e]">&gt;&gt;</a>&nbsp;&nbsp;&nbsp;TIM_ClearITPendingBit
</UL>
<BR>[Address Reference Count : 1]<UL><LI> startup_stm32f10x_hd.o(RESET)
</UL>
<P><STRONG><a name="[2f]"></a>USART1_IRQHandler</STRONG> (Thumb, 210 bytes, Stack size 72 bytes, stm32f10x_it.o(.text))
<BR><BR>[Stack]<UL><LI>Max Depth = 160<LI>Call Chain = USART1_IRQHandler &rArr; strftime &rArr; _isoweek
</UL>
<BR>[Calls]<UL><LI><a href="#[63]">&gt;&gt;</a>&nbsp;&nbsp;&nbsp;__aeabi_f2d
<LI><a href="#[5f]">&gt;&gt;</a>&nbsp;&nbsp;&nbsp;USART_GetITStatus
<LI><a href="#[64]">&gt;&gt;</a>&nbsp;&nbsp;&nbsp;__2printf
<LI><a href="#[60]">&gt;&gt;</a>&nbsp;&nbsp;&nbsp;strcmp
<LI><a href="#[4d]">&gt;&gt;</a>&nbsp;&nbsp;&nbsp;__aeabi_memclr4
<LI><a href="#[61]">&gt;&gt;</a>&nbsp;&nbsp;&nbsp;__aeabi_memclr
<LI><a href="#[62]">&gt;&gt;</a>&nbsp;&nbsp;&nbsp;strftime
</UL>
<BR>[Address Reference Count : 1]<UL><LI> startup_stm32f10x_hd.o(RESET)
</UL>
<P><STRONG><a name="[68]"></a>isGNZDA</STRONG> (Thumb, 132 bytes, Stack size 0 bytes, stm32f10x_it.o(.text))
<BR><BR>[Called By]<UL><LI><a href="#[65]">&gt;&gt;</a>&nbsp;&nbsp;&nbsp;getGNZDAData
</UL>

<P><STRONG><a name="[66]"></a>getNowTime</STRONG> (Thumb, 172 bytes, Stack size 0 bytes, stm32f10x_it.o(.text))
<BR><BR>[Called By]<UL><LI><a href="#[65]">&gt;&gt;</a>&nbsp;&nbsp;&nbsp;getGNZDAData
</UL>

<P><STRONG><a name="[67]"></a>beginSave</STRONG> (Thumb, 26 bytes, Stack size 0 bytes, stm32f10x_it.o(.text))
<BR><BR>[Called By]<UL><LI><a href="#[65]">&gt;&gt;</a>&nbsp;&nbsp;&nbsp;getGNZDAData
</UL>

<P><STRONG><a name="[65]"></a>getGNZDAData</STRONG> (Thumb, 86 bytes, Stack size 8 bytes, stm32f10x_it.o(.text))
<BR><BR>[Stack]<UL><LI>Max Depth = 8<LI>Call Chain = getGNZDAData
</UL>
<BR>[Calls]<UL><LI><a href="#[67]">&gt;&gt;</a>&nbsp;&nbsp;&nbsp;beginSave
<LI><a href="#[66]">&gt;&gt;</a>&nbsp;&nbsp;&nbsp;getNowTime
<LI><a href="#[68]">&gt;&gt;</a>&nbsp;&nbsp;&nbsp;isGNZDA
</UL>
<BR>[Called By]<UL><LI><a href="#[30]">&gt;&gt;</a>&nbsp;&nbsp;&nbsp;USART2_IRQHandler
</UL>

<P><STRONG><a name="[30]"></a>USART2_IRQHandler</STRONG> (Thumb, 34 bytes, Stack size 8 bytes, stm32f10x_it.o(.text))
<BR><BR>[Stack]<UL><LI>Max Depth = 24<LI>Call Chain = USART2_IRQHandler &rArr; USART_GetITStatus
</UL>
<BR>[Calls]<UL><LI><a href="#[5f]">&gt;&gt;</a>&nbsp;&nbsp;&nbsp;USART_GetITStatus
<LI><a href="#[65]">&gt;&gt;</a>&nbsp;&nbsp;&nbsp;getGNZDAData
</UL>
<BR>[Address Reference Count : 1]<UL><LI> startup_stm32f10x_hd.o(RESET)
</UL>
<P><STRONG><a name="[d]"></a>RTC_IRQHandler</STRONG> (Thumb, 28 bytes, Stack size 8 bytes, stm32f10x_it.o(.text))
<BR><BR>[Stack]<UL><LI>Max Depth = 8<LI>Call Chain = RTC_IRQHandler
</UL>
<BR>[Calls]<UL><LI><a href="#[69]">&gt;&gt;</a>&nbsp;&nbsp;&nbsp;RTC_GetFlagStatus
<LI><a href="#[6a]">&gt;&gt;</a>&nbsp;&nbsp;&nbsp;RTC_ClearITPendingBit
</UL>
<BR>[Address Reference Count : 1]<UL><LI> startup_stm32f10x_hd.o(RESET)
</UL>
<P><STRONG><a name="[3b]"></a>SDIO_IRQHandler</STRONG> (Thumb, 8 bytes, Stack size 8 bytes, stm32f10x_it.o(.text))
<BR><BR>[Stack]<UL><LI>Max Depth = 64<LI>Call Chain = SDIO_IRQHandler &rArr; SD_ProcessIRQSrc &rArr; SD_StopTransfer &rArr; CmdResp1Error &rArr; SDIO_GetResponse
</UL>
<BR>[Calls]<UL><LI><a href="#[6b]">&gt;&gt;</a>&nbsp;&nbsp;&nbsp;SD_ProcessIRQSrc
</UL>
<BR>[Address Reference Count : 1]<UL><LI> startup_stm32f10x_hd.o(RESET)
</UL>
<P><STRONG><a name="[135]"></a>SysTick_Init</STRONG> (Thumb, 106 bytes, Stack size 12 bytes, sysdelay.o(.text), UNUSED)

<P><STRONG><a name="[136]"></a>Delay_us</STRONG> (Thumb, 20 bytes, Stack size 8 bytes, sysdelay.o(.text), UNUSED)

<P><STRONG><a name="[6c]"></a>quePlise</STRONG> (Thumb, 290 bytes, Stack size 64 bytes, sysdelay.o(.text))
<BR><BR>[Stack]<UL><LI>Max Depth = 88<LI>Call Chain = quePlise &rArr; getTMforRTC &rArr; localtime &rArr; _localtime
</UL>
<BR>[Calls]<UL><LI><a href="#[72]">&gt;&gt;</a>&nbsp;&nbsp;&nbsp;getTimeValuePPS
<LI><a href="#[6e]">&gt;&gt;</a>&nbsp;&nbsp;&nbsp;getTMforRTC
<LI><a href="#[70]">&gt;&gt;</a>&nbsp;&nbsp;&nbsp;__aeabi_ui2f
<LI><a href="#[6f]">&gt;&gt;</a>&nbsp;&nbsp;&nbsp;__aeabi_fdiv
<LI><a href="#[71]">&gt;&gt;</a>&nbsp;&nbsp;&nbsp;__aeabi_fadd
<LI><a href="#[6d]">&gt;&gt;</a>&nbsp;&nbsp;&nbsp;GPIO_ReadInputDataBit
<LI><a href="#[58]">&gt;&gt;</a>&nbsp;&nbsp;&nbsp;__aeabi_memcpy4
</UL>
<BR>[Called By]<UL><LI><a href="#[55]">&gt;&gt;</a>&nbsp;&nbsp;&nbsp;TimingDelay_Decrement
</UL>

<P><STRONG><a name="[55]"></a>TimingDelay_Decrement</STRONG> (Thumb, 64 bytes, Stack size 8 bytes, sysdelay.o(.text))
<BR><BR>[Stack]<UL><LI>Max Depth = 96<LI>Call Chain = TimingDelay_Decrement &rArr; quePlise &rArr; getTMforRTC &rArr; localtime &rArr; _localtime
</UL>
<BR>[Calls]<UL><LI><a href="#[71]">&gt;&gt;</a>&nbsp;&nbsp;&nbsp;__aeabi_fadd
<LI><a href="#[6c]">&gt;&gt;</a>&nbsp;&nbsp;&nbsp;quePlise
</UL>
<BR>[Called By]<UL><LI><a href="#[9]">&gt;&gt;</a>&nbsp;&nbsp;&nbsp;SysTick_Handler
</UL>

<P><STRONG><a name="[73]"></a>USART1_Config</STRONG> (Thumb, 126 bytes, Stack size 24 bytes, usrtconfig.o(.text), UNUSED)
<BR><BR>[Calls]<UL><LI><a href="#[76]">&gt;&gt;</a>&nbsp;&nbsp;&nbsp;USART_Init
<LI><a href="#[77]">&gt;&gt;</a>&nbsp;&nbsp;&nbsp;USART_ITConfig
<LI><a href="#[78]">&gt;&gt;</a>&nbsp;&nbsp;&nbsp;USART_Cmd
<LI><a href="#[74]">&gt;&gt;</a>&nbsp;&nbsp;&nbsp;RCC_APB2PeriphClockCmd
<LI><a href="#[75]">&gt;&gt;</a>&nbsp;&nbsp;&nbsp;GPIO_Init
</UL>

<P><STRONG><a name="[79]"></a>NVIC_Configuration</STRONG> (Thumb, 42 bytes, Stack size 8 bytes, usrtconfig.o(.text), UNUSED)
<BR><BR>[Calls]<UL><LI><a href="#[53]">&gt;&gt;</a>&nbsp;&nbsp;&nbsp;NVIC_PriorityGroupConfig
<LI><a href="#[54]">&gt;&gt;</a>&nbsp;&nbsp;&nbsp;NVIC_Init
</UL>

<P><STRONG><a name="[7a]"></a>USART2_Config</STRONG> (Thumb, 108 bytes, Stack size 24 bytes, usrtconfig.o(.text), UNUSED)
<BR><BR>[Calls]<UL><LI><a href="#[76]">&gt;&gt;</a>&nbsp;&nbsp;&nbsp;USART_Init
<LI><a href="#[77]">&gt;&gt;</a>&nbsp;&nbsp;&nbsp;USART_ITConfig
<LI><a href="#[78]">&gt;&gt;</a>&nbsp;&nbsp;&nbsp;USART_Cmd
<LI><a href="#[7b]">&gt;&gt;</a>&nbsp;&nbsp;&nbsp;RCC_APB1PeriphClockCmd
<LI><a href="#[74]">&gt;&gt;</a>&nbsp;&nbsp;&nbsp;RCC_APB2PeriphClockCmd
<LI><a href="#[75]">&gt;&gt;</a>&nbsp;&nbsp;&nbsp;GPIO_Init
</UL>

<P><STRONG><a name="[7c]"></a>NVIC_Configuration2</STRONG> (Thumb, 42 bytes, Stack size 8 bytes, usrtconfig.o(.text), UNUSED)
<BR><BR>[Calls]<UL><LI><a href="#[53]">&gt;&gt;</a>&nbsp;&nbsp;&nbsp;NVIC_PriorityGroupConfig
<LI><a href="#[54]">&gt;&gt;</a>&nbsp;&nbsp;&nbsp;NVIC_Init
</UL>

<P><STRONG><a name="[49]"></a>fputc</STRONG> (Thumb, 32 bytes, Stack size 16 bytes, usrtconfig.o(.text))
<BR><BR>[Stack]<UL><LI>Max Depth = 16<LI>Call Chain = fputc
</UL>
<BR>[Calls]<UL><LI><a href="#[7d]">&gt;&gt;</a>&nbsp;&nbsp;&nbsp;USART_SendData
</UL>
<BR>[Address Reference Count : 1]<UL><LI> printfa.o(i.__0printf)
</UL>
<P><STRONG><a name="[59]"></a>Time_Adjust</STRONG> (Thumb, 68 bytes, Stack size 24 bytes, rtc.o(.text))
<BR><BR>[Stack]<UL><LI>Max Depth = 48<LI>Call Chain = Time_Adjust &rArr; mktime &rArr; _localtime
</UL>
<BR>[Calls]<UL><LI><a href="#[7f]">&gt;&gt;</a>&nbsp;&nbsp;&nbsp;RTC_WaitForLastTask
<LI><a href="#[80]">&gt;&gt;</a>&nbsp;&nbsp;&nbsp;RTC_SetCounter
<LI><a href="#[7e]">&gt;&gt;</a>&nbsp;&nbsp;&nbsp;mktime
</UL>
<BR>[Called By]<UL><LI><a href="#[21]">&gt;&gt;</a>&nbsp;&nbsp;&nbsp;EXTI9_5_IRQHandler
</UL>

<P><STRONG><a name="[6e]"></a>getTMforRTC</STRONG> (Thumb, 40 bytes, Stack size 16 bytes, rtc.o(.text))
<BR><BR>[Stack]<UL><LI>Max Depth = 24<LI>Call Chain = getTMforRTC &rArr; localtime &rArr; _localtime
</UL>
<BR>[Calls]<UL><LI><a href="#[81]">&gt;&gt;</a>&nbsp;&nbsp;&nbsp;RTC_GetCounter
<LI><a href="#[58]">&gt;&gt;</a>&nbsp;&nbsp;&nbsp;__aeabi_memcpy4
<LI><a href="#[82]">&gt;&gt;</a>&nbsp;&nbsp;&nbsp;localtime
</UL>
<BR>[Called By]<UL><LI><a href="#[6c]">&gt;&gt;</a>&nbsp;&nbsp;&nbsp;quePlise
</UL>

<P><STRONG><a name="[72]"></a>getTimeValuePPS</STRONG> (Thumb, 52 bytes, Stack size 8 bytes, rtc.o(.text))
<BR><BR>[Stack]<UL><LI>Max Depth = 8<LI>Call Chain = getTimeValuePPS
</UL>
<BR>[Calls]<UL><LI><a href="#[58]">&gt;&gt;</a>&nbsp;&nbsp;&nbsp;__aeabi_memcpy4
</UL>
<BR>[Called By]<UL><LI><a href="#[6c]">&gt;&gt;</a>&nbsp;&nbsp;&nbsp;quePlise
</UL>

<P><STRONG><a name="[83]"></a>RTC_ENABLE</STRONG> (Thumb, 20 bytes, Stack size 8 bytes, rtc.o(.text), UNUSED)
<BR><BR>[Calls]<UL><LI><a href="#[7f]">&gt;&gt;</a>&nbsp;&nbsp;&nbsp;RTC_WaitForLastTask
<LI><a href="#[84]">&gt;&gt;</a>&nbsp;&nbsp;&nbsp;RTC_ITConfig
</UL>

<P><STRONG><a name="[5c]"></a>RTC_DISABLE</STRONG> (Thumb, 20 bytes, Stack size 8 bytes, rtc.o(.text))
<BR><BR>[Stack]<UL><LI>Max Depth = 8<LI>Call Chain = RTC_DISABLE
</UL>
<BR>[Calls]<UL><LI><a href="#[7f]">&gt;&gt;</a>&nbsp;&nbsp;&nbsp;RTC_WaitForLastTask
<LI><a href="#[84]">&gt;&gt;</a>&nbsp;&nbsp;&nbsp;RTC_ITConfig
</UL>
<BR>[Called By]<UL><LI><a href="#[86]">&gt;&gt;</a>&nbsp;&nbsp;&nbsp;RTC_Configuration
<LI><a href="#[21]">&gt;&gt;</a>&nbsp;&nbsp;&nbsp;EXTI9_5_IRQHandler
</UL>

<P><STRONG><a name="[137]"></a>Time_Display</STRONG> (Thumb, 2 bytes, Stack size 0 bytes, rtc.o(.text), UNUSED)

<P><STRONG><a name="[86]"></a>RTC_Configuration</STRONG> (Thumb, 92 bytes, Stack size 8 bytes, rtc.o(.text), UNUSED)
<BR><BR>[Calls]<UL><LI><a href="#[8d]">&gt;&gt;</a>&nbsp;&nbsp;&nbsp;RTC_WaitForSynchro
<LI><a href="#[7f]">&gt;&gt;</a>&nbsp;&nbsp;&nbsp;RTC_WaitForLastTask
<LI><a href="#[8e]">&gt;&gt;</a>&nbsp;&nbsp;&nbsp;RTC_SetPrescaler
<LI><a href="#[84]">&gt;&gt;</a>&nbsp;&nbsp;&nbsp;RTC_ITConfig
<LI><a href="#[8b]">&gt;&gt;</a>&nbsp;&nbsp;&nbsp;RCC_RTCCLKConfig
<LI><a href="#[8c]">&gt;&gt;</a>&nbsp;&nbsp;&nbsp;RCC_RTCCLKCmd
<LI><a href="#[89]">&gt;&gt;</a>&nbsp;&nbsp;&nbsp;RCC_LSEConfig
<LI><a href="#[8a]">&gt;&gt;</a>&nbsp;&nbsp;&nbsp;RCC_GetFlagStatus
<LI><a href="#[87]">&gt;&gt;</a>&nbsp;&nbsp;&nbsp;PWR_BackupAccessCmd
<LI><a href="#[88]">&gt;&gt;</a>&nbsp;&nbsp;&nbsp;BKP_DeInit
<LI><a href="#[85]">&gt;&gt;</a>&nbsp;&nbsp;&nbsp;NVIC_Configuration
<LI><a href="#[7b]">&gt;&gt;</a>&nbsp;&nbsp;&nbsp;RCC_APB1PeriphClockCmd
<LI><a href="#[5c]">&gt;&gt;</a>&nbsp;&nbsp;&nbsp;RTC_DISABLE
</UL>

<P><STRONG><a name="[138]"></a>Time_GetValue</STRONG> (Thumb, 66 bytes, Stack size 16 bytes, rtc.o(.text), UNUSED)

<P><STRONG><a name="[8f]"></a>CaculateTime</STRONG> (Thumb, 276 bytes, Stack size 0 bytes, rtc.o(.text))
<BR><BR>[Called By]<UL><LI><a href="#[5b]">&gt;&gt;</a>&nbsp;&nbsp;&nbsp;Time_sysValue
</UL>

<P><STRONG><a name="[5b]"></a>Time_sysValue</STRONG> (Thumb, 80 bytes, Stack size 4 bytes, rtc.o(.text))
<BR><BR>[Stack]<UL><LI>Max Depth = 4<LI>Call Chain = Time_sysValue
</UL>
<BR>[Calls]<UL><LI><a href="#[8f]">&gt;&gt;</a>&nbsp;&nbsp;&nbsp;CaculateTime
</UL>
<BR>[Called By]<UL><LI><a href="#[21]">&gt;&gt;</a>&nbsp;&nbsp;&nbsp;EXTI9_5_IRQHandler
</UL>

<P><STRONG><a name="[90]"></a>SD_LowLevel_DeInit</STRONG> (Thumb, 66 bytes, Stack size 8 bytes, stm32_eval.o(.text), UNUSED)
<BR><BR>[Calls]<UL><LI><a href="#[92]">&gt;&gt;</a>&nbsp;&nbsp;&nbsp;SDIO_SetPowerState
<LI><a href="#[93]">&gt;&gt;</a>&nbsp;&nbsp;&nbsp;SDIO_DeInit
<LI><a href="#[91]">&gt;&gt;</a>&nbsp;&nbsp;&nbsp;SDIO_ClockCmd
<LI><a href="#[94]">&gt;&gt;</a>&nbsp;&nbsp;&nbsp;RCC_AHBPeriphClockCmd
<LI><a href="#[75]">&gt;&gt;</a>&nbsp;&nbsp;&nbsp;GPIO_Init
</UL>
<BR>[Called By]<UL><LI><a href="#[9d]">&gt;&gt;</a>&nbsp;&nbsp;&nbsp;SD_DeInit
</UL>

<P><STRONG><a name="[95]"></a>SD_LowLevel_Init</STRONG> (Thumb, 92 bytes, Stack size 8 bytes, stm32_eval.o(.text))
<BR><BR>[Stack]<UL><LI>Max Depth = 32<LI>Call Chain = SD_LowLevel_Init &rArr; GPIO_Init
</UL>
<BR>[Calls]<UL><LI><a href="#[94]">&gt;&gt;</a>&nbsp;&nbsp;&nbsp;RCC_AHBPeriphClockCmd
<LI><a href="#[74]">&gt;&gt;</a>&nbsp;&nbsp;&nbsp;RCC_APB2PeriphClockCmd
<LI><a href="#[75]">&gt;&gt;</a>&nbsp;&nbsp;&nbsp;GPIO_Init
</UL>
<BR>[Called By]<UL><LI><a href="#[b3]">&gt;&gt;</a>&nbsp;&nbsp;&nbsp;SD_Init
</UL>

<P><STRONG><a name="[96]"></a>SD_LowLevel_DMA_TxConfig</STRONG> (Thumb, 86 bytes, Stack size 56 bytes, stm32_eval.o(.text))
<BR><BR>[Stack]<UL><LI>Max Depth = 64<LI>Call Chain = SD_LowLevel_DMA_TxConfig &rArr; DMA_Init
</UL>
<BR>[Calls]<UL><LI><a href="#[99]">&gt;&gt;</a>&nbsp;&nbsp;&nbsp;DMA_Init
<LI><a href="#[98]">&gt;&gt;</a>&nbsp;&nbsp;&nbsp;DMA_Cmd
<LI><a href="#[97]">&gt;&gt;</a>&nbsp;&nbsp;&nbsp;DMA_ClearFlag
</UL>
<BR>[Called By]<UL><LI><a href="#[c3]">&gt;&gt;</a>&nbsp;&nbsp;&nbsp;SD_WriteMultiBlocks
<LI><a href="#[c1]">&gt;&gt;</a>&nbsp;&nbsp;&nbsp;SD_WriteBlock
</UL>

<P><STRONG><a name="[9a]"></a>SD_LowLevel_DMA_RxConfig</STRONG> (Thumb, 86 bytes, Stack size 56 bytes, stm32_eval.o(.text))
<BR><BR>[Stack]<UL><LI>Max Depth = 64<LI>Call Chain = SD_LowLevel_DMA_RxConfig &rArr; DMA_Init
</UL>
<BR>[Calls]<UL><LI><a href="#[99]">&gt;&gt;</a>&nbsp;&nbsp;&nbsp;DMA_Init
<LI><a href="#[98]">&gt;&gt;</a>&nbsp;&nbsp;&nbsp;DMA_Cmd
<LI><a href="#[97]">&gt;&gt;</a>&nbsp;&nbsp;&nbsp;DMA_ClearFlag
</UL>
<BR>[Called By]<UL><LI><a href="#[bf]">&gt;&gt;</a>&nbsp;&nbsp;&nbsp;SD_ReadMultiBlocks
<LI><a href="#[bb]">&gt;&gt;</a>&nbsp;&nbsp;&nbsp;SD_ReadBlock
</UL>

<P><STRONG><a name="[9b]"></a>SD_DMAEndOfTransferStatus</STRONG> (Thumb, 10 bytes, Stack size 8 bytes, stm32_eval.o(.text))
<BR><BR>[Stack]<UL><LI>Max Depth = 8<LI>Call Chain = SD_DMAEndOfTransferStatus
</UL>
<BR>[Calls]<UL><LI><a href="#[9c]">&gt;&gt;</a>&nbsp;&nbsp;&nbsp;DMA_GetFlagStatus
</UL>
<BR>[Called By]<UL><LI><a href="#[c3]">&gt;&gt;</a>&nbsp;&nbsp;&nbsp;SD_WriteMultiBlocks
<LI><a href="#[c1]">&gt;&gt;</a>&nbsp;&nbsp;&nbsp;SD_WriteBlock
<LI><a href="#[bf]">&gt;&gt;</a>&nbsp;&nbsp;&nbsp;SD_ReadMultiBlocks
<LI><a href="#[bb]">&gt;&gt;</a>&nbsp;&nbsp;&nbsp;SD_ReadBlock
</UL>

<P><STRONG><a name="[9d]"></a>SD_DeInit</STRONG> (Thumb, 8 bytes, Stack size 8 bytes, stm32_eval_sdio_sd.o(.text), UNUSED)
<BR><BR>[Calls]<UL><LI><a href="#[90]">&gt;&gt;</a>&nbsp;&nbsp;&nbsp;SD_LowLevel_DeInit
</UL>

<P><STRONG><a name="[b5]"></a>SD_SetDeviceMode</STRONG> (Thumb, 24 bytes, Stack size 0 bytes, stm32_eval_sdio_sd.o(.text))
<BR><BR>[Called By]<UL><LI><a href="#[b3]">&gt;&gt;</a>&nbsp;&nbsp;&nbsp;SD_Init
</UL>

<P><STRONG><a name="[a8]"></a>SD_EnableWideBusOperation</STRONG> (Thumb, 176 bytes, Stack size 16 bytes, stm32_eval_sdio_sd.o(.text))
<BR><BR>[Stack]<UL><LI>Max Depth = 104<LI>Call Chain = SD_EnableWideBusOperation &rArr; SDEnWideBus &rArr; FindSCR &rArr; CmdResp1Error &rArr; SDIO_GetResponse
</UL>
<BR>[Calls]<UL><LI><a href="#[a9]">&gt;&gt;</a>&nbsp;&nbsp;&nbsp;SDIO_Init
<LI><a href="#[a7]">&gt;&gt;</a>&nbsp;&nbsp;&nbsp;SDEnWideBus
</UL>
<BR>[Called By]<UL><LI><a href="#[b3]">&gt;&gt;</a>&nbsp;&nbsp;&nbsp;SD_Init
</UL>

<P><STRONG><a name="[aa]"></a>SD_SelectDeselect</STRONG> (Thumb, 48 bytes, Stack size 16 bytes, stm32_eval_sdio_sd.o(.text))
<BR><BR>[Stack]<UL><LI>Max Depth = 48<LI>Call Chain = SD_SelectDeselect &rArr; CmdResp1Error &rArr; SDIO_GetResponse
</UL>
<BR>[Calls]<UL><LI><a href="#[a3]">&gt;&gt;</a>&nbsp;&nbsp;&nbsp;SDIO_SendCommand
<LI><a href="#[9e]">&gt;&gt;</a>&nbsp;&nbsp;&nbsp;CmdResp1Error
</UL>
<BR>[Called By]<UL><LI><a href="#[b3]">&gt;&gt;</a>&nbsp;&nbsp;&nbsp;SD_Init
</UL>

<P><STRONG><a name="[b4]"></a>SD_GetCardInfo</STRONG> (Thumb, 700 bytes, Stack size 12 bytes, stm32_eval_sdio_sd.o(.text))
<BR><BR>[Stack]<UL><LI>Max Depth = 12<LI>Call Chain = SD_GetCardInfo
</UL>
<BR>[Called By]<UL><LI><a href="#[b3]">&gt;&gt;</a>&nbsp;&nbsp;&nbsp;SD_Init
</UL>

<P><STRONG><a name="[ad]"></a>SD_InitializeCards</STRONG> (Thumb, 300 bytes, Stack size 16 bytes, stm32_eval_sdio_sd.o(.text))
<BR><BR>[Stack]<UL><LI>Max Depth = 48<LI>Call Chain = SD_InitializeCards &rArr; CmdResp6Error &rArr; SDIO_GetResponse
</UL>
<BR>[Calls]<UL><LI><a href="#[a3]">&gt;&gt;</a>&nbsp;&nbsp;&nbsp;SDIO_SendCommand
<LI><a href="#[a1]">&gt;&gt;</a>&nbsp;&nbsp;&nbsp;SDIO_GetResponse
<LI><a href="#[ae]">&gt;&gt;</a>&nbsp;&nbsp;&nbsp;SDIO_GetPowerState
<LI><a href="#[ac]">&gt;&gt;</a>&nbsp;&nbsp;&nbsp;CmdResp6Error
<LI><a href="#[ab]">&gt;&gt;</a>&nbsp;&nbsp;&nbsp;CmdResp2Error
</UL>
<BR>[Called By]<UL><LI><a href="#[b3]">&gt;&gt;</a>&nbsp;&nbsp;&nbsp;SD_Init
</UL>

<P><STRONG><a name="[b2]"></a>SD_PowerON</STRONG> (Thumb, 384 bytes, Stack size 24 bytes, stm32_eval_sdio_sd.o(.text))
<BR><BR>[Stack]<UL><LI>Max Depth = 56<LI>Call Chain = SD_PowerON &rArr; CmdResp1Error &rArr; SDIO_GetResponse
</UL>
<BR>[Calls]<UL><LI><a href="#[a3]">&gt;&gt;</a>&nbsp;&nbsp;&nbsp;SDIO_SendCommand
<LI><a href="#[a9]">&gt;&gt;</a>&nbsp;&nbsp;&nbsp;SDIO_Init
<LI><a href="#[a1]">&gt;&gt;</a>&nbsp;&nbsp;&nbsp;SDIO_GetResponse
<LI><a href="#[b1]">&gt;&gt;</a>&nbsp;&nbsp;&nbsp;CmdError
<LI><a href="#[b0]">&gt;&gt;</a>&nbsp;&nbsp;&nbsp;CmdResp7Error
<LI><a href="#[af]">&gt;&gt;</a>&nbsp;&nbsp;&nbsp;CmdResp3Error
<LI><a href="#[9e]">&gt;&gt;</a>&nbsp;&nbsp;&nbsp;CmdResp1Error
<LI><a href="#[92]">&gt;&gt;</a>&nbsp;&nbsp;&nbsp;SDIO_SetPowerState
<LI><a href="#[91]">&gt;&gt;</a>&nbsp;&nbsp;&nbsp;SDIO_ClockCmd
</UL>
<BR>[Called By]<UL><LI><a href="#[b3]">&gt;&gt;</a>&nbsp;&nbsp;&nbsp;SD_Init
</UL>

<P><STRONG><a name="[b3]"></a>SD_Init</STRONG> (Thumb, 124 bytes, Stack size 8 bytes, stm32_eval_sdio_sd.o(.text))
<BR><BR>[Stack]<UL><LI>Max Depth = 112<LI>Call Chain = SD_Init &rArr; SD_EnableWideBusOperation &rArr; SDEnWideBus &rArr; FindSCR &rArr; CmdResp1Error &rArr; SDIO_GetResponse
</UL>
<BR>[Calls]<UL><LI><a href="#[a9]">&gt;&gt;</a>&nbsp;&nbsp;&nbsp;SDIO_Init
<LI><a href="#[b2]">&gt;&gt;</a>&nbsp;&nbsp;&nbsp;SD_PowerON
<LI><a href="#[ad]">&gt;&gt;</a>&nbsp;&nbsp;&nbsp;SD_InitializeCards
<LI><a href="#[b4]">&gt;&gt;</a>&nbsp;&nbsp;&nbsp;SD_GetCardInfo
<LI><a href="#[aa]">&gt;&gt;</a>&nbsp;&nbsp;&nbsp;SD_SelectDeselect
<LI><a href="#[a8]">&gt;&gt;</a>&nbsp;&nbsp;&nbsp;SD_EnableWideBusOperation
<LI><a href="#[b5]">&gt;&gt;</a>&nbsp;&nbsp;&nbsp;SD_SetDeviceMode
<LI><a href="#[93]">&gt;&gt;</a>&nbsp;&nbsp;&nbsp;SDIO_DeInit
<LI><a href="#[95]">&gt;&gt;</a>&nbsp;&nbsp;&nbsp;SD_LowLevel_Init
</UL>
<BR>[Called By]<UL><LI><a href="#[c9]">&gt;&gt;</a>&nbsp;&nbsp;&nbsp;disk_initialize
</UL>

<P><STRONG><a name="[b6]"></a>SD_SendStatus</STRONG> (Thumb, 112 bytes, Stack size 16 bytes, stm32_eval_sdio_sd.o(.text), UNUSED)
<BR><BR>[Calls]<UL><LI><a href="#[a3]">&gt;&gt;</a>&nbsp;&nbsp;&nbsp;SDIO_SendCommand
<LI><a href="#[a1]">&gt;&gt;</a>&nbsp;&nbsp;&nbsp;SDIO_GetResponse
<LI><a href="#[9e]">&gt;&gt;</a>&nbsp;&nbsp;&nbsp;CmdResp1Error
</UL>
<BR>[Called By]<UL><LI><a href="#[b8]">&gt;&gt;</a>&nbsp;&nbsp;&nbsp;SD_GetState
</UL>

<P><STRONG><a name="[b7]"></a>SD_Detect</STRONG> (Thumb, 26 bytes, Stack size 8 bytes, stm32_eval_sdio_sd.o(.text), UNUSED)
<BR><BR>[Calls]<UL><LI><a href="#[6d]">&gt;&gt;</a>&nbsp;&nbsp;&nbsp;GPIO_ReadInputDataBit
</UL>
<BR>[Called By]<UL><LI><a href="#[b8]">&gt;&gt;</a>&nbsp;&nbsp;&nbsp;SD_GetState
</UL>

<P><STRONG><a name="[b8]"></a>SD_GetState</STRONG> (Thumb, 40 bytes, Stack size 8 bytes, stm32_eval_sdio_sd.o(.text), UNUSED)
<BR><BR>[Calls]<UL><LI><a href="#[b7]">&gt;&gt;</a>&nbsp;&nbsp;&nbsp;SD_Detect
<LI><a href="#[b6]">&gt;&gt;</a>&nbsp;&nbsp;&nbsp;SD_SendStatus
</UL>
<BR>[Called By]<UL><LI><a href="#[b9]">&gt;&gt;</a>&nbsp;&nbsp;&nbsp;SD_GetStatus
</UL>

<P><STRONG><a name="[b9]"></a>SD_GetStatus</STRONG> (Thumb, 30 bytes, Stack size 8 bytes, stm32_eval_sdio_sd.o(.text), UNUSED)
<BR><BR>[Calls]<UL><LI><a href="#[b8]">&gt;&gt;</a>&nbsp;&nbsp;&nbsp;SD_GetState
</UL>

<P><STRONG><a name="[ba]"></a>SD_PowerOFF</STRONG> (Thumb, 14 bytes, Stack size 8 bytes, stm32_eval_sdio_sd.o(.text), UNUSED)
<BR><BR>[Calls]<UL><LI><a href="#[92]">&gt;&gt;</a>&nbsp;&nbsp;&nbsp;SDIO_SetPowerState
</UL>

<P><STRONG><a name="[bb]"></a>SD_ReadBlock</STRONG> (Thumb, 592 bytes, Stack size 32 bytes, stm32_eval_sdio_sd.o(.text))
<BR><BR>[Stack]<UL><LI>Max Depth = 96<LI>Call Chain = SD_ReadBlock &rArr; SD_LowLevel_DMA_RxConfig &rArr; DMA_Init
</UL>
<BR>[Calls]<UL><LI><a href="#[a3]">&gt;&gt;</a>&nbsp;&nbsp;&nbsp;SDIO_SendCommand
<LI><a href="#[a6]">&gt;&gt;</a>&nbsp;&nbsp;&nbsp;SDIO_ReadData
<LI><a href="#[be]">&gt;&gt;</a>&nbsp;&nbsp;&nbsp;SDIO_ITConfig
<LI><a href="#[a1]">&gt;&gt;</a>&nbsp;&nbsp;&nbsp;SDIO_GetResponse
<LI><a href="#[a5]">&gt;&gt;</a>&nbsp;&nbsp;&nbsp;SDIO_GetFlagStatus
<LI><a href="#[a4]">&gt;&gt;</a>&nbsp;&nbsp;&nbsp;SDIO_DataConfig
<LI><a href="#[bc]">&gt;&gt;</a>&nbsp;&nbsp;&nbsp;SDIO_DMACmd
<LI><a href="#[9f]">&gt;&gt;</a>&nbsp;&nbsp;&nbsp;SDIO_ClearFlag
<LI><a href="#[bd]">&gt;&gt;</a>&nbsp;&nbsp;&nbsp;convert_from_bytes_to_power_of_two
<LI><a href="#[9e]">&gt;&gt;</a>&nbsp;&nbsp;&nbsp;CmdResp1Error
<LI><a href="#[9b]">&gt;&gt;</a>&nbsp;&nbsp;&nbsp;SD_DMAEndOfTransferStatus
<LI><a href="#[9a]">&gt;&gt;</a>&nbsp;&nbsp;&nbsp;SD_LowLevel_DMA_RxConfig
</UL>
<BR>[Called By]<UL><LI><a href="#[ca]">&gt;&gt;</a>&nbsp;&nbsp;&nbsp;disk_read
</UL>

<P><STRONG><a name="[bf]"></a>SD_ReadMultiBlocks</STRONG> (Thumb, 762 bytes, Stack size 40 bytes, stm32_eval_sdio_sd.o(.text))
<BR><BR>[Stack]<UL><LI>Max Depth = 104<LI>Call Chain = SD_ReadMultiBlocks &rArr; SD_LowLevel_DMA_RxConfig &rArr; DMA_Init
</UL>
<BR>[Calls]<UL><LI><a href="#[a3]">&gt;&gt;</a>&nbsp;&nbsp;&nbsp;SDIO_SendCommand
<LI><a href="#[a6]">&gt;&gt;</a>&nbsp;&nbsp;&nbsp;SDIO_ReadData
<LI><a href="#[be]">&gt;&gt;</a>&nbsp;&nbsp;&nbsp;SDIO_ITConfig
<LI><a href="#[a1]">&gt;&gt;</a>&nbsp;&nbsp;&nbsp;SDIO_GetResponse
<LI><a href="#[a5]">&gt;&gt;</a>&nbsp;&nbsp;&nbsp;SDIO_GetFlagStatus
<LI><a href="#[a4]">&gt;&gt;</a>&nbsp;&nbsp;&nbsp;SDIO_DataConfig
<LI><a href="#[bc]">&gt;&gt;</a>&nbsp;&nbsp;&nbsp;SDIO_DMACmd
<LI><a href="#[9f]">&gt;&gt;</a>&nbsp;&nbsp;&nbsp;SDIO_ClearFlag
<LI><a href="#[bd]">&gt;&gt;</a>&nbsp;&nbsp;&nbsp;convert_from_bytes_to_power_of_two
<LI><a href="#[9e]">&gt;&gt;</a>&nbsp;&nbsp;&nbsp;CmdResp1Error
<LI><a href="#[9b]">&gt;&gt;</a>&nbsp;&nbsp;&nbsp;SD_DMAEndOfTransferStatus
<LI><a href="#[9a]">&gt;&gt;</a>&nbsp;&nbsp;&nbsp;SD_LowLevel_DMA_RxConfig
</UL>
<BR>[Called By]<UL><LI><a href="#[ca]">&gt;&gt;</a>&nbsp;&nbsp;&nbsp;disk_read
</UL>

<P><STRONG><a name="[c1]"></a>SD_WriteBlock</STRONG> (Thumb, 876 bytes, Stack size 56 bytes, stm32_eval_sdio_sd.o(.text))
<BR><BR>[Stack]<UL><LI>Max Depth = 120<LI>Call Chain = SD_WriteBlock &rArr; SD_LowLevel_DMA_TxConfig &rArr; DMA_Init
</UL>
<BR>[Calls]<UL><LI><a href="#[c2]">&gt;&gt;</a>&nbsp;&nbsp;&nbsp;SDIO_WriteData
<LI><a href="#[a3]">&gt;&gt;</a>&nbsp;&nbsp;&nbsp;SDIO_SendCommand
<LI><a href="#[be]">&gt;&gt;</a>&nbsp;&nbsp;&nbsp;SDIO_ITConfig
<LI><a href="#[a1]">&gt;&gt;</a>&nbsp;&nbsp;&nbsp;SDIO_GetResponse
<LI><a href="#[a5]">&gt;&gt;</a>&nbsp;&nbsp;&nbsp;SDIO_GetFlagStatus
<LI><a href="#[a4]">&gt;&gt;</a>&nbsp;&nbsp;&nbsp;SDIO_DataConfig
<LI><a href="#[bc]">&gt;&gt;</a>&nbsp;&nbsp;&nbsp;SDIO_DMACmd
<LI><a href="#[9f]">&gt;&gt;</a>&nbsp;&nbsp;&nbsp;SDIO_ClearFlag
<LI><a href="#[c0]">&gt;&gt;</a>&nbsp;&nbsp;&nbsp;IsCardProgramming
<LI><a href="#[bd]">&gt;&gt;</a>&nbsp;&nbsp;&nbsp;convert_from_bytes_to_power_of_two
<LI><a href="#[9e]">&gt;&gt;</a>&nbsp;&nbsp;&nbsp;CmdResp1Error
<LI><a href="#[9b]">&gt;&gt;</a>&nbsp;&nbsp;&nbsp;SD_DMAEndOfTransferStatus
<LI><a href="#[96]">&gt;&gt;</a>&nbsp;&nbsp;&nbsp;SD_LowLevel_DMA_TxConfig
</UL>
<BR>[Called By]<UL><LI><a href="#[cb]">&gt;&gt;</a>&nbsp;&nbsp;&nbsp;disk_write
</UL>

<P><STRONG><a name="[c3]"></a>SD_WriteMultiBlocks</STRONG> (Thumb, 1040 bytes, Stack size 48 bytes, stm32_eval_sdio_sd.o(.text))
<BR><BR>[Stack]<UL><LI>Max Depth = 112<LI>Call Chain = SD_WriteMultiBlocks &rArr; SD_LowLevel_DMA_TxConfig &rArr; DMA_Init
</UL>
<BR>[Calls]<UL><LI><a href="#[c2]">&gt;&gt;</a>&nbsp;&nbsp;&nbsp;SDIO_WriteData
<LI><a href="#[a3]">&gt;&gt;</a>&nbsp;&nbsp;&nbsp;SDIO_SendCommand
<LI><a href="#[be]">&gt;&gt;</a>&nbsp;&nbsp;&nbsp;SDIO_ITConfig
<LI><a href="#[a1]">&gt;&gt;</a>&nbsp;&nbsp;&nbsp;SDIO_GetResponse
<LI><a href="#[a5]">&gt;&gt;</a>&nbsp;&nbsp;&nbsp;SDIO_GetFlagStatus
<LI><a href="#[a4]">&gt;&gt;</a>&nbsp;&nbsp;&nbsp;SDIO_DataConfig
<LI><a href="#[bc]">&gt;&gt;</a>&nbsp;&nbsp;&nbsp;SDIO_DMACmd
<LI><a href="#[9f]">&gt;&gt;</a>&nbsp;&nbsp;&nbsp;SDIO_ClearFlag
<LI><a href="#[c0]">&gt;&gt;</a>&nbsp;&nbsp;&nbsp;IsCardProgramming
<LI><a href="#[bd]">&gt;&gt;</a>&nbsp;&nbsp;&nbsp;convert_from_bytes_to_power_of_two
<LI><a href="#[9e]">&gt;&gt;</a>&nbsp;&nbsp;&nbsp;CmdResp1Error
<LI><a href="#[9b]">&gt;&gt;</a>&nbsp;&nbsp;&nbsp;SD_DMAEndOfTransferStatus
<LI><a href="#[96]">&gt;&gt;</a>&nbsp;&nbsp;&nbsp;SD_LowLevel_DMA_TxConfig
</UL>
<BR>[Called By]<UL><LI><a href="#[cb]">&gt;&gt;</a>&nbsp;&nbsp;&nbsp;disk_write
</UL>

<P><STRONG><a name="[139]"></a>SD_GetTransferState</STRONG> (Thumb, 18 bytes, Stack size 0 bytes, stm32_eval_sdio_sd.o(.text), UNUSED)

<P><STRONG><a name="[c4]"></a>SD_StopTransfer</STRONG> (Thumb, 46 bytes, Stack size 8 bytes, stm32_eval_sdio_sd.o(.text))
<BR><BR>[Stack]<UL><LI>Max Depth = 40<LI>Call Chain = SD_StopTransfer &rArr; CmdResp1Error &rArr; SDIO_GetResponse
</UL>
<BR>[Calls]<UL><LI><a href="#[a3]">&gt;&gt;</a>&nbsp;&nbsp;&nbsp;SDIO_SendCommand
<LI><a href="#[9e]">&gt;&gt;</a>&nbsp;&nbsp;&nbsp;CmdResp1Error
</UL>
<BR>[Called By]<UL><LI><a href="#[6b]">&gt;&gt;</a>&nbsp;&nbsp;&nbsp;SD_ProcessIRQSrc
</UL>

<P><STRONG><a name="[c5]"></a>SD_Erase</STRONG> (Thumb, 298 bytes, Stack size 32 bytes, stm32_eval_sdio_sd.o(.text), UNUSED)
<BR><BR>[Calls]<UL><LI><a href="#[a3]">&gt;&gt;</a>&nbsp;&nbsp;&nbsp;SDIO_SendCommand
<LI><a href="#[a1]">&gt;&gt;</a>&nbsp;&nbsp;&nbsp;SDIO_GetResponse
<LI><a href="#[c0]">&gt;&gt;</a>&nbsp;&nbsp;&nbsp;IsCardProgramming
<LI><a href="#[9e]">&gt;&gt;</a>&nbsp;&nbsp;&nbsp;CmdResp1Error
</UL>

<P><STRONG><a name="[c6]"></a>SD_SendSDStatus</STRONG> (Thumb, 476 bytes, Stack size 16 bytes, stm32_eval_sdio_sd.o(.text), UNUSED)
<BR><BR>[Calls]<UL><LI><a href="#[a3]">&gt;&gt;</a>&nbsp;&nbsp;&nbsp;SDIO_SendCommand
<LI><a href="#[a6]">&gt;&gt;</a>&nbsp;&nbsp;&nbsp;SDIO_ReadData
<LI><a href="#[a1]">&gt;&gt;</a>&nbsp;&nbsp;&nbsp;SDIO_GetResponse
<LI><a href="#[a5]">&gt;&gt;</a>&nbsp;&nbsp;&nbsp;SDIO_GetFlagStatus
<LI><a href="#[a4]">&gt;&gt;</a>&nbsp;&nbsp;&nbsp;SDIO_DataConfig
<LI><a href="#[9f]">&gt;&gt;</a>&nbsp;&nbsp;&nbsp;SDIO_ClearFlag
<LI><a href="#[9e]">&gt;&gt;</a>&nbsp;&nbsp;&nbsp;CmdResp1Error
</UL>

<P><STRONG><a name="[6b]"></a>SD_ProcessIRQSrc</STRONG> (Thumb, 552 bytes, Stack size 16 bytes, stm32_eval_sdio_sd.o(.text))
<BR><BR>[Stack]<UL><LI>Max Depth = 56<LI>Call Chain = SD_ProcessIRQSrc &rArr; SD_StopTransfer &rArr; CmdResp1Error &rArr; SDIO_GetResponse
</UL>
<BR>[Calls]<UL><LI><a href="#[c2]">&gt;&gt;</a>&nbsp;&nbsp;&nbsp;SDIO_WriteData
<LI><a href="#[a6]">&gt;&gt;</a>&nbsp;&nbsp;&nbsp;SDIO_ReadData
<LI><a href="#[be]">&gt;&gt;</a>&nbsp;&nbsp;&nbsp;SDIO_ITConfig
<LI><a href="#[c7]">&gt;&gt;</a>&nbsp;&nbsp;&nbsp;SDIO_GetITStatus
<LI><a href="#[a5]">&gt;&gt;</a>&nbsp;&nbsp;&nbsp;SDIO_GetFlagStatus
<LI><a href="#[c8]">&gt;&gt;</a>&nbsp;&nbsp;&nbsp;SDIO_ClearITPendingBit
<LI><a href="#[c4]">&gt;&gt;</a>&nbsp;&nbsp;&nbsp;SD_StopTransfer
</UL>
<BR>[Called By]<UL><LI><a href="#[3b]">&gt;&gt;</a>&nbsp;&nbsp;&nbsp;SDIO_IRQHandler
</UL>

<P><STRONG><a name="[c9]"></a>disk_initialize</STRONG> (Thumb, 20 bytes, Stack size 8 bytes, diskio.o(.text))
<BR><BR>[Stack]<UL><LI>Max Depth = 120<LI>Call Chain = disk_initialize &rArr; SD_Init &rArr; SD_EnableWideBusOperation &rArr; SDEnWideBus &rArr; FindSCR &rArr; CmdResp1Error &rArr; SDIO_GetResponse
</UL>
<BR>[Calls]<UL><LI><a href="#[b3]">&gt;&gt;</a>&nbsp;&nbsp;&nbsp;SD_Init
</UL>
<BR>[Called By]<UL><LI><a href="#[e1]">&gt;&gt;</a>&nbsp;&nbsp;&nbsp;chk_mounted
</UL>

<P><STRONG><a name="[e2]"></a>disk_status</STRONG> (Thumb, 12 bytes, Stack size 0 bytes, diskio.o(.text))
<BR><BR>[Called By]<UL><LI><a href="#[e1]">&gt;&gt;</a>&nbsp;&nbsp;&nbsp;chk_mounted
<LI><a href="#[e3]">&gt;&gt;</a>&nbsp;&nbsp;&nbsp;validate
</UL>

<P><STRONG><a name="[ca]"></a>disk_read</STRONG> (Thumb, 74 bytes, Stack size 24 bytes, diskio.o(.text))
<BR><BR>[Stack]<UL><LI>Max Depth = 128<LI>Call Chain = disk_read &rArr; SD_ReadMultiBlocks &rArr; SD_LowLevel_DMA_RxConfig &rArr; DMA_Init
</UL>
<BR>[Calls]<UL><LI><a href="#[bf]">&gt;&gt;</a>&nbsp;&nbsp;&nbsp;SD_ReadMultiBlocks
<LI><a href="#[bb]">&gt;&gt;</a>&nbsp;&nbsp;&nbsp;SD_ReadBlock
</UL>
<BR>[Called By]<UL><LI><a href="#[e7]">&gt;&gt;</a>&nbsp;&nbsp;&nbsp;f_lseek
<LI><a href="#[e5]">&gt;&gt;</a>&nbsp;&nbsp;&nbsp;f_read
<LI><a href="#[e1]">&gt;&gt;</a>&nbsp;&nbsp;&nbsp;chk_mounted
<LI><a href="#[e0]">&gt;&gt;</a>&nbsp;&nbsp;&nbsp;check_fs
<LI><a href="#[cc]">&gt;&gt;</a>&nbsp;&nbsp;&nbsp;move_window
<LI><a href="#[50]">&gt;&gt;</a>&nbsp;&nbsp;&nbsp;f_write
</UL>

<P><STRONG><a name="[cb]"></a>disk_write</STRONG> (Thumb, 74 bytes, Stack size 24 bytes, diskio.o(.text))
<BR><BR>[Stack]<UL><LI>Max Depth = 144<LI>Call Chain = disk_write &rArr; SD_WriteBlock &rArr; SD_LowLevel_DMA_TxConfig &rArr; DMA_Init
</UL>
<BR>[Calls]<UL><LI><a href="#[c3]">&gt;&gt;</a>&nbsp;&nbsp;&nbsp;SD_WriteMultiBlocks
<LI><a href="#[c1]">&gt;&gt;</a>&nbsp;&nbsp;&nbsp;SD_WriteBlock
</UL>
<BR>[Called By]<UL><LI><a href="#[e7]">&gt;&gt;</a>&nbsp;&nbsp;&nbsp;f_lseek
<LI><a href="#[e6]">&gt;&gt;</a>&nbsp;&nbsp;&nbsp;f_sync
<LI><a href="#[e5]">&gt;&gt;</a>&nbsp;&nbsp;&nbsp;f_read
<LI><a href="#[cd]">&gt;&gt;</a>&nbsp;&nbsp;&nbsp;sync
<LI><a href="#[cc]">&gt;&gt;</a>&nbsp;&nbsp;&nbsp;move_window
<LI><a href="#[50]">&gt;&gt;</a>&nbsp;&nbsp;&nbsp;f_write
</UL>

<P><STRONG><a name="[cf]"></a>disk_ioctl</STRONG> (Thumb, 6 bytes, Stack size 0 bytes, diskio.o(.text))
<BR><BR>[Called By]<UL><LI><a href="#[cd]">&gt;&gt;</a>&nbsp;&nbsp;&nbsp;sync
</UL>

<P><STRONG><a name="[e4]"></a>get_fattime</STRONG> (Thumb, 4 bytes, Stack size 0 bytes, diskio.o(.text))
<BR><BR>[Called By]<UL><LI><a href="#[ef]">&gt;&gt;</a>&nbsp;&nbsp;&nbsp;f_mkdir
<LI><a href="#[e6]">&gt;&gt;</a>&nbsp;&nbsp;&nbsp;f_sync
<LI><a href="#[4f]">&gt;&gt;</a>&nbsp;&nbsp;&nbsp;f_open
</UL>

<P><STRONG><a name="[d0]"></a>get_fat</STRONG> (Thumb, 274 bytes, Stack size 24 bytes, ff.o(.text))
<BR><BR>[Stack]<UL><LI>Max Depth = 192<LI>Call Chain = get_fat &rArr; move_window &rArr; disk_write &rArr; SD_WriteBlock &rArr; SD_LowLevel_DMA_TxConfig &rArr; DMA_Init
</UL>
<BR>[Calls]<UL><LI><a href="#[cc]">&gt;&gt;</a>&nbsp;&nbsp;&nbsp;move_window
</UL>
<BR>[Called By]<UL><LI><a href="#[ed]">&gt;&gt;</a>&nbsp;&nbsp;&nbsp;f_truncate
<LI><a href="#[ec]">&gt;&gt;</a>&nbsp;&nbsp;&nbsp;f_getfree
<LI><a href="#[e7]">&gt;&gt;</a>&nbsp;&nbsp;&nbsp;f_lseek
<LI><a href="#[e5]">&gt;&gt;</a>&nbsp;&nbsp;&nbsp;f_read
<LI><a href="#[d6]">&gt;&gt;</a>&nbsp;&nbsp;&nbsp;dir_next
<LI><a href="#[d4]">&gt;&gt;</a>&nbsp;&nbsp;&nbsp;dir_seek
<LI><a href="#[d3]">&gt;&gt;</a>&nbsp;&nbsp;&nbsp;create_chain
<LI><a href="#[d2]">&gt;&gt;</a>&nbsp;&nbsp;&nbsp;remove_chain
</UL>

<P><STRONG><a name="[d1]"></a>put_fat</STRONG> (Thumb, 326 bytes, Stack size 32 bytes, ff.o(.text))
<BR><BR>[Stack]<UL><LI>Max Depth = 200<LI>Call Chain = put_fat &rArr; move_window &rArr; disk_write &rArr; SD_WriteBlock &rArr; SD_LowLevel_DMA_TxConfig &rArr; DMA_Init
</UL>
<BR>[Calls]<UL><LI><a href="#[cc]">&gt;&gt;</a>&nbsp;&nbsp;&nbsp;move_window
</UL>
<BR>[Called By]<UL><LI><a href="#[ed]">&gt;&gt;</a>&nbsp;&nbsp;&nbsp;f_truncate
<LI><a href="#[d3]">&gt;&gt;</a>&nbsp;&nbsp;&nbsp;create_chain
<LI><a href="#[d2]">&gt;&gt;</a>&nbsp;&nbsp;&nbsp;remove_chain
</UL>

<P><STRONG><a name="[d5]"></a>clust2sect</STRONG> (Thumb, 26 bytes, Stack size 0 bytes, ff.o(.text))
<BR><BR>[Called By]<UL><LI><a href="#[f2]">&gt;&gt;</a>&nbsp;&nbsp;&nbsp;f_rename
<LI><a href="#[ef]">&gt;&gt;</a>&nbsp;&nbsp;&nbsp;f_mkdir
<LI><a href="#[e7]">&gt;&gt;</a>&nbsp;&nbsp;&nbsp;f_lseek
<LI><a href="#[e5]">&gt;&gt;</a>&nbsp;&nbsp;&nbsp;f_read
<LI><a href="#[d6]">&gt;&gt;</a>&nbsp;&nbsp;&nbsp;dir_next
<LI><a href="#[d4]">&gt;&gt;</a>&nbsp;&nbsp;&nbsp;dir_seek
<LI><a href="#[50]">&gt;&gt;</a>&nbsp;&nbsp;&nbsp;f_write
</UL>

<P><STRONG><a name="[e1]"></a>chk_mounted</STRONG> (Thumb, 748 bytes, Stack size 56 bytes, ff.o(.text))
<BR><BR>[Stack]<UL><LI>Max Depth = 200<LI>Call Chain = chk_mounted &rArr; check_fs &rArr; disk_read &rArr; SD_ReadMultiBlocks &rArr; SD_LowLevel_DMA_RxConfig &rArr; DMA_Init
</UL>
<BR>[Calls]<UL><LI><a href="#[e0]">&gt;&gt;</a>&nbsp;&nbsp;&nbsp;check_fs
<LI><a href="#[ca]">&gt;&gt;</a>&nbsp;&nbsp;&nbsp;disk_read
<LI><a href="#[e2]">&gt;&gt;</a>&nbsp;&nbsp;&nbsp;disk_status
<LI><a href="#[c9]">&gt;&gt;</a>&nbsp;&nbsp;&nbsp;disk_initialize
</UL>
<BR>[Called By]<UL><LI><a href="#[f2]">&gt;&gt;</a>&nbsp;&nbsp;&nbsp;f_rename
<LI><a href="#[f1]">&gt;&gt;</a>&nbsp;&nbsp;&nbsp;f_utime
<LI><a href="#[f0]">&gt;&gt;</a>&nbsp;&nbsp;&nbsp;f_chmod
<LI><a href="#[ef]">&gt;&gt;</a>&nbsp;&nbsp;&nbsp;f_mkdir
<LI><a href="#[ee]">&gt;&gt;</a>&nbsp;&nbsp;&nbsp;f_unlink
<LI><a href="#[ec]">&gt;&gt;</a>&nbsp;&nbsp;&nbsp;f_getfree
<LI><a href="#[eb]">&gt;&gt;</a>&nbsp;&nbsp;&nbsp;f_stat
<LI><a href="#[e8]">&gt;&gt;</a>&nbsp;&nbsp;&nbsp;f_opendir
<LI><a href="#[4f]">&gt;&gt;</a>&nbsp;&nbsp;&nbsp;f_open
</UL>

<P><STRONG><a name="[4e]"></a>f_mount</STRONG> (Thumb, 38 bytes, Stack size 0 bytes, ff.o(.text))
<BR><BR>[Called By]<UL><LI><a href="#[4c]">&gt;&gt;</a>&nbsp;&nbsp;&nbsp;OutPutFile
</UL>

<P><STRONG><a name="[4f]"></a>f_open</STRONG> (Thumb, 396 bytes, Stack size 80 bytes, ff.o(.text))
<BR><BR>[Stack]<UL><LI>Max Depth = 392<LI>Call Chain = f_open &rArr; follow_path &rArr; dir_find &rArr; dir_next &rArr; create_chain &rArr; put_fat &rArr; move_window &rArr; disk_write &rArr; SD_WriteBlock &rArr; SD_LowLevel_DMA_TxConfig &rArr; DMA_Init
</UL>
<BR>[Calls]<UL><LI><a href="#[e1]">&gt;&gt;</a>&nbsp;&nbsp;&nbsp;chk_mounted
<LI><a href="#[df]">&gt;&gt;</a>&nbsp;&nbsp;&nbsp;follow_path
<LI><a href="#[da]">&gt;&gt;</a>&nbsp;&nbsp;&nbsp;dir_register
<LI><a href="#[d2]">&gt;&gt;</a>&nbsp;&nbsp;&nbsp;remove_chain
<LI><a href="#[cc]">&gt;&gt;</a>&nbsp;&nbsp;&nbsp;move_window
<LI><a href="#[e4]">&gt;&gt;</a>&nbsp;&nbsp;&nbsp;get_fattime
</UL>
<BR>[Called By]<UL><LI><a href="#[4c]">&gt;&gt;</a>&nbsp;&nbsp;&nbsp;OutPutFile
</UL>

<P><STRONG><a name="[e5]"></a>f_read</STRONG> (Thumb, 482 bytes, Stack size 64 bytes, ff.o(.text), UNUSED)
<BR><BR>[Calls]<UL><LI><a href="#[d5]">&gt;&gt;</a>&nbsp;&nbsp;&nbsp;clust2sect
<LI><a href="#[d0]">&gt;&gt;</a>&nbsp;&nbsp;&nbsp;get_fat
<LI><a href="#[e3]">&gt;&gt;</a>&nbsp;&nbsp;&nbsp;validate
<LI><a href="#[db]">&gt;&gt;</a>&nbsp;&nbsp;&nbsp;mem_cpy
<LI><a href="#[cb]">&gt;&gt;</a>&nbsp;&nbsp;&nbsp;disk_write
<LI><a href="#[ca]">&gt;&gt;</a>&nbsp;&nbsp;&nbsp;disk_read
</UL>

<P><STRONG><a name="[50]"></a>f_write</STRONG> (Thumb, 528 bytes, Stack size 56 bytes, ff.o(.text))
<BR><BR>[Stack]<UL><LI>Max Depth = 288<LI>Call Chain = f_write &rArr; create_chain &rArr; put_fat &rArr; move_window &rArr; disk_write &rArr; SD_WriteBlock &rArr; SD_LowLevel_DMA_TxConfig &rArr; DMA_Init
</UL>
<BR>[Calls]<UL><LI><a href="#[d5]">&gt;&gt;</a>&nbsp;&nbsp;&nbsp;clust2sect
<LI><a href="#[e3]">&gt;&gt;</a>&nbsp;&nbsp;&nbsp;validate
<LI><a href="#[d3]">&gt;&gt;</a>&nbsp;&nbsp;&nbsp;create_chain
<LI><a href="#[db]">&gt;&gt;</a>&nbsp;&nbsp;&nbsp;mem_cpy
<LI><a href="#[cb]">&gt;&gt;</a>&nbsp;&nbsp;&nbsp;disk_write
<LI><a href="#[ca]">&gt;&gt;</a>&nbsp;&nbsp;&nbsp;disk_read
</UL>
<BR>[Called By]<UL><LI><a href="#[4c]">&gt;&gt;</a>&nbsp;&nbsp;&nbsp;OutPutFile
</UL>

<P><STRONG><a name="[e6]"></a>f_sync</STRONG> (Thumb, 184 bytes, Stack size 24 bytes, ff.o(.text))
<BR><BR>[Stack]<UL><LI>Max Depth = 208<LI>Call Chain = f_sync &rArr; sync &rArr; move_window &rArr; disk_write &rArr; SD_WriteBlock &rArr; SD_LowLevel_DMA_TxConfig &rArr; DMA_Init
</UL>
<BR>[Calls]<UL><LI><a href="#[e3]">&gt;&gt;</a>&nbsp;&nbsp;&nbsp;validate
<LI><a href="#[cd]">&gt;&gt;</a>&nbsp;&nbsp;&nbsp;sync
<LI><a href="#[cc]">&gt;&gt;</a>&nbsp;&nbsp;&nbsp;move_window
<LI><a href="#[e4]">&gt;&gt;</a>&nbsp;&nbsp;&nbsp;get_fattime
<LI><a href="#[cb]">&gt;&gt;</a>&nbsp;&nbsp;&nbsp;disk_write
</UL>
<BR>[Called By]<UL><LI><a href="#[51]">&gt;&gt;</a>&nbsp;&nbsp;&nbsp;f_close
</UL>

<P><STRONG><a name="[51]"></a>f_close</STRONG> (Thumb, 22 bytes, Stack size 16 bytes, ff.o(.text))
<BR><BR>[Stack]<UL><LI>Max Depth = 224<LI>Call Chain = f_close &rArr; f_sync &rArr; sync &rArr; move_window &rArr; disk_write &rArr; SD_WriteBlock &rArr; SD_LowLevel_DMA_TxConfig &rArr; DMA_Init
</UL>
<BR>[Calls]<UL><LI><a href="#[e6]">&gt;&gt;</a>&nbsp;&nbsp;&nbsp;f_sync
</UL>
<BR>[Called By]<UL><LI><a href="#[4c]">&gt;&gt;</a>&nbsp;&nbsp;&nbsp;OutPutFile
</UL>

<P><STRONG><a name="[e7]"></a>f_lseek</STRONG> (Thumb, 448 bytes, Stack size 32 bytes, ff.o(.text), UNUSED)
<BR><BR>[Calls]<UL><LI><a href="#[d5]">&gt;&gt;</a>&nbsp;&nbsp;&nbsp;clust2sect
<LI><a href="#[d0]">&gt;&gt;</a>&nbsp;&nbsp;&nbsp;get_fat
<LI><a href="#[e3]">&gt;&gt;</a>&nbsp;&nbsp;&nbsp;validate
<LI><a href="#[d3]">&gt;&gt;</a>&nbsp;&nbsp;&nbsp;create_chain
<LI><a href="#[cb]">&gt;&gt;</a>&nbsp;&nbsp;&nbsp;disk_write
<LI><a href="#[ca]">&gt;&gt;</a>&nbsp;&nbsp;&nbsp;disk_read
</UL>

<P><STRONG><a name="[e8]"></a>f_opendir</STRONG> (Thumb, 104 bytes, Stack size 40 bytes, ff.o(.text), UNUSED)
<BR><BR>[Calls]<UL><LI><a href="#[e1]">&gt;&gt;</a>&nbsp;&nbsp;&nbsp;chk_mounted
<LI><a href="#[df]">&gt;&gt;</a>&nbsp;&nbsp;&nbsp;follow_path
<LI><a href="#[d4]">&gt;&gt;</a>&nbsp;&nbsp;&nbsp;dir_seek
</UL>

<P><STRONG><a name="[e9]"></a>f_readdir</STRONG> (Thumb, 88 bytes, Stack size 32 bytes, ff.o(.text), UNUSED)
<BR><BR>[Calls]<UL><LI><a href="#[e3]">&gt;&gt;</a>&nbsp;&nbsp;&nbsp;validate
<LI><a href="#[ea]">&gt;&gt;</a>&nbsp;&nbsp;&nbsp;get_fileinfo
<LI><a href="#[d9]">&gt;&gt;</a>&nbsp;&nbsp;&nbsp;dir_read
<LI><a href="#[d6]">&gt;&gt;</a>&nbsp;&nbsp;&nbsp;dir_next
<LI><a href="#[d4]">&gt;&gt;</a>&nbsp;&nbsp;&nbsp;dir_seek
</UL>

<P><STRONG><a name="[eb]"></a>f_stat</STRONG> (Thumb, 58 bytes, Stack size 64 bytes, ff.o(.text), UNUSED)
<BR><BR>[Calls]<UL><LI><a href="#[e1]">&gt;&gt;</a>&nbsp;&nbsp;&nbsp;chk_mounted
<LI><a href="#[df]">&gt;&gt;</a>&nbsp;&nbsp;&nbsp;follow_path
<LI><a href="#[ea]">&gt;&gt;</a>&nbsp;&nbsp;&nbsp;get_fileinfo
</UL>

<P><STRONG><a name="[ec]"></a>f_getfree</STRONG> (Thumb, 276 bytes, Stack size 56 bytes, ff.o(.text), UNUSED)
<BR><BR>[Calls]<UL><LI><a href="#[e1]">&gt;&gt;</a>&nbsp;&nbsp;&nbsp;chk_mounted
<LI><a href="#[d0]">&gt;&gt;</a>&nbsp;&nbsp;&nbsp;get_fat
<LI><a href="#[cc]">&gt;&gt;</a>&nbsp;&nbsp;&nbsp;move_window
</UL>

<P><STRONG><a name="[ed]"></a>f_truncate</STRONG> (Thumb, 158 bytes, Stack size 16 bytes, ff.o(.text), UNUSED)
<BR><BR>[Calls]<UL><LI><a href="#[d1]">&gt;&gt;</a>&nbsp;&nbsp;&nbsp;put_fat
<LI><a href="#[d0]">&gt;&gt;</a>&nbsp;&nbsp;&nbsp;get_fat
<LI><a href="#[e3]">&gt;&gt;</a>&nbsp;&nbsp;&nbsp;validate
<LI><a href="#[d2]">&gt;&gt;</a>&nbsp;&nbsp;&nbsp;remove_chain
</UL>

<P><STRONG><a name="[ee]"></a>f_unlink</STRONG> (Thumb, 186 bytes, Stack size 88 bytes, ff.o(.text), UNUSED)
<BR><BR>[Calls]<UL><LI><a href="#[e1]">&gt;&gt;</a>&nbsp;&nbsp;&nbsp;chk_mounted
<LI><a href="#[df]">&gt;&gt;</a>&nbsp;&nbsp;&nbsp;follow_path
<LI><a href="#[dc]">&gt;&gt;</a>&nbsp;&nbsp;&nbsp;dir_remove
<LI><a href="#[d9]">&gt;&gt;</a>&nbsp;&nbsp;&nbsp;dir_read
<LI><a href="#[d4]">&gt;&gt;</a>&nbsp;&nbsp;&nbsp;dir_seek
<LI><a href="#[d2]">&gt;&gt;</a>&nbsp;&nbsp;&nbsp;remove_chain
<LI><a href="#[cd]">&gt;&gt;</a>&nbsp;&nbsp;&nbsp;sync
<LI><a href="#[db]">&gt;&gt;</a>&nbsp;&nbsp;&nbsp;mem_cpy
</UL>

<P><STRONG><a name="[ef]"></a>f_mkdir</STRONG> (Thumb, 390 bytes, Stack size 80 bytes, ff.o(.text), UNUSED)
<BR><BR>[Calls]<UL><LI><a href="#[e1]">&gt;&gt;</a>&nbsp;&nbsp;&nbsp;chk_mounted
<LI><a href="#[d5]">&gt;&gt;</a>&nbsp;&nbsp;&nbsp;clust2sect
<LI><a href="#[df]">&gt;&gt;</a>&nbsp;&nbsp;&nbsp;follow_path
<LI><a href="#[da]">&gt;&gt;</a>&nbsp;&nbsp;&nbsp;dir_register
<LI><a href="#[d3]">&gt;&gt;</a>&nbsp;&nbsp;&nbsp;create_chain
<LI><a href="#[d2]">&gt;&gt;</a>&nbsp;&nbsp;&nbsp;remove_chain
<LI><a href="#[cd]">&gt;&gt;</a>&nbsp;&nbsp;&nbsp;sync
<LI><a href="#[cc]">&gt;&gt;</a>&nbsp;&nbsp;&nbsp;move_window
<LI><a href="#[ce]">&gt;&gt;</a>&nbsp;&nbsp;&nbsp;mem_set
<LI><a href="#[db]">&gt;&gt;</a>&nbsp;&nbsp;&nbsp;mem_cpy
<LI><a href="#[e4]">&gt;&gt;</a>&nbsp;&nbsp;&nbsp;get_fattime
</UL>

<P><STRONG><a name="[f0]"></a>f_chmod</STRONG> (Thumb, 84 bytes, Stack size 72 bytes, ff.o(.text), UNUSED)
<BR><BR>[Calls]<UL><LI><a href="#[e1]">&gt;&gt;</a>&nbsp;&nbsp;&nbsp;chk_mounted
<LI><a href="#[df]">&gt;&gt;</a>&nbsp;&nbsp;&nbsp;follow_path
<LI><a href="#[cd]">&gt;&gt;</a>&nbsp;&nbsp;&nbsp;sync
</UL>

<P><STRONG><a name="[f1]"></a>f_utime</STRONG> (Thumb, 86 bytes, Stack size 64 bytes, ff.o(.text), UNUSED)
<BR><BR>[Calls]<UL><LI><a href="#[e1]">&gt;&gt;</a>&nbsp;&nbsp;&nbsp;chk_mounted
<LI><a href="#[df]">&gt;&gt;</a>&nbsp;&nbsp;&nbsp;follow_path
<LI><a href="#[cd]">&gt;&gt;</a>&nbsp;&nbsp;&nbsp;sync
</UL>

<P><STRONG><a name="[f2]"></a>f_rename</STRONG> (Thumb, 282 bytes, Stack size 120 bytes, ff.o(.text), UNUSED)
<BR><BR>[Calls]<UL><LI><a href="#[e1]">&gt;&gt;</a>&nbsp;&nbsp;&nbsp;chk_mounted
<LI><a href="#[d5]">&gt;&gt;</a>&nbsp;&nbsp;&nbsp;clust2sect
<LI><a href="#[df]">&gt;&gt;</a>&nbsp;&nbsp;&nbsp;follow_path
<LI><a href="#[dc]">&gt;&gt;</a>&nbsp;&nbsp;&nbsp;dir_remove
<LI><a href="#[da]">&gt;&gt;</a>&nbsp;&nbsp;&nbsp;dir_register
<LI><a href="#[cd]">&gt;&gt;</a>&nbsp;&nbsp;&nbsp;sync
<LI><a href="#[cc]">&gt;&gt;</a>&nbsp;&nbsp;&nbsp;move_window
<LI><a href="#[db]">&gt;&gt;</a>&nbsp;&nbsp;&nbsp;mem_cpy
</UL>

<P><STRONG><a name="[13a]"></a>RCC_DeInit</STRONG> (Thumb, 64 bytes, Stack size 0 bytes, stm32f10x_rcc.o(.text), UNUSED)

<P><STRONG><a name="[13b]"></a>RCC_HSEConfig</STRONG> (Thumb, 70 bytes, Stack size 0 bytes, stm32f10x_rcc.o(.text), UNUSED)

<P><STRONG><a name="[8a]"></a>RCC_GetFlagStatus</STRONG> (Thumb, 56 bytes, Stack size 8 bytes, stm32f10x_rcc.o(.text), UNUSED)
<BR><BR>[Called By]<UL><LI><a href="#[f3]">&gt;&gt;</a>&nbsp;&nbsp;&nbsp;RCC_WaitForHSEStartUp
<LI><a href="#[86]">&gt;&gt;</a>&nbsp;&nbsp;&nbsp;RTC_Configuration
</UL>

<P><STRONG><a name="[f3]"></a>RCC_WaitForHSEStartUp</STRONG> (Thumb, 56 bytes, Stack size 16 bytes, stm32f10x_rcc.o(.text), UNUSED)
<BR><BR>[Calls]<UL><LI><a href="#[8a]">&gt;&gt;</a>&nbsp;&nbsp;&nbsp;RCC_GetFlagStatus
</UL>

<P><STRONG><a name="[13c]"></a>RCC_AdjustHSICalibrationValue</STRONG> (Thumb, 20 bytes, Stack size 0 bytes, stm32f10x_rcc.o(.text), UNUSED)

<P><STRONG><a name="[13d]"></a>RCC_HSICmd</STRONG> (Thumb, 6 bytes, Stack size 0 bytes, stm32f10x_rcc.o(.text), UNUSED)

<P><STRONG><a name="[13e]"></a>RCC_PLLConfig</STRONG> (Thumb, 24 bytes, Stack size 0 bytes, stm32f10x_rcc.o(.text), UNUSED)

<P><STRONG><a name="[13f]"></a>RCC_PLLCmd</STRONG> (Thumb, 6 bytes, Stack size 0 bytes, stm32f10x_rcc.o(.text), UNUSED)

<P><STRONG><a name="[140]"></a>RCC_SYSCLKConfig</STRONG> (Thumb, 18 bytes, Stack size 0 bytes, stm32f10x_rcc.o(.text), UNUSED)

<P><STRONG><a name="[141]"></a>RCC_GetSYSCLKSource</STRONG> (Thumb, 10 bytes, Stack size 0 bytes, stm32f10x_rcc.o(.text), UNUSED)

<P><STRONG><a name="[142]"></a>RCC_HCLKConfig</STRONG> (Thumb, 18 bytes, Stack size 0 bytes, stm32f10x_rcc.o(.text), UNUSED)

<P><STRONG><a name="[143]"></a>RCC_PCLK1Config</STRONG> (Thumb, 18 bytes, Stack size 0 bytes, stm32f10x_rcc.o(.text), UNUSED)

<P><STRONG><a name="[144]"></a>RCC_PCLK2Config</STRONG> (Thumb, 20 bytes, Stack size 0 bytes, stm32f10x_rcc.o(.text), UNUSED)

<P><STRONG><a name="[145]"></a>RCC_ITConfig</STRONG> (Thumb, 26 bytes, Stack size 0 bytes, stm32f10x_rcc.o(.text), UNUSED)

<P><STRONG><a name="[146]"></a>RCC_USBCLKConfig</STRONG> (Thumb, 8 bytes, Stack size 0 bytes, stm32f10x_rcc.o(.text), UNUSED)

<P><STRONG><a name="[147]"></a>RCC_ADCCLKConfig</STRONG> (Thumb, 18 bytes, Stack size 0 bytes, stm32f10x_rcc.o(.text), UNUSED)

<P><STRONG><a name="[89]"></a>RCC_LSEConfig</STRONG> (Thumb, 50 bytes, Stack size 0 bytes, stm32f10x_rcc.o(.text), UNUSED)
<BR><BR>[Called By]<UL><LI><a href="#[86]">&gt;&gt;</a>&nbsp;&nbsp;&nbsp;RTC_Configuration
</UL>

<P><STRONG><a name="[148]"></a>RCC_LSICmd</STRONG> (Thumb, 6 bytes, Stack size 0 bytes, stm32f10x_rcc.o(.text), UNUSED)

<P><STRONG><a name="[8b]"></a>RCC_RTCCLKConfig</STRONG> (Thumb, 12 bytes, Stack size 0 bytes, stm32f10x_rcc.o(.text), UNUSED)
<BR><BR>[Called By]<UL><LI><a href="#[86]">&gt;&gt;</a>&nbsp;&nbsp;&nbsp;RTC_Configuration
</UL>

<P><STRONG><a name="[8c]"></a>RCC_RTCCLKCmd</STRONG> (Thumb, 8 bytes, Stack size 0 bytes, stm32f10x_rcc.o(.text), UNUSED)
<BR><BR>[Called By]<UL><LI><a href="#[86]">&gt;&gt;</a>&nbsp;&nbsp;&nbsp;RTC_Configuration
</UL>

<P><STRONG><a name="[f9]"></a>RCC_GetClocksFreq</STRONG> (Thumb, 192 bytes, Stack size 12 bytes, stm32f10x_rcc.o(.text), UNUSED)
<BR><BR>[Called By]<UL><LI><a href="#[76]">&gt;&gt;</a>&nbsp;&nbsp;&nbsp;USART_Init
</UL>

<P><STRONG><a name="[94]"></a>RCC_AHBPeriphClockCmd</STRONG> (Thumb, 26 bytes, Stack size 0 bytes, stm32f10x_rcc.o(.text))
<BR><BR>[Called By]<UL><LI><a href="#[95]">&gt;&gt;</a>&nbsp;&nbsp;&nbsp;SD_LowLevel_Init
<LI><a href="#[90]">&gt;&gt;</a>&nbsp;&nbsp;&nbsp;SD_LowLevel_DeInit
</UL>

<P><STRONG><a name="[74]"></a>RCC_APB2PeriphClockCmd</STRONG> (Thumb, 26 bytes, Stack size 0 bytes, stm32f10x_rcc.o(.text))
<BR><BR>[Called By]<UL><LI><a href="#[95]">&gt;&gt;</a>&nbsp;&nbsp;&nbsp;SD_LowLevel_Init
<LI><a href="#[7a]">&gt;&gt;</a>&nbsp;&nbsp;&nbsp;USART2_Config
<LI><a href="#[73]">&gt;&gt;</a>&nbsp;&nbsp;&nbsp;USART1_Config
</UL>

<P><STRONG><a name="[7b]"></a>RCC_APB1PeriphClockCmd</STRONG> (Thumb, 26 bytes, Stack size 0 bytes, stm32f10x_rcc.o(.text), UNUSED)
<BR><BR>[Called By]<UL><LI><a href="#[86]">&gt;&gt;</a>&nbsp;&nbsp;&nbsp;RTC_Configuration
<LI><a href="#[7a]">&gt;&gt;</a>&nbsp;&nbsp;&nbsp;USART2_Config
</UL>

<P><STRONG><a name="[f5]"></a>RCC_APB2PeriphResetCmd</STRONG> (Thumb, 26 bytes, Stack size 0 bytes, stm32f10x_rcc.o(.text), UNUSED)
<BR><BR>[Called By]<UL><LI><a href="#[f7]">&gt;&gt;</a>&nbsp;&nbsp;&nbsp;USART_DeInit
<LI><a href="#[f6]">&gt;&gt;</a>&nbsp;&nbsp;&nbsp;GPIO_AFIODeInit
<LI><a href="#[f4]">&gt;&gt;</a>&nbsp;&nbsp;&nbsp;GPIO_DeInit
<LI><a href="#[fd]">&gt;&gt;</a>&nbsp;&nbsp;&nbsp;TIM_DeInit
</UL>

<P><STRONG><a name="[f8]"></a>RCC_APB1PeriphResetCmd</STRONG> (Thumb, 26 bytes, Stack size 0 bytes, stm32f10x_rcc.o(.text), UNUSED)
<BR><BR>[Called By]<UL><LI><a href="#[f7]">&gt;&gt;</a>&nbsp;&nbsp;&nbsp;USART_DeInit
<LI><a href="#[fd]">&gt;&gt;</a>&nbsp;&nbsp;&nbsp;TIM_DeInit
<LI><a href="#[10e]">&gt;&gt;</a>&nbsp;&nbsp;&nbsp;PWR_DeInit
</UL>

<P><STRONG><a name="[10f]"></a>RCC_BackupResetCmd</STRONG> (Thumb, 8 bytes, Stack size 0 bytes, stm32f10x_rcc.o(.text), UNUSED)
<BR><BR>[Called By]<UL><LI><a href="#[88]">&gt;&gt;</a>&nbsp;&nbsp;&nbsp;BKP_DeInit
</UL>

<P><STRONG><a name="[149]"></a>RCC_ClockSecuritySystemCmd</STRONG> (Thumb, 6 bytes, Stack size 0 bytes, stm32f10x_rcc.o(.text), UNUSED)

<P><STRONG><a name="[14a]"></a>RCC_MCOConfig</STRONG> (Thumb, 6 bytes, Stack size 0 bytes, stm32f10x_rcc.o(.text), UNUSED)

<P><STRONG><a name="[14b]"></a>RCC_ClearFlag</STRONG> (Thumb, 14 bytes, Stack size 0 bytes, stm32f10x_rcc.o(.text), UNUSED)

<P><STRONG><a name="[14c]"></a>RCC_GetITStatus</STRONG> (Thumb, 20 bytes, Stack size 0 bytes, stm32f10x_rcc.o(.text), UNUSED)

<P><STRONG><a name="[14d]"></a>RCC_ClearITPendingBit</STRONG> (Thumb, 6 bytes, Stack size 0 bytes, stm32f10x_rcc.o(.text), UNUSED)

<P><STRONG><a name="[f4]"></a>GPIO_DeInit</STRONG> (Thumb, 172 bytes, Stack size 8 bytes, stm32f10x_gpio.o(.text), UNUSED)
<BR><BR>[Calls]<UL><LI><a href="#[f5]">&gt;&gt;</a>&nbsp;&nbsp;&nbsp;RCC_APB2PeriphResetCmd
</UL>

<P><STRONG><a name="[f6]"></a>GPIO_AFIODeInit</STRONG> (Thumb, 20 bytes, Stack size 8 bytes, stm32f10x_gpio.o(.text), UNUSED)
<BR><BR>[Calls]<UL><LI><a href="#[f5]">&gt;&gt;</a>&nbsp;&nbsp;&nbsp;RCC_APB2PeriphResetCmd
</UL>

<P><STRONG><a name="[75]"></a>GPIO_Init</STRONG> (Thumb, 278 bytes, Stack size 24 bytes, stm32f10x_gpio.o(.text))
<BR><BR>[Stack]<UL><LI>Max Depth = 24<LI>Call Chain = GPIO_Init
</UL>
<BR>[Called By]<UL><LI><a href="#[95]">&gt;&gt;</a>&nbsp;&nbsp;&nbsp;SD_LowLevel_Init
<LI><a href="#[90]">&gt;&gt;</a>&nbsp;&nbsp;&nbsp;SD_LowLevel_DeInit
<LI><a href="#[7a]">&gt;&gt;</a>&nbsp;&nbsp;&nbsp;USART2_Config
<LI><a href="#[73]">&gt;&gt;</a>&nbsp;&nbsp;&nbsp;USART1_Config
</UL>

<P><STRONG><a name="[14e]"></a>GPIO_StructInit</STRONG> (Thumb, 16 bytes, Stack size 0 bytes, stm32f10x_gpio.o(.text), UNUSED)

<P><STRONG><a name="[6d]"></a>GPIO_ReadInputDataBit</STRONG> (Thumb, 18 bytes, Stack size 0 bytes, stm32f10x_gpio.o(.text))
<BR><BR>[Called By]<UL><LI><a href="#[b7]">&gt;&gt;</a>&nbsp;&nbsp;&nbsp;SD_Detect
<LI><a href="#[6c]">&gt;&gt;</a>&nbsp;&nbsp;&nbsp;quePlise
</UL>

<P><STRONG><a name="[14f]"></a>GPIO_ReadInputData</STRONG> (Thumb, 8 bytes, Stack size 0 bytes, stm32f10x_gpio.o(.text), UNUSED)

<P><STRONG><a name="[150]"></a>GPIO_ReadOutputDataBit</STRONG> (Thumb, 18 bytes, Stack size 0 bytes, stm32f10x_gpio.o(.text), UNUSED)

<P><STRONG><a name="[151]"></a>GPIO_ReadOutputData</STRONG> (Thumb, 8 bytes, Stack size 0 bytes, stm32f10x_gpio.o(.text), UNUSED)

<P><STRONG><a name="[152]"></a>GPIO_SetBits</STRONG> (Thumb, 4 bytes, Stack size 0 bytes, stm32f10x_gpio.o(.text), UNUSED)

<P><STRONG><a name="[153]"></a>GPIO_ResetBits</STRONG> (Thumb, 4 bytes, Stack size 0 bytes, stm32f10x_gpio.o(.text), UNUSED)

<P><STRONG><a name="[154]"></a>GPIO_WriteBit</STRONG> (Thumb, 10 bytes, Stack size 0 bytes, stm32f10x_gpio.o(.text), UNUSED)

<P><STRONG><a name="[155]"></a>GPIO_Write</STRONG> (Thumb, 4 bytes, Stack size 0 bytes, stm32f10x_gpio.o(.text), UNUSED)

<P><STRONG><a name="[156]"></a>GPIO_PinLockConfig</STRONG> (Thumb, 18 bytes, Stack size 0 bytes, stm32f10x_gpio.o(.text), UNUSED)

<P><STRONG><a name="[157]"></a>GPIO_EventOutputConfig</STRONG> (Thumb, 26 bytes, Stack size 0 bytes, stm32f10x_gpio.o(.text), UNUSED)

<P><STRONG><a name="[158]"></a>GPIO_EventOutputCmd</STRONG> (Thumb, 6 bytes, Stack size 0 bytes, stm32f10x_gpio.o(.text), UNUSED)

<P><STRONG><a name="[159]"></a>GPIO_PinRemapConfig</STRONG> (Thumb, 138 bytes, Stack size 20 bytes, stm32f10x_gpio.o(.text), UNUSED)

<P><STRONG><a name="[15a]"></a>GPIO_EXTILineConfig</STRONG> (Thumb, 66 bytes, Stack size 12 bytes, stm32f10x_gpio.o(.text), UNUSED)

<P><STRONG><a name="[15b]"></a>GPIO_ETH_MediaInterfaceConfig</STRONG> (Thumb, 8 bytes, Stack size 0 bytes, stm32f10x_gpio.o(.text), UNUSED)

<P><STRONG><a name="[15c]"></a>EXTI_DeInit</STRONG> (Thumb, 28 bytes, Stack size 0 bytes, stm32f10x_exti.o(.text), UNUSED)

<P><STRONG><a name="[15d]"></a>EXTI_Init</STRONG> (Thumb, 142 bytes, Stack size 0 bytes, stm32f10x_exti.o(.text), UNUSED)

<P><STRONG><a name="[15e]"></a>EXTI_StructInit</STRONG> (Thumb, 16 bytes, Stack size 0 bytes, stm32f10x_exti.o(.text), UNUSED)

<P><STRONG><a name="[15f]"></a>EXTI_GenerateSWInterrupt</STRONG> (Thumb, 16 bytes, Stack size 0 bytes, stm32f10x_exti.o(.text), UNUSED)

<P><STRONG><a name="[160]"></a>EXTI_GetFlagStatus</STRONG> (Thumb, 22 bytes, Stack size 0 bytes, stm32f10x_exti.o(.text), UNUSED)

<P><STRONG><a name="[161]"></a>EXTI_ClearFlag</STRONG> (Thumb, 8 bytes, Stack size 0 bytes, stm32f10x_exti.o(.text), UNUSED)

<P><STRONG><a name="[56]"></a>EXTI_GetITStatus</STRONG> (Thumb, 34 bytes, Stack size 0 bytes, stm32f10x_exti.o(.text))
<BR><BR>[Called By]<UL><LI><a href="#[21]">&gt;&gt;</a>&nbsp;&nbsp;&nbsp;EXTI9_5_IRQHandler
</UL>

<P><STRONG><a name="[57]"></a>EXTI_ClearITPendingBit</STRONG> (Thumb, 8 bytes, Stack size 0 bytes, stm32f10x_exti.o(.text))
<BR><BR>[Called By]<UL><LI><a href="#[21]">&gt;&gt;</a>&nbsp;&nbsp;&nbsp;EXTI9_5_IRQHandler
</UL>

<P><STRONG><a name="[53]"></a>NVIC_PriorityGroupConfig</STRONG> (Thumb, 10 bytes, Stack size 0 bytes, misc.o(.text))
<BR><BR>[Called By]<UL><LI><a href="#[7c]">&gt;&gt;</a>&nbsp;&nbsp;&nbsp;NVIC_Configuration2
<LI><a href="#[79]">&gt;&gt;</a>&nbsp;&nbsp;&nbsp;NVIC_Configuration
<LI><a href="#[52]">&gt;&gt;</a>&nbsp;&nbsp;&nbsp;NVIC_ConfigurationSPIO
</UL>

<P><STRONG><a name="[54]"></a>NVIC_Init</STRONG> (Thumb, 100 bytes, Stack size 16 bytes, misc.o(.text))
<BR><BR>[Stack]<UL><LI>Max Depth = 16<LI>Call Chain = NVIC_Init
</UL>
<BR>[Called By]<UL><LI><a href="#[85]">&gt;&gt;</a>&nbsp;&nbsp;&nbsp;NVIC_Configuration
<LI><a href="#[7c]">&gt;&gt;</a>&nbsp;&nbsp;&nbsp;NVIC_Configuration2
<LI><a href="#[79]">&gt;&gt;</a>&nbsp;&nbsp;&nbsp;NVIC_Configuration
<LI><a href="#[52]">&gt;&gt;</a>&nbsp;&nbsp;&nbsp;NVIC_ConfigurationSPIO
</UL>

<P><STRONG><a name="[162]"></a>NVIC_SetVectorTable</STRONG> (Thumb, 14 bytes, Stack size 0 bytes, misc.o(.text), UNUSED)

[...]
</UL>
<BR>[Called By]<UL><LI><a href="#[a7]">&gt;&gt;</a>&nbsp;&nbsp;&nbsp;SDEnWideBus
</UL>

<P><STRONG><a name="[a7]"></a>SDEnWideBus</STRONG> (Thumb, 284 bytes, Stack size 24 bytes, stm32_eval_sdio_sd.o(.text))
<BR><BR>[Stack]<UL><LI>Max Depth = 88<LI>Call Chain = SDEnWideBus &rArr; FindSCR &rArr; CmdResp1Error &rArr; SDIO_GetResponse
</UL>
<BR>[Calls]<UL><LI><a href="#[a3]">&gt;&gt;</a>&nbsp;&nbsp;&nbsp;SDIO_SendCommand
<LI><a href="#[a1]">&gt;&gt;</a>&nbsp;&nbsp;&nbsp;SDIO_GetResponse
<LI><a href="#[a2]">&gt;&gt;</a>&nbsp;&nbsp;&nbsp;FindSCR
<LI><a href="#[9e]">&gt;&gt;</a>&nbsp;&nbsp;&nbsp;CmdResp1Error
</UL>
<BR>[Called By]<UL><LI><a href="#[a8]">&gt;&gt;</a>&nbsp;&nbsp;&nbsp;SD_EnableWideBusOperation
</UL>

<P><STRONG><a name="[ab]"></a>CmdResp2Error</STRONG> (Thumb, 70 bytes, Stack size 16 bytes, stm32_eval_sdio_sd.o(.text))
<BR><BR>[Stack]<UL><LI>Max Depth = 16<LI>Call Chain = CmdResp2Error
</UL>
<BR>[Calls]<UL><LI><a href="#[9f]">&gt;&gt;</a>&nbsp;&nbsp;&nbsp;SDIO_ClearFlag
</UL>
<BR>[Called By]<UL><LI><a href="#[ad]">&gt;&gt;</a>&nbsp;&nbsp;&nbsp;SD_InitializeCards
</UL>

<P><STRONG><a name="[ac]"></a>CmdResp6Error</STRONG> (Thumb, 182 bytes, Stack size 24 bytes, stm32_eval_sdio_sd.o(.text))
<BR><BR>[Stack]<UL><LI>Max Depth = 32<LI>Call Chain = CmdResp6Error &rArr; SDIO_GetResponse
</UL>
<BR>[Calls]<UL><LI><a href="#[a1]">&gt;&gt;</a>&nbsp;&nbsp;&nbsp;SDIO_GetResponse
<LI><a href="#[a0]">&gt;&gt;</a>&nbsp;&nbsp;&nbsp;SDIO_GetCommandResponse
<LI><a href="#[9f]">&gt;&gt;</a>&nbsp;&nbsp;&nbsp;SDIO_ClearFlag
</UL>
<BR>[Called By]<UL><LI><a href="#[ad]">&gt;&gt;</a>&nbsp;&nbsp;&nbsp;SD_InitializeCards
</UL>

<P><STRONG><a name="[af]"></a>CmdResp3Error</STRONG> (Thumb, 52 bytes, Stack size 16 bytes, stm32_eval_sdio_sd.o(.text))
<BR><BR>[Stack]<UL><LI>Max Depth = 16<LI>Call Chain = CmdResp3Error
</UL>
<BR>[Calls]<UL><LI><a href="#[9f]">&gt;&gt;</a>&nbsp;&nbsp;&nbsp;SDIO_ClearFlag
</UL>
<BR>[Called By]<UL><LI><a href="#[b2]">&gt;&gt;</a>&nbsp;&nbsp;&nbsp;SD_PowerON
</UL>

<P><STRONG><a name="[b0]"></a>CmdResp7Error</STRONG> (Thumb, 72 bytes, Stack size 16 bytes, stm32_eval_sdio_sd.o(.text))
<BR><BR>[Stack]<UL><LI>Max Depth = 16<LI>Call Chain = CmdResp7Error
</UL>
<BR>[Calls]<UL><LI><a href="#[9f]">&gt;&gt;</a>&nbsp;&nbsp;&nbsp;SDIO_ClearFlag
</UL>
<BR>[Called By]<UL><LI><a href="#[b2]">&gt;&gt;</a>&nbsp;&nbsp;&nbsp;SD_PowerON
</UL>

<P><STRONG><a name="[b1]"></a>CmdError</STRONG> (Thumb, 44 bytes, Stack size 16 bytes, stm32_eval_sdio_sd.o(.text))
<BR><BR>[Stack]<UL><LI>Max Depth = 16<LI>Call Chain = CmdError
</UL>
<BR>[Calls]<UL><LI><a href="#[a5]">&gt;&gt;</a>&nbsp;&nbsp;&nbsp;SDIO_GetFlagStatus
<LI><a href="#[9f]">&gt;&gt;</a>&nbsp;&nbsp;&nbsp;SDIO_ClearFlag
</UL>
<BR>[Called By]<UL><LI><a href="#[b2]">&gt;&gt;</a>&nbsp;&nbsp;&nbsp;SD_PowerON
</UL>

<P><STRONG><a name="[bd]"></a>convert_from_bytes_to_power_of_two</STRONG> (Thumb, 18 bytes, Stack size 0 bytes, stm32_eval_sdio_sd.o(.text))
<BR><BR>[Called By]<UL><LI><a href="#[c3]">&gt;&gt;</a>&nbsp;&nbsp;&nbsp;SD_WriteMultiBlocks
<LI><a href="#[c1]">&gt;&gt;</a>&nbsp;&nbsp;&nbsp;SD_WriteBlock
<LI><a href="#[bf]">&gt;&gt;</a>&nbsp;&nbsp;&nbsp;SD_ReadMultiBlocks
<LI><a href="#[bb]">&gt;&gt;</a>&nbsp;&nbsp;&nbsp;SD_ReadBlock
</UL>

<P><STRONG><a name="[c0]"></a>IsCardProgramming</STRONG> (Thumb, 396 bytes, Stack size 24 bytes, stm32_eval_sdio_sd.o(.text))
<BR><BR>[Stack]<UL><LI>Max Depth = 32<LI>Call Chain = IsCardProgramming &rArr; SDIO_GetResponse
</UL>
<BR>[Calls]<UL><LI><a href="#[a3]">&gt;&gt;</a>&nbsp;&nbsp;&nbsp;SDIO_SendCommand
<LI><a href="#[a1]">&gt;&gt;</a>&nbsp;&nbsp;&nbsp;SDIO_GetResponse
<LI><a href="#[a0]">&gt;&gt;</a>&nbsp;&nbsp;&nbsp;SDIO_GetCommandResponse
<LI><a href="#[9f]">&gt;&gt;</a>&nbsp;&nbsp;&nbsp;SDIO_ClearFlag
</UL>
<BR>[Called By]<UL><LI><a href="#[c5]">&gt;&gt;</a>&nbsp;&nbsp;&nbsp;SD_Erase
<LI><a href="#[c3]">&gt;&gt;</a>&nbsp;&nbsp;&nbsp;SD_WriteMultiBlocks
<LI><a href="#[c1]">&gt;&gt;</a>&nbsp;&nbsp;&nbsp;SD_WriteBlock
</UL>

<P><STRONG><a name="[db]"></a>mem_cpy</STRONG> (Thumb, 26 bytes, Stack size 16 bytes, ff.o(.text))
<BR><BR>[Stack]<UL><LI>Max Depth = 16<LI>Call Chain = mem_cpy
</UL>
<BR>[Called By]<UL><LI><a href="#[f2]">&gt;&gt;</a>&nbsp;&nbsp;&nbsp;f_rename
<LI><a href="#[ef]">&gt;&gt;</a>&nbsp;&nbsp;&nbsp;f_mkdir
<LI><a href="#[ee]">&gt;&gt;</a>&nbsp;&nbsp;&nbsp;f_unlink
<LI><a href="#[e5]">&gt;&gt;</a>&nbsp;&nbsp;&nbsp;f_read
<LI><a href="#[da]">&gt;&gt;</a>&nbsp;&nbsp;&nbsp;dir_register
<LI><a href="#[50]">&gt;&gt;</a>&nbsp;&nbsp;&nbsp;f_write
</UL>

<P><STRONG><a name="[ce]"></a>mem_set</STRONG> (Thumb, 20 bytes, Stack size 12 bytes, ff.o(.text))
<BR><BR>[Stack]<UL><LI>Max Depth = 12<LI>Call Chain = mem_set
</UL>
<BR>[Called By]<UL><LI><a href="#[ef]">&gt;&gt;</a>&nbsp;&nbsp;&nbsp;f_mkdir
<LI><a href="#[dd]">&gt;&gt;</a>&nbsp;&nbsp;&nbsp;create_name
<LI><a href="#[da]">&gt;&gt;</a>&nbsp;&nbsp;&nbsp;dir_register
<LI><a href="#[d6]">&gt;&gt;</a>&nbsp;&nbsp;&nbsp;dir_next
<LI><a href="#[cd]">&gt;&gt;</a>&nbsp;&nbsp;&nbsp;sync
</UL>

<P><STRONG><a name="[d8]"></a>mem_cmp</STRONG> (Thumb, 38 bytes, Stack size 20 bytes, ff.o(.text))
<BR><BR>[Stack]<UL><LI>Max Depth = 20<LI>Call Chain = mem_cmp
</UL>
<BR>[Called By]<UL><LI><a href="#[d7]">&gt;&gt;</a>&nbsp;&nbsp;&nbsp;dir_find
</UL>

<P><STRONG><a name="[de]"></a>chk_chr</STRONG> (Thumb, 20 bytes, Stack size 0 bytes, ff.o(.text))
<BR><BR>[Called By]<UL><LI><a href="#[dd]">&gt;&gt;</a>&nbsp;&nbsp;&nbsp;create_name
</UL>

<P><STRONG><a name="[cc]"></a>move_window</STRONG> (Thumb, 114 bytes, Stack size 24 bytes, ff.o(.text))
<BR><BR>[Stack]<UL><LI>Max Depth = 168<LI>Call Chain = move_window &rArr; disk_write &rArr; SD_WriteBlock &rArr; SD_LowLevel_DMA_TxConfig &rArr; DMA_Init
</UL>
<BR>[Calls]<UL><LI><a href="#[cb]">&gt;&gt;</a>&nbsp;&nbsp;&nbsp;disk_write
<LI><a href="#[ca]">&gt;&gt;</a>&nbsp;&nbsp;&nbsp;disk_read
</UL>
<BR>[Called By]<UL><LI><a href="#[f2]">&gt;&gt;</a>&nbsp;&nbsp;&nbsp;f_rename
<LI><a href="#[ef]">&gt;&gt;</a>&nbsp;&nbsp;&nbsp;f_mkdir
<LI><a href="#[ec]">&gt;&gt;</a>&nbsp;&nbsp;&nbsp;f_getfree
<LI><a href="#[e6]">&gt;&gt;</a>&nbsp;&nbsp;&nbsp;f_sync
<LI><a href="#[d1]">&gt;&gt;</a>&nbsp;&nbsp;&nbsp;put_fat
<LI><a href="#[d0]">&gt;&gt;</a>&nbsp;&nbsp;&nbsp;get_fat
<LI><a href="#[dc]">&gt;&gt;</a>&nbsp;&nbsp;&nbsp;dir_remove
<LI><a href="#[da]">&gt;&gt;</a>&nbsp;&nbsp;&nbsp;dir_register
<LI><a href="#[d9]">&gt;&gt;</a>&nbsp;&nbsp;&nbsp;dir_read
<LI><a href="#[d7]">&gt;&gt;</a>&nbsp;&nbsp;&nbsp;dir_find
<LI><a href="#[d6]">&gt;&gt;</a>&nbsp;&nbsp;&nbsp;dir_next
<LI><a href="#[cd]">&gt;&gt;</a>&nbsp;&nbsp;&nbsp;sync
<LI><a href="#[4f]">&gt;&gt;</a>&nbsp;&nbsp;&nbsp;f_open
</UL>

<P><STRONG><a name="[cd]"></a>sync</STRONG> (Thumb, 202 bytes, Stack size 16 bytes, ff.o(.text))
<BR><BR>[Stack]<UL><LI>Max Depth = 184<LI>Call Chain = sync &rArr; move_window &rArr; disk_write &rArr; SD_WriteBlock &rArr; SD_LowLevel_DMA_TxConfig &rArr; DMA_Init
</UL>
<BR>[Calls]<UL><LI><a href="#[cc]">&gt;&gt;</a>&nbsp;&nbsp;&nbsp;move_window
<LI><a href="#[ce]">&gt;&gt;</a>&nbsp;&nbsp;&nbsp;mem_set
<LI><a href="#[cf]">&gt;&gt;</a>&nbsp;&nbsp;&nbsp;disk_ioctl
<LI><a href="#[cb]">&gt;&gt;</a>&nbsp;&nbsp;&nbsp;disk_write
</UL>
<BR>[Called By]<UL><LI><a href="#[f2]">&gt;&gt;</a>&nbsp;&nbsp;&nbsp;f_rename
<LI><a href="#[f1]">&gt;&gt;</a>&nbsp;&nbsp;&nbsp;f_utime
<LI><a href="#[f0]">&gt;&gt;</a>&nbsp;&nbsp;&nbsp;f_chmod
<LI><a href="#[ef]">&gt;&gt;</a>&nbsp;&nbsp;&nbsp;f_mkdir
<LI><a href="#[ee]">&gt;&gt;</a>&nbsp;&nbsp;&nbsp;f_unlink
<LI><a href="#[e6]">&gt;&gt;</a>&nbsp;&nbsp;&nbsp;f_sync
</UL>

<P><STRONG><a name="[d2]"></a>remove_chain</STRONG> (Thumb, 104 bytes, Stack size 24 bytes, ff.o(.text))
<BR><BR>[Stack]<UL><LI>Max Depth = 224<LI>Call Chain = remove_chain &rArr; put_fat &rArr; move_window &rArr; disk_write &rArr; SD_WriteBlock &rArr; SD_LowLevel_DMA_TxConfig &rArr; DMA_Init
</UL>
<BR>[Calls]<UL><LI><a href="#[d1]">&gt;&gt;</a>&nbsp;&nbsp;&nbsp;put_fat
<LI><a href="#[d0]">&gt;&gt;</a>&nbsp;&nbsp;&nbsp;get_fat
</UL>
<BR>[Called By]<UL><LI><a href="#[ef]">&gt;&gt;</a>&nbsp;&nbsp;&nbsp;f_mkdir
<LI><a href="#[ee]">&gt;&gt;</a>&nbsp;&nbsp;&nbsp;f_unlink
<LI><a href="#[ed]">&gt;&gt;</a>&nbsp;&nbsp;&nbsp;f_truncate
<LI><a href="#[4f]">&gt;&gt;</a>&nbsp;&nbsp;&nbsp;f_open
</UL>

<P><STRONG><a name="[d3]"></a>create_chain</STRONG> (Thumb, 182 bytes, Stack size 32 bytes, ff.o(.text))
<BR><BR>[Stack]<UL><LI>Max Depth = 232<LI>Call Chain = create_chain &rArr; put_fat &rArr; move_window &rArr; disk_write &rArr; SD_WriteBlock &rArr; SD_LowLevel_DMA_TxConfig &rArr; DMA_Init
</UL>
<BR>[Calls]<UL><LI><a href="#[d1]">&gt;&gt;</a>&nbsp;&nbsp;&nbsp;put_fat
<LI><a href="#[d0]">&gt;&gt;</a>&nbsp;&nbsp;&nbsp;get_fat
</UL>
<BR>[Called By]<UL><LI><a href="#[ef]">&gt;&gt;</a>&nbsp;&nbsp;&nbsp;f_mkdir
<LI><a href="#[e7]">&gt;&gt;</a>&nbsp;&nbsp;&nbsp;f_lseek
<LI><a href="#[d6]">&gt;&gt;</a>&nbsp;&nbsp;&nbsp;dir_next
<LI><a href="#[50]">&gt;&gt;</a>&nbsp;&nbsp;&nbsp;f_write
</UL>

<P><STRONG><a name="[d4]"></a>dir_seek</STRONG> (Thumb, 156 bytes, Stack size 24 bytes, ff.o(.text))
<BR><BR>[Stack]<UL><LI>Max Depth = 216<LI>Call Chain = dir_seek &rArr; get_fat &rArr; move_window &rArr; disk_write &rArr; SD_WriteBlock &rArr; SD_LowLevel_DMA_TxConfig &rArr; DMA_Init
</UL>
<BR>[Calls]<UL><LI><a href="#[d5]">&gt;&gt;</a>&nbsp;&nbsp;&nbsp;clust2sect
<LI><a href="#[d0]">&gt;&gt;</a>&nbsp;&nbsp;&nbsp;get_fat
</UL>
<BR>[Called By]<UL><LI><a href="#[ee]">&gt;&gt;</a>&nbsp;&nbsp;&nbsp;f_unlink
<LI><a href="#[e9]">&gt;&gt;</a>&nbsp;&nbsp;&nbsp;f_readdir
<LI><a href="#[e8]">&gt;&gt;</a>&nbsp;&nbsp;&nbsp;f_opendir
<LI><a href="#[df]">&gt;&gt;</a>&nbsp;&nbsp;&nbsp;follow_path
<LI><a href="#[dc]">&gt;&gt;</a>&nbsp;&nbsp;&nbsp;dir_remove
<LI><a href="#[da]">&gt;&gt;</a>&nbsp;&nbsp;&nbsp;dir_register
<LI><a href="#[d7]">&gt;&gt;</a>&nbsp;&nbsp;&nbsp;dir_find
</UL>

<P><STRONG><a name="[d6]"></a>dir_next</STRONG> (Thumb, 278 bytes, Stack size 24 bytes, ff.o(.text))
<BR><BR>[Stack]<UL><LI>Max Depth = 256<LI>Call Chain = dir_next &rArr; create_chain &rArr; put_fat &rArr; move_window &rArr; disk_write &rArr; SD_WriteBlock &rArr; SD_LowLevel_DMA_TxConfig &rArr; DMA_Init
</UL>
<BR>[Calls]<UL><LI><a href="#[d5]">&gt;&gt;</a>&nbsp;&nbsp;&nbsp;clust2sect
<LI><a href="#[d0]">&gt;&gt;</a>&nbsp;&nbsp;&nbsp;get_fat
<LI><a href="#[d3]">&gt;&gt;</a>&nbsp;&nbsp;&nbsp;create_chain
<LI><a href="#[cc]">&gt;&gt;</a>&nbsp;&nbsp;&nbsp;move_window
<LI><a href="#[ce]">&gt;&gt;</a>&nbsp;&nbsp;&nbsp;mem_set
</UL>
<BR>[Called By]<UL><LI><a href="#[e9]">&gt;&gt;</a>&nbsp;&nbsp;&nbsp;f_readdir
<LI><a href="#[da]">&gt;&gt;</a>&nbsp;&nbsp;&nbsp;dir_register
<LI><a href="#[d9]">&gt;&gt;</a>&nbsp;&nbsp;&nbsp;dir_read
<LI><a href="#[d7]">&gt;&gt;</a>&nbsp;&nbsp;&nbsp;dir_find
</UL>

<P><STRONG><a name="[d7]"></a>dir_find</STRONG> (Thumb, 92 bytes, Stack size 24 bytes, ff.o(.text))
<BR><BR>[Stack]<UL><LI>Max Depth = 280<LI>Call Chain = dir_find &rArr; dir_next &rArr; create_chain &rArr; put_fat &rArr; move_window &rArr; disk_write &rArr; SD_WriteBlock &rArr; SD_LowLevel_DMA_TxConfig &rArr; DMA_Init
</UL>
<BR>[Calls]<UL><LI><a href="#[d6]">&gt;&gt;</a>&nbsp;&nbsp;&nbsp;dir_next
<LI><a href="#[d4]">&gt;&gt;</a>&nbsp;&nbsp;&nbsp;dir_seek
<LI><a href="#[cc]">&gt;&gt;</a>&nbsp;&nbsp;&nbsp;move_window
<LI><a href="#[d8]">&gt;&gt;</a>&nbsp;&nbsp;&nbsp;mem_cmp
</UL>
<BR>[Called By]<UL><LI><a href="#[df]">&gt;&gt;</a>&nbsp;&nbsp;&nbsp;follow_path
</UL>

<P><STRONG><a name="[d9]"></a>dir_read</STRONG> (Thumb, 86 bytes, Stack size 24 bytes, ff.o(.text), UNUSED)
<BR><BR>[Calls]<UL><LI><a href="#[d6]">&gt;&gt;</a>&nbsp;&nbsp;&nbsp;dir_next
<LI><a href="#[cc]">&gt;&gt;</a>&nbsp;&nbsp;&nbsp;move_window
</UL>
<BR>[Called By]<UL><LI><a href="#[ee]">&gt;&gt;</a>&nbsp;&nbsp;&nbsp;f_unlink
<LI><a href="#[e9]">&gt;&gt;</a>&nbsp;&nbsp;&nbsp;f_readdir
</UL>

<P><STRONG><a name="[da]"></a>dir_register</STRONG> (Thumb, 120 bytes, Stack size 24 bytes, ff.o(.text))
<BR><BR>[Stack]<UL><LI>Max Depth = 280<LI>Call Chain = dir_register &rArr; dir_next &rArr; create_chain &rArr; put_fat &rArr; move_window &rArr; disk_write &rArr; SD_WriteBlock &rArr; SD_LowLevel_DMA_TxConfig &rArr; DMA_Init
</UL>
<BR>[Calls]<UL><LI><a href="#[d6]">&gt;&gt;</a>&nbsp;&nbsp;&nbsp;dir_next
<LI><a href="#[d4]">&gt;&gt;</a>&nbsp;&nbsp;&nbsp;dir_seek
<LI><a href="#[cc]">&gt;&gt;</a>&nbsp;&nbsp;&nbsp;move_window
<LI><a href="#[ce]">&gt;&gt;</a>&nbsp;&nbsp;&nbsp;mem_set
<LI><a href="#[db]">&gt;&gt;</a>&nbsp;&nbsp;&nbsp;mem_cpy
</UL>
<BR>[Called By]<UL><LI><a href="#[f2]">&gt;&gt;</a>&nbsp;&nbsp;&nbsp;f_rename
<LI><a href="#[ef]">&gt;&gt;</a>&nbsp;&nbsp;&nbsp;f_mkdir
<LI><a href="#[4f]">&gt;&gt;</a>&nbsp;&nbsp;&nbsp;f_open
</UL>

<P><STRONG><a name="[dc]"></a>dir_remove</STRONG> (Thumb, 44 bytes, Stack size 16 bytes, ff.o(.text), UNUSED)
<BR><BR>[Calls]<UL><LI><a href="#[d4]">&gt;&gt;</a>&nbsp;&nbsp;&nbsp;dir_seek
<LI><a href="#[cc]">&gt;&gt;</a>&nbsp;&nbsp;&nbsp;move_window
</UL>
<BR>[Called By]<UL><LI><a href="#[f2]">&gt;&gt;</a>&nbsp;&nbsp;&nbsp;f_rename
<LI><a href="#[ee]">&gt;&gt;</a>&nbsp;&nbsp;&nbsp;f_unlink
</UL>

<P><STRONG><a name="[dd]"></a>create_name</STRONG> (Thumb, 318 bytes, Stack size 48 bytes, ff.o(.text))
<BR><BR>[Stack]<UL><LI>Max Depth = 60<LI>Call Chain = create_name &rArr; mem_set
</UL>
<BR>[Calls]<UL><LI><a href="#[de]">&gt;&gt;</a>&nbsp;&nbsp;&nbsp;chk_chr
<LI><a href="#[ce]">&gt;&gt;</a>&nbsp;&nbsp;&nbsp;mem_set
</UL>
<BR>[Called By]<UL><LI><a href="#[df]">&gt;&gt;</a>&nbsp;&nbsp;&nbsp;follow_path
</UL>

<P><STRONG><a name="[ea]"></a>get_fileinfo</STRONG> (Thumb, 152 bytes, Stack size 20 bytes, ff.o(.text), UNUSED)
<BR><BR>[Called By]<UL><LI><a href="#[eb]">&gt;&gt;</a>&nbsp;&nbsp;&nbsp;f_stat
<LI><a href="#[e9]">&gt;&gt;</a>&nbsp;&nbsp;&nbsp;f_readdir
</UL>

<P><STRONG><a name="[df]"></a>follow_path</STRONG> (Thumb, 166 bytes, Stack size 32 bytes, ff.o(.text))
<BR><BR>[Stack]<UL><LI>Max Depth = 312<LI>Call Chain = follow_path &rArr; dir_find &rArr; dir_next &rArr; create_chain &rArr; put_fat &rArr; move_window &rArr; disk_write &rArr; SD_WriteBlock &rArr; SD_LowLevel_DMA_TxConfig &rArr; DMA_Init
</UL>
<BR>[Calls]<UL><LI><a href="#[dd]">&gt;&gt;</a>&nbsp;&nbsp;&nbsp;create_name
<LI><a href="#[d7]">&gt;&gt;</a>&nbsp;&nbsp;&nbsp;dir_find
<LI><a href="#[d4]">&gt;&gt;</a>&nbsp;&nbsp;&nbsp;dir_seek
</UL>
<BR>[Called By]<UL><LI><a href="#[f2]">&gt;&gt;</a>&nbsp;&nbsp;&nbsp;f_rename
<LI><a href="#[f1]">&gt;&gt;</a>&nbsp;&nbsp;&nbsp;f_utime
<LI><a href="#[f0]">&gt;&gt;</a>&nbsp;&nbsp;&nbsp;f_chmod
<LI><a href="#[ef]">&gt;&gt;</a>&nbsp;&nbsp;&nbsp;f_mkdir
<LI><a href="#[ee]">&gt;&gt;</a>&nbsp;&nbsp;&nbsp;f_unlink
<LI><a href="#[eb]">&gt;&gt;</a>&nbsp;&nbsp;&nbsp;f_stat
<LI><a href="#[e8]">&gt;&gt;</a>&nbsp;&nbsp;&nbsp;f_opendir
<LI><a href="#[4f]">&gt;&gt;</a>&nbsp;&nbsp;&nbsp;f_open
</UL>

<P><STRONG><a name="[e0]"></a>check_fs</STRONG> (Thumb, 138 bytes, Stack size 16 bytes, ff.o(.text))
<BR><BR>[Stack]<UL><LI>Max Depth = 144<LI>Call Chain = check_fs &rArr; disk_read &rArr; SD_ReadMultiBlocks &rArr; SD_LowLevel_DMA_RxConfig &rArr; DMA_Init
</UL>
<BR>[Calls]<UL><LI><a href="#[ca]">&gt;&gt;</a>&nbsp;&nbsp;&nbsp;disk_read
</UL>
<BR>[Called By]<UL><LI><a href="#[e1]">&gt;&gt;</a>&nbsp;&nbsp;&nbsp;chk_mounted
</UL>

<P><STRONG><a name="[e3]"></a>validate</STRONG> (Thumb, 42 bytes, Stack size 16 bytes, ff.o(.text))
<BR><BR>[Stack]<UL><LI>Max Depth = 16<LI>Call Chain = validate
</UL>
<BR>[Calls]<UL><LI><a href="#[e2]">&gt;&gt;</a>&nbsp;&nbsp;&nbsp;disk_status
</UL>
<BR>[Called By]<UL><LI><a href="#[ed]">&gt;&gt;</a>&nbsp;&nbsp;&nbsp;f_truncate
<LI><a href="#[e9]">&gt;&gt;</a>&nbsp;&nbsp;&nbsp;f_readdir
<LI><a href="#[e7]">&gt;&gt;</a>&nbsp;&nbsp;&nbsp;f_lseek
<LI><a href="#[e6]">&gt;&gt;</a>&nbsp;&nbsp;&nbsp;f_sync
<LI><a href="#[e5]">&gt;&gt;</a>&nbsp;&nbsp;&nbsp;f_read
<LI><a href="#[50]">&gt;&gt;</a>&nbsp;&nbsp;&nbsp;f_write
</UL>

<P><STRONG><a name="[105]"></a>TI4_Config</STRONG> (Thumb, 130 bytes, Stack size 20 bytes, stm32f10x_tim.o(.text), UNUSED)
<BR><BR>[Called By]<UL><LI><a href="#[fe]">&gt;&gt;</a>&nbsp;&nbsp;&nbsp;TIM_ICInit
</UL>

<P><STRONG><a name="[103]"></a>TI3_Config</STRONG> (Thumb, 122 bytes, Stack size 20 bytes, stm32f10x_tim.o(.text), UNUSED)
<BR><BR>[Called By]<UL><LI><a href="#[fe]">&gt;&gt;</a>&nbsp;&nbsp;&nbsp;TIM_ICInit
</UL>

<P><STRONG><a name="[101]"></a>TI2_Config</STRONG> (Thumb, 130 bytes, Stack size 20 bytes, stm32f10x_tim.o(.text), UNUSED)
<BR><BR>[Called By]<UL><LI><a href="#[10a]">&gt;&gt;</a>&nbsp;&nbsp;&nbsp;TIM_TIxExternalClockConfig
<LI><a href="#[107]">&gt;&gt;</a>&nbsp;&nbsp;&nbsp;TIM_PWMIConfig
<LI><a href="#[fe]">&gt;&gt;</a>&nbsp;&nbsp;&nbsp;TIM_ICInit
</UL>

<P><STRONG><a name="[ff]"></a>TI1_Config</STRONG> (Thumb, 108 bytes, Stack size 20 bytes, stm32f10x_tim.o(.text), UNUSED)
<BR><BR>[Called By]<UL><LI><a href="#[10a]">&gt;&gt;</a>&nbsp;&nbsp;&nbsp;TIM_TIxExternalClockConfig
<LI><a href="#[107]">&gt;&gt;</a>&nbsp;&nbsp;&nbsp;TIM_PWMIConfig
<LI><a href="#[fe]">&gt;&gt;</a>&nbsp;&nbsp;&nbsp;TIM_ICInit
</UL>

<P><STRONG><a name="[111]"></a>SetSysClockTo72</STRONG> (Thumb, 214 bytes, Stack size 12 bytes, system_stm32f10x.o(.text))
<BR><BR>[Stack]<UL><LI>Max Depth = 12<LI>Call Chain = SetSysClockTo72
</UL>
<BR>[Called By]<UL><LI><a href="#[110]">&gt;&gt;</a>&nbsp;&nbsp;&nbsp;SetSysClock
</UL>

<P><STRONG><a name="[110]"></a>SetSysClock</STRONG> (Thumb, 8 bytes, Stack size 8 bytes, system_stm32f10x.o(.text))
<BR><BR>[Stack]<UL><LI>Max Depth = 20<LI>Call Chain = SetSysClock &rArr; SetSysClockTo72
</UL>
<BR>[Calls]<UL><LI><a href="#[111]">&gt;&gt;</a>&nbsp;&nbsp;&nbsp;SetSysClockTo72
</UL>
<BR>[Called By]<UL><LI><a href="#[47]">&gt;&gt;</a>&nbsp;&nbsp;&nbsp;SystemInit
</UL>

<P><STRONG><a name="[113]"></a>_isoweek</STRONG> (Thumb, 64 bytes, Stack size 16 bytes, strftime.o(.text))
<BR><BR>[Stack]<UL><LI>Max Depth = 16<LI>Call Chain = _isoweek
</UL>
<BR>[Calls]<UL><LI><a href="#[114]">&gt;&gt;</a>&nbsp;&nbsp;&nbsp;_yeardays
</UL>
<BR>[Called By]<UL><LI><a href="#[62]">&gt;&gt;</a>&nbsp;&nbsp;&nbsp;strftime
</UL>

<P><STRONG><a name="[114]"></a>_yeardays</STRONG> (Thumb, 42 bytes, Stack size 0 bytes, strftime.o(.text))
<BR><BR>[Called By]<UL><LI><a href="#[113]">&gt;&gt;</a>&nbsp;&nbsp;&nbsp;_isoweek
</UL>

<P><STRONG><a name="[12a]"></a>_fp_digits</STRONG> (Thumb, 366 bytes, Stack size 64 bytes, printfa.o(i._fp_digits), UNUSED)
<BR><BR>[Calls]<UL><LI><a href="#[124]">&gt;&gt;</a>&nbsp;&nbsp;&nbsp;__aeabi_dmul
<LI><a href="#[125]">&gt;&gt;</a>&nbsp;&nbsp;&nbsp;__aeabi_ddiv
<LI><a href="#[11e]">&gt;&gt;</a>&nbsp;&nbsp;&nbsp;__aeabi_dadd
<LI><a href="#[126]">&gt;&gt;</a>&nbsp;&nbsp;&nbsp;__aeabi_d2ulz
<LI><a href="#[12b]">&gt;&gt;</a>&nbsp;&nbsp;&nbsp;__aeabi_cdrcmple
<LI><a href="#[11b]">&gt;&gt;</a>&nbsp;&nbsp;&nbsp;__aeabi_uldivmod
</UL>
<BR>[Called By]<UL><LI><a href="#[129]">&gt;&gt;</a>&nbsp;&nbsp;&nbsp;_printf_core
</UL>

<P><STRONG><a name="[129]"></a>_printf_core</STRONG> (Thumb, 1744 bytes, Stack size 136 bytes, printfa.o(i._printf_core), UNUSED)
<BR><BR>[Calls]<UL><LI><a href="#[12c]">&gt;&gt;</a>&nbsp;&nbsp;&nbsp;_printf_pre_padding
<LI><a href="#[12d]">&gt;&gt;</a>&nbsp;&nbsp;&nbsp;_printf_post_padding
<LI><a href="#[12a]">&gt;&gt;</a>&nbsp;&nbsp;&nbsp;_fp_digits
<LI><a href="#[11b]">&gt;&gt;</a>&nbsp;&nbsp;&nbsp;__aeabi_uldivmod
<LI><a href="#[12e]">&gt;&gt;</a>&nbsp;&nbsp;&nbsp;__aeabi_uidivmod
</UL>
<BR>[Called By]<UL><LI><a href="#[128]">&gt;&gt;</a>&nbsp;&nbsp;&nbsp;__0printf
</UL>

<P><STRONG><a name="[12d]"></a>_printf_post_padding</STRONG> (Thumb, 36 bytes, Stack size 24 bytes, printfa.o(i._printf_post_padding), UNUSED)
<BR><BR>[Called By]<UL><LI><a href="#[129]">&gt;&gt;</a>&nbsp;&nbsp;&nbsp;_printf_core
</UL>

<P><STRONG><a name="[12c]"></a>_printf_pre_padding</STRONG> (Thumb, 46 bytes, Stack size 24 bytes, printfa.o(i._printf_pre_padding), UNUSED)
<BR><BR>[Called By]<UL><LI><a href="#[129]">&gt;&gt;</a>&nbsp;&nbsp;&nbsp;_printf_core
</UL>
<P>
<H3>
Undefined Global Symbols
</H3><HR></body></html>
