Component: ARM Compiler 5.06 update 4 (build 422) Tool: armlink [4d35d2]

==============================================================================

Section Cross References

    startup_stm32f10x_hd.o(RESET) refers to startup_stm32f10x_hd.o(STACK) for __initial_sp
    startup_stm32f10x_hd.o(RESET) refers to startup_stm32f10x_hd.o(.text) for Reset_Handler
    startup_stm32f10x_hd.o(RESET) refers to stm32f10x_it.o(.text) for NMI_Handler
    startup_stm32f10x_hd.o(.text) refers to system_stm32f10x.o(.text) for SystemInit
    startup_stm32f10x_hd.o(.text) refers to entry.o(.ARM.Collect$$$$00000000) for __main
    main.o(.text) refers to usrtconfig.o(.text) for USART1_Config
    main.o(.text) refers to rtc.o(.text) for RTC_Configuration
    main.o(.text) refers to tim.o(.text) for TIM2_NVIC_Configuration
    main.o(.text) refers to stm32f10x_rcc.o(.text) for RCC_APB1PeriphClockCmd
    main.o(.text) refers to led.o(.text) for LED_GPIO_Config
    main.o(.text) refers to sysdelay.o(.text) for SysTick_Init
    main.o(.text) refers to exti.o(.text) for EXTI_PA5_Config
    main.o(.text) refers to flash.o(.text) for readFlashInit
    main.o(.text) refers to memseta.o(.text) for __aeabi_memclr4
    main.o(.text) refers to memcpya.o(.text) for __aeabi_memcpy4
    main.o(.text) refers to printfa.o(i.__0printf) for __2printf
    main.o(.text) refers to strftime.o(.text) for strftime
    main.o(.text) refers to f2d.o(.text) for __aeabi_f2d
    main.o(.text) refers to stm32f10x_it.o(.bss) for timeArray
    main.o(.text) refers to stm32f10x_it.o(.data) for TimingDelay
    stm32f10x_it.o(.text) refers to sysdelay.o(.text) for TimingDelay_Decrement
    stm32f10x_it.o(.text) refers to stm32f10x_exti.o(.text) for EXTI_GetITStatus
    stm32f10x_it.o(.text) refers to memcpya.o(.text) for __aeabi_memcpy4
    stm32f10x_it.o(.text) refers to rtc.o(.text) for Time_Adjust
    stm32f10x_it.o(.text) refers to ffixi.o(.text) for __aeabi_f2iz
    stm32f10x_it.o(.text) refers to stm32f10x_tim.o(.text) for TIM_GetITStatus
    stm32f10x_it.o(.text) refers to stm32f10x_rtc.o(.text) for RTC_GetCounter
    stm32f10x_it.o(.text) refers to stm32f10x_usart.o(.text) for USART_GetITStatus
    stm32f10x_it.o(.text) refers to strcmp.o(.text) for strcmp
    stm32f10x_it.o(.text) refers to memseta.o(.text) for __aeabi_memclr
    stm32f10x_it.o(.text) refers to flash.o(.text) for Readflash
    stm32f10x_it.o(.text) refers to strftime.o(.text) for strftime
    stm32f10x_it.o(.text) refers to f2d.o(.text) for __aeabi_f2d
    stm32f10x_it.o(.text) refers to printfa.o(i.__0printf) for __2printf
    stm32f10x_it.o(.text) refers to stm32f10x_it.o(.data) for updateBaseTime
    stm32f10x_it.o(.text) refers to stm32f10x_it.o(.bss) for NowTime
    stm32f10x_it.o(.text) refers to sysdelay.o(.data) for DelayUsTime
    stm32f10x_it.o(.text) refers to rtc.o(.data) for RTCEnableFlag
    stm32f10x_it.o(.text) refers to flash.o(.data) for count
    exti.o(.text) refers to misc.o(.text) for NVIC_PriorityGroupConfig
    exti.o(.text) refers to stm32f10x_rcc.o(.text) for RCC_APB2PeriphClockCmd
    exti.o(.text) refers to stm32f10x_gpio.o(.text) for GPIO_Init
    exti.o(.text) refers to stm32f10x_exti.o(.text) for EXTI_Init
    led.o(.text) refers to stm32f10x_rcc.o(.text) for RCC_APB2PeriphClockCmd
    led.o(.text) refers to stm32f10x_gpio.o(.text) for GPIO_Init
    sysdelay.o(.text) refers to stm32f10x_gpio.o(.text) for GPIO_ReadInputDataBit
    sysdelay.o(.text) refers to rtc.o(.text) for getTMforRTC
    sysdelay.o(.text) refers to memcpya.o(.text) for __aeabi_memcpy4
    sysdelay.o(.text) refers to fdiv.o(.text) for __aeabi_fdiv
    sysdelay.o(.text) refers to ffltui.o(.text) for __aeabi_ui2f
    sysdelay.o(.text) refers to fadd.o(.text) for __aeabi_fadd
    sysdelay.o(.text) refers to system_stm32f10x.o(.data) for SystemCoreClock
    sysdelay.o(.text) refers to sysdelay.o(.data) for delayTime
    sysdelay.o(.text) refers to rtc.o(.data) for RTCEnableFlag
    sysdelay.o(.text) refers to stm32f10x_it.o(.data) for PLTindex
    sysdelay.o(.text) refers to stm32f10x_it.o(.bss) for PLT
    usrtconfig.o(.text) refers to stm32f10x_rcc.o(.text) for RCC_APB2PeriphClockCmd
    usrtconfig.o(.text) refers to stm32f10x_gpio.o(.text) for GPIO_Init
    usrtconfig.o(.text) refers to stm32f10x_usart.o(.text) for USART_Init
    usrtconfig.o(.text) refers to misc.o(.text) for NVIC_PriorityGroupConfig
    tim.o(.text) refers to misc.o(.text) for NVIC_PriorityGroupConfig
    tim.o(.text) refers to stm32f10x_rcc.o(.text) for RCC_APB1PeriphClockCmd
    tim.o(.text) refers to stm32f10x_tim.o(.text) for TIM_DeInit
    rtc.o(.text) refers to mktime.o(.text) for mktime
    rtc.o(.text) refers to stm32f10x_rtc.o(.text) for RTC_WaitForLastTask
    rtc.o(.text) refers to localtime_w.o(.text) for localtime
    rtc.o(.text) refers to memcpya.o(.text) for __aeabi_memcpy4
    rtc.o(.text) refers to misc.o(.text) for NVIC_Init
[...]
    printf5.o(i.__0vsprintf$5) refers to printf5.o(i._printf_core) for _printf_core
    printf5.o(i.__0vsprintf$5) refers to printf5.o(i._sputc) for _sputc
    printf5.o(i._printf_core) refers to uldiv.o(.text) for __aeabi_uldivmod
    printf6.o(i.__0fprintf$6) refers to printf6.o(i._printf_core) for _printf_core
    printf6.o(i.__0fprintf$6) refers to usrtconfig.o(.text) for fputc
    printf6.o(i.__0printf$6) refers to printf6.o(i._printf_core) for _printf_core
    printf6.o(i.__0printf$6) refers to usrtconfig.o(.text) for fputc
    printf6.o(i.__0printf$6) refers to stdout.o(.data) for __stdout
    printf6.o(i.__0snprintf$6) refers to printf6.o(i._printf_core) for _printf_core
    printf6.o(i.__0snprintf$6) refers to printf6.o(i._snputc) for _snputc
    printf6.o(i.__0sprintf$6) refers to printf6.o(i._printf_core) for _printf_core
    printf6.o(i.__0sprintf$6) refers to printf6.o(i._sputc) for _sputc
    printf6.o(i.__0vfprintf$6) refers to printf6.o(i._printf_core) for _printf_core
    printf6.o(i.__0vfprintf$6) refers to usrtconfig.o(.text) for fputc
    printf6.o(i.__0vprintf$6) refers to printf6.o(i._printf_core) for _printf_core
    printf6.o(i.__0vprintf$6) refers to usrtconfig.o(.text) for fputc
    printf6.o(i.__0vprintf$6) refers to stdout.o(.data) for __stdout
    printf6.o(i.__0vsnprintf$6) refers to printf6.o(i._printf_core) for _printf_core
    printf6.o(i.__0vsnprintf$6) refers to printf6.o(i._snputc) for _snputc
    printf6.o(i.__0vsprintf$6) refers to printf6.o(i._printf_core) for _printf_core
    printf6.o(i.__0vsprintf$6) refers to printf6.o(i._sputc) for _sputc
    printf6.o(i._printf_core) refers to printf6.o(i._printf_pre_padding) for _printf_pre_padding
    printf6.o(i._printf_core) refers to uidiv.o(.text) for __aeabi_uidivmod
    printf6.o(i._printf_core) refers to printf6.o(i._printf_post_padding) for _printf_post_padding
    printf7.o(i.__0fprintf$7) refers to printf7.o(i._printf_core) for _printf_core
    printf7.o(i.__0fprintf$7) refers to usrtconfig.o(.text) for fputc
    printf7.o(i.__0printf$7) refers to printf7.o(i._printf_core) for _printf_core
    printf7.o(i.__0printf$7) refers to usrtconfig.o(.text) for fputc
    printf7.o(i.__0printf$7) refers to stdout.o(.data) for __stdout
    printf7.o(i.__0snprintf$7) refers to printf7.o(i._printf_core) for _printf_core
    printf7.o(i.__0snprintf$7) refers to printf7.o(i._snputc) for _snputc
    printf7.o(i.__0sprintf$7) refers to printf7.o(i._printf_core) for _printf_core
    printf7.o(i.__0sprintf$7) refers to printf7.o(i._sputc) for _sputc
    printf7.o(i.__0vfprintf$7) refers to printf7.o(i._printf_core) for _printf_core
    printf7.o(i.__0vfprintf$7) refers to usrtconfig.o(.text) for fputc
    printf7.o(i.__0vprintf$7) refers to printf7.o(i._printf_core) for _printf_core
    printf7.o(i.__0vprintf$7) refers to usrtconfig.o(.text) for fputc
    printf7.o(i.__0vprintf$7) refers to stdout.o(.data) for __stdout
    printf7.o(i.__0vsnprintf$7) refers to printf7.o(i._printf_core) for _printf_core
    printf7.o(i.__0vsnprintf$7) refers to printf7.o(i._snputc) for _snputc
    printf7.o(i.__0vsprintf$7) refers to printf7.o(i._printf_core) for _printf_core
    printf7.o(i.__0vsprintf$7) refers to printf7.o(i._sputc) for _sputc
    printf7.o(i._printf_core) refers to printf7.o(i._printf_pre_padding) for _printf_pre_padding
    printf7.o(i._printf_core) refers to uldiv.o(.text) for __aeabi_uldivmod
    printf7.o(i._printf_core) refers to printf7.o(i._printf_post_padding) for _printf_post_padding
    printf8.o(i.__0fprintf$8) refers to printf8.o(i._printf_core) for _printf_core
    printf8.o(i.__0fprintf$8) refers to usrtconfig.o(.text) for fputc
    printf8.o(i.__0printf$8) refers to printf8.o(i._printf_core) for _printf_core
    printf8.o(i.__0printf$8) refers to usrtconfig.o(.text) for fputc
    printf8.o(i.__0printf$8) refers to stdout.o(.data) for __stdout
    printf8.o(i.__0snprintf$8) refers to printf8.o(i._printf_core) for _printf_core
    printf8.o(i.__0snprintf$8) refers to printf8.o(i._snputc) for _snputc
    printf8.o(i.__0sprintf$8) refers to printf8.o(i._printf_core) for _printf_core
    printf8.o(i.__0sprintf$8) refers to printf8.o(i._sputc) for _sputc
    printf8.o(i.__0vfprintf$8) refers to printf8.o(i._printf_core) for _printf_core
    printf8.o(i.__0vfprintf$8) refers to usrtconfig.o(.text) for fputc
    printf8.o(i.__0vprintf$8) refers to printf8.o(i._printf_core) for _printf_core
    printf8.o(i.__0vprintf$8) refers to usrtconfig.o(.text) for fputc
    printf8.o(i.__0vprintf$8) refers to stdout.o(.data) for __stdout
    printf8.o(i.__0vsnprintf$8) refers to printf8.o(i._printf_core) for _printf_core
    printf8.o(i.__0vsnprintf$8) refers to printf8.o(i._snputc) for _snputc
    printf8.o(i.__0vsprintf$8) refers to printf8.o(i._printf_core) for _printf_core
    printf8.o(i.__0vsprintf$8) refers to printf8.o(i._sputc) for _sputc
    printf8.o(i._printf_core) refers to printf8.o(i._printf_pre_padding) for _printf_pre_padding
    printf8.o(i._printf_core) refers to uldiv.o(.text) for __aeabi_uldivmod
    printf8.o(i._printf_core) refers to printf8.o(i._printf_post_padding) for _printf_post_padding
    printfa.o(i.__0fprintf) refers (Special) to iusefp.o(.text) for __I$use$fp
    printfa.o(i.__0fprintf) refers to printfa.o(i._printf_core) for _printf_core
    printfa.o(i.__0fprintf) refers to usrtconfig.o(.text) for fputc
    printfa.o(i.__0printf) refers (Special) to iusefp.o(.text) for __I$use$fp
    printfa.o(i.__0printf) refers to printfa.o(i._printf_core) for _printf_core
    printfa.o(i.__0printf) refers to usrtconfig.o(.text) for fputc
    printfa.o(i.__0printf) refers to stdout.o(.data) for __stdout
    printfa.o(i.__0snprintf) refers (Special) to iusefp.o(.text) for __I$use$fp
    printfa.o(i.__0snprintf) refers to printfa.o(i._printf_core) for _printf_core
    printfa.o(i.__0snprintf) refers to printfa.o(i._snputc) for _snputc
    printfa.o(i.__0sprintf) refers (Special) to iusefp.o(.text) for __I$use$fp
    printfa.o(i.__0sprintf) refers to printfa.o(i._printf_core) for _printf_core
    printfa.o(i.__0sprintf) refers to printfa.o(i._sputc) for _sputc
    printfa.o(i.__0vfprintf) refers (Special) to iusefp.o(.text) for __I$use$fp
    printfa.o(i.__0vfprintf) refers to printfa.o(i._printf_core) for _printf_core
    printfa.o(i.__0vfprintf) refers to usrtconfig.o(.text) for fputc
    printfa.o(i.__0vprintf) refers (Special) to iusefp.o(.text) for __I$use$fp
    printfa.o(i.__0vprintf) refers to printfa.o(i._printf_core) for _printf_core
    printfa.o(i.__0vprintf) refers to usrtconfig.o(.text) for fputc
    printfa.o(i.__0vprintf) refers to stdout.o(.data) for __stdout
    printfa.o(i.__0vsnprintf) refers (Special) to iusefp.o(.text) for __I$use$fp
    printfa.o(i.__0vsnprintf) refers to printfa.o(i._printf_core) for _printf_core
    printfa.o(i.__0vsnprintf) refers to printfa.o(i._snputc) for _snputc
    printfa.o(i.__0vsprintf) refers (Special) to iusefp.o(.text) for __I$use$fp
    printfa.o(i.__0vsprintf) refers to printfa.o(i._printf_core) for _printf_core
    printfa.o(i.__0vsprintf) refers to printfa.o(i._sputc) for _sputc
    printfa.o(i._fp_digits) refers (Special) to iusefp.o(.text) for __I$use$fp
    printfa.o(i._fp_digits) refers to dmul.o(.text) for __aeabi_dmul
    printfa.o(i._fp_digits) refers to ddiv.o(.text) for __aeabi_ddiv
    printfa.o(i._fp_digits) refers to cdrcmple.o(.text) for __aeabi_cdrcmple
    printfa.o(i._fp_digits) refers to dadd.o(.text) for __aeabi_dadd
    printfa.o(i._fp_digits) refers to dfixul.o(.text) for __aeabi_d2ulz
    printfa.o(i._fp_digits) refers to uldiv.o(.text) for __aeabi_uldivmod
    printfa.o(i._printf_core) refers (Special) to iusefp.o(.text) for __I$use$fp
    printfa.o(i._printf_core) refers to printfa.o(i._printf_pre_padding) for _printf_pre_padding
    printfa.o(i._printf_core) refers to uldiv.o(.text) for __aeabi_uldivmod
    printfa.o(i._printf_core) refers to printfa.o(i._printf_post_padding) for _printf_post_padding
    printfa.o(i._printf_core) refers to printfa.o(i._fp_digits) for _fp_digits
    printfa.o(i._printf_core) refers to uidiv.o(.text) for __aeabi_uidivmod
    printfa.o(i._printf_post_padding) refers (Special) to iusefp.o(.text) for __I$use$fp
    printfa.o(i._printf_pre_padding) refers (Special) to iusefp.o(.text) for __I$use$fp
    printfa.o(i._snputc) refers (Special) to iusefp.o(.text) for __I$use$fp
    printfa.o(i._sputc) refers (Special) to iusefp.o(.text) for __I$use$fp
    fadd.o(.text) refers (Special) to iusefp.o(.text) for __I$use$fp
    fadd.o(.text) refers to fepilogue.o(.text) for _float_epilogue
    fmul.o(.text) refers (Special) to iusefp.o(.text) for __I$use$fp
    fdiv.o(.text) refers (Special) to iusefp.o(.text) for __I$use$fp
    fdiv.o(.text) refers to fepilogue.o(.text) for _float_round
    fflti.o(.text) refers (Special) to iusefp.o(.text) for __I$use$fp
    fflti.o(.text) refers to fepilogue.o(.text) for _float_epilogue
    ffltui.o(.text) refers (Special) to iusefp.o(.text) for __I$use$fp
    ffltui.o(.text) refers to fepilogue.o(.text) for _float_epilogue
    ffixi.o(.text) refers (Special) to iusefp.o(.text) for __I$use$fp
    ffixui.o(.text) refers (Special) to iusefp.o(.text) for __I$use$fp
    f2d.o(.text) refers (Special) to iusefp.o(.text) for __I$use$fp
    entry2.o(.ARM.Collect$$$$00000001) refers to entry2.o(.ARM.Collect$$$$00002712) for __lit__00000000
    entry2.o(.ARM.Collect$$$$00002712) refers to startup_stm32f10x_hd.o(STACK) for __initial_sp
    entry2.o(__vectab_stack_and_reset_area) refers to startup_stm32f10x_hd.o(STACK) for __initial_sp
    entry2.o(__vectab_stack_and_reset_area) refers to entry.o(.ARM.Collect$$$$00000000) for __main
    entry5.o(.ARM.Collect$$$$00000004) refers to init.o(.text) for __scatterload
    entry9a.o(.ARM.Collect$$$$0000000B) refers to main.o(.text) for main
    entry9b.o(.ARM.Collect$$$$0000000C) refers to main.o(.text) for main
    uldiv.o(.text) refers to llushr.o(.text) for __aeabi_llsr
    uldiv.o(.text) refers to llshl.o(.text) for __aeabi_llsl
    localtime_w.o(.text) refers to localtime_i.o(.text) for _localtime
    localtime_w.o(.text) refers to localtime_w.o(.bss) for .bss
    localtime_i.o(.text) refers to localtime_i.o(.constdata) for .constdata
    dadd.o(.text) refers to llshl.o(.text) for __aeabi_llsl
    dadd.o(.text) refers to llsshr.o(.text) for __aeabi_lasr
    dadd.o(.text) refers to depilogue.o(.text) for _double_epilogue
    dmul.o(.text) refers to depilogue.o(.text) for _double_epilogue
    ddiv.o(.text) refers to depilogue.o(.text) for _double_round
    dfixul.o(.text) refers to llushr.o(.text) for __aeabi_llsr
    dfixul.o(.text) refers to llshl.o(.text) for __aeabi_llsl
    init.o(.text) refers to entry5.o(.ARM.Collect$$$$00000004) for __main_after_scatterload
    depilogue.o(.text) refers to llshl.o(.text) for __aeabi_llsl
    depilogue.o(.text) refers to llushr.o(.text) for __aeabi_llsr


==============================================================================

Removing Unused input sections from the image.

    Removing startup_stm32f10x_hd.o(HEAP), (512 bytes).
    Removing core_cm3.o(.emb_text), (32 bytes).

2 unused section(s) (total 544 bytes) removed from the image.

==============================================================================

Image Symbol Table

    Local Symbols

    Symbol Name                              Value     Ov Type        Size  Object(Section)

    ../clib/microlib/division.c              0x00000000   Number         0  uldiv.o ABSOLUTE
    ../clib/microlib/division.c              0x00000000   Number         0  uidiv.o ABSOLUTE
    ../clib/microlib/init/entry.s            0x00000000   Number         0  entry11a.o ABSOLUTE
    ../clib/microlib/init/entry.s            0x00000000   Number         0  entry7b.o ABSOLUTE
    ../clib/microlib/init/entry.s            0x00000000   Number         0  entry8a.o ABSOLUTE
    ../clib/microlib/init/entry.s            0x00000000   Number         0  entry8b.o ABSOLUTE
    ../clib/microlib/init/entry.s            0x00000000   Number         0  entry.o ABSOLUTE
    ../clib/microlib/init/entry.s            0x00000000   Number         0  entry9a.o ABSOLUTE
    ../clib/microlib/init/entry.s            0x00000000   Number         0  entry10b.o ABSOLUTE
    ../clib/microlib/init/entry.s            0x00000000   Number         0  entry2.o ABSOLUTE
    ../clib/microlib/init/entry.s            0x00000000   Number         0  entry9b.o ABSOLUTE
    ../clib/microlib/init/entry.s            0x00000000   Number         0  entry5.o ABSOLUTE
    ../clib/microlib/init/entry.s            0x00000000   Number         0  entry11b.o ABSOLUTE
    ../clib/microlib/init/entry.s            0x00000000   Number         0  entry7a.o ABSOLUTE
    ../clib/microlib/init/entry.s            0x00000000   Number         0  entry10a.o ABSOLUTE
    ../clib/microlib/longlong.c              0x00000000   Number         0  llshl.o ABSOLUTE
    ../clib/microlib/longlong.c              0x00000000   Number         0  llushr.o ABSOLUTE
    ../clib/microlib/longlong.c              0x00000000   Number         0  llsshr.o ABSOLUTE
    ../clib/microlib/printf/printf.c         0x00000000   Number         0  printf4.o ABSOLUTE
    ../clib/microlib/printf/printf.c         0x00000000   Number         0  printf8.o ABSOLUTE
    ../clib/microlib/printf/printf.c         0x00000000   Number         0  printf5.o ABSOLUTE
    ../clib/microlib/printf/printf.c         0x00000000   Number         0  printf2.o ABSOLUTE
    ../clib/microlib/printf/printf.c         0x00000000   Number         0  printfa.o ABSOLUTE
    ../clib/microlib/printf/printf.c         0x00000000   Number         0  printf6.o ABSOLUTE
    ../clib/microlib/printf/printf.c         0x00000000   Number         0  printf7.o ABSOLUTE
    ../clib/microlib/printf/printf.c         0x00000000   Number         0  printf0.o ABSOLUTE
    ../clib/microlib/printf/printf.c         0x00000000   Number         0  printf1.o ABSOLUTE
    ../clib/microlib/printf/printf.c         0x00000000   Number         0  printf3.o ABSOLUTE
    ../clib/microlib/printf/printf.c         0x00000000   Number         0  printfb.o ABSOLUTE
    ../clib/microlib/printf/stubs.s          0x00000000   Number         0  stubs.o ABSOLUTE
    ../clib/microlib/stdio/streams.c         0x00000000   Number         0  stdout.o ABSOLUTE
    ../clib/microlib/string/memcpy.c         0x00000000   Number         0  memcpya.o ABSOLUTE
    ../clib/microlib/string/memcpy.c         0x00000000   Number         0  memcpyb.o ABSOLUTE
    ../clib/microlib/string/memset.c         0x00000000   Number         0  memseta.o ABSOLUTE
    ../clib/microlib/string/strcmp.c         0x00000000   Number         0  strcmp.o ABSOLUTE
    ../clib/microlib/stubs.s                 0x00000000   Number         0  iusefp.o ABSOLUTE
    ../clib/microlib/time/asctime.c          0x00000000   Number         0  asctime_s.o ABSOLUTE
    ../clib/microlib/time/localtime.c        0x00000000   Number         0  localtime.o ABSOLUTE
    ../clib/microlib/time/localtime.c        0x00000000   Number         0  localtime_i.o ABSOLUTE
    ../clib/microlib/time/localtime.c        0x00000000   Number         0  localtime_w.o ABSOLUTE
    ../clib/microlib/time/mktime.c           0x00000000   Number         0  mktime.o ABSOLUTE
    ../clib/microlib/time/strftime.c         0x00000000   Number         0  strftime.o ABSOLUTE
    ../fplib/microlib/f2d.c                  0x00000000   Number         0  f2d.o ABSOLUTE
    ../fplib/microlib/fpadd.c                0x00000000   Number         0  dadd.o ABSOLUTE
    ../fplib/microlib/fpadd.c                0x00000000   Number         0  fadd.o ABSOLUTE
    ../fplib/microlib/fpdiv.c                0x00000000   Number         0  ddiv.o ABSOLUTE
    ../fplib/microlib/fpdiv.c                0x00000000   Number         0  fdiv.o ABSOLUTE
    ../fplib/microlib/fpepilogue.c           0x00000000   Number         0  fepilogue.o ABSOLUTE
    ../fplib/microlib/fpepilogue.c           0x00000000   Number         0  depilogue.o ABSOLUTE
    ../fplib/microlib/fpfix.c                0x00000000   Number         0  dfixul.o ABSOLUTE
    ../fplib/microlib/fpfix.c                0x00000000   Number         0  ffixi.o ABSOLUTE
    ../fplib/microlib/fpfix.c                0x00000000   Number         0  ffixui.o ABSOLUTE
    ../fplib/microlib/fpflt.c                0x00000000   Number         0  fflti.o ABSOLUTE
    ../fplib/microlib/fpflt.c                0x00000000   Number         0  ffltui.o ABSOLUTE
    ../fplib/microlib/fpmul.c                0x00000000   Number         0  fmul.o ABSOLUTE
    ../fplib/microlib/fpmul.c                0x00000000   Number         0  dmul.o ABSOLUTE
    ..\CMSIS\core_cm3.c                      0x00000000   Number         0  core_cm3.o ABSOLUTE
    ..\CMSIS\startup\startup_stm32f10x_hd.s  0x00000000   Number         0  startup_stm32f10x_hd.o ABSOLUTE
    ..\CMSIS\system_stm32f10x.c              0x00000000   Number         0  system_stm32f10x.o ABSOLUTE
    ..\FWlib\src\misc.c                      0x00000000   Number         0  misc.o ABSOLUTE
    ..\FWlib\src\stm32f10x_bkp.c             0x00000000   Number         0  stm32f10x_bkp.o ABSOLUTE
    ..\FWlib\src\stm32f10x_exti.c            0x00000000   Number         0  stm32f10x_exti.o ABSOLUTE
    ..\FWlib\src\stm32f10x_flash.c           0x00000000   Number         0  stm32f10x_flash.o ABSOLUTE
    ..\FWlib\src\stm32f10x_gpio.c            0x00000000   Number         0  stm32f10x_gpio.o ABSOLUTE
    ..\FWlib\src\stm32f10x_pwr.c             0x00000000   Number         0  stm32f10x_pwr.o ABSOLUTE
    ..\FWlib\src\stm32f10x_rcc.c             0x00000000   Number         0  stm32f10x_rcc.o ABSOLUTE
    ..\FWlib\src\stm32f10x_rtc.c             0x00000000   Number         0  stm32f10x_rtc.o ABSOLUTE
    ..\FWlib\src\stm32f10x_tim.c             0x00000000   Number         0  stm32f10x_tim.o ABSOLUTE
    ..\FWlib\src\stm32f10x_usart.c           0x00000000   Number         0  stm32f10x_usart.o ABSOLUTE
    ..\\CMSIS\\core_cm3.c                    0x00000000   Number         0  core_cm3.o ABSOLUTE
    RTC.c                                    0x00000000   Number         0  rtc.o ABSOLUTE
    Tim.c                                    0x00000000   Number         0  tim.o ABSOLUTE
    cdrcmple.s                               0x00000000   Number         0  cdrcmple.o ABSOLUTE
    dc.s                                     0x00000000   Number         0  dc.o ABSOLUTE
    exti.c                                   0x00000000   Number         0  exti.o ABSOLUTE
    flash.c                                  0x00000000   Number         0  flash.o ABSOLUTE
    handlers.s                               0x00000000   Number         0  handlers.o ABSOLUTE
    init.s                                   0x00000000   Number         0  init.o ABSOLUTE
    led.c                                    0x00000000   Number         0  led.o ABSOLUTE
    main.c                                   0x00000000   Number         0  main.o ABSOLUTE
    stm32f10x_it.c                           0x00000000   Number         0  stm32f10x_it.o ABSOLUTE
    sysdelay.c                               0x00000000   Number         0  sysdelay.o ABSOLUTE
    usrtConfig.c                             0x00000000   Number         0  usrtconfig.o ABSOLUTE
    RESET                                    0x08000000   Section      304  startup_stm32f10x_hd.o(RESET)
    .ARM.Collect$$$$00000000                 0x08000130   Section        0  entry.o(.ARM.Collect$$$$00000000)
    .ARM.Collect$$$$00000001                 0x08000130   Section        4  entry2.o(.ARM.Collect$$$$00000001)
    .ARM.Collect$$$$00000004                 0x08000134   Section        4  entry5.o(.ARM.Collect$$$$00000004)
    .ARM.Collect$$$$00000008                 0x08000138   Section        0  entry7b.o(.ARM.Collect$$$$00000008)
    .ARM.Collect$$$$0000000A                 0x08000138   Section        0  entry8b.o(.ARM.Collect$$$$0000000A)
    .ARM.Collect$$$$0000000B                 0x08000138   Section        8  entry9a.o(.ARM.Collect$$$$0000000B)
    .ARM.Collect$$$$0000000D                 0x08000140   Section        0  entry10a.o(.ARM.Collect$$$$0000000D)
    .ARM.Collect$$$$0000000F                 0x08000140   Section        0  entry11a.o(.ARM.Collect$$$$0000000F)
    .ARM.Collect$$$$00002712                 0x08000140   Section        4  entry2.o(.ARM.Collect$$$$00002712)
    __lit__00000000                          0x08000140   Data           4  entry2.o(.ARM.Collect$$$$00002712)
    .text                                    0x08000144   Section       36  startup_stm32f10x_hd.o(.text)
    .text                                    0x08000168   Section        0  main.o(.text)
    .text                                    0x08000260   Section        0  stm32f10x_it.o(.text)
    .text                                    0x080006c4   Section        0  exti.o(.text)
    NVIC_Configuration                       0x080006c5   Thumb Code    40  exti.o(.text)
    .text                                    0x08000780   Section        0  led.o(.text)
    .text                                    0x080007d0   Section        0  sysdelay.o(.text)
    .text                                    0x080009f8   Section        0  usrtconfig.o(.text)
    .text                                    0x08000b64   Section        0  tim.o(.text)
    .text                                    0x08000be8   Section        0  rtc.o(.text)
    NVIC_Configuration                       0x08000cb3   Thumb Code    34  rtc.o(.text)
    .text                                    0x08000ef8   Section        0  flash.o(.text)
    .text                                    0x080011f4   Section        0  stm32f10x_rcc.o(.text)
    .text                                    0x08001598   Section        0  stm32f10x_gpio.o(.text)
    .text                                    0x080018f4   Section        0  stm32f10x_exti.o(.text)
    .text                                    0x08001a10   Section        0  misc.o(.text)
    .text                                    0x08001aec   Section        0  stm32f10x_usart.o(.text)
    .text                                    0x08001ef4   Section        0  stm32f10x_rtc.o(.text)
    .text                                    0x0800203c   Section        0  stm32f10x_tim.o(.text)
    TI4_Config                               0x080024e3   Thumb Code   130  stm32f10x_tim.o(.text)
    TI3_Config                               0x08002577   Thumb Code   122  stm32f10x_tim.o(.text)
    TI2_Config                               0x0800260b   Thumb Code   130  stm32f10x_tim.o(.text)
    TI1_Config                               0x0800269f   Thumb Code   108  stm32f10x_tim.o(.text)
    .text                                    0x08002e58   Section        0  stm32f10x_pwr.o(.text)
    .text                                    0x08002f24   Section        0  stm32f10x_bkp.o(.text)
    .text                                    0x08002fe8   Section        0  stm32f10x_flash.o(.text)
    .text                                    0x080035a4   Section        0  system_stm32f10x.o(.text)
    SetSysClockTo72                          0x080035a5   Thumb Code   214  system_stm32f10x.o(.text)
    SetSysClock                              0x0800367b   Thumb Code     8  system_stm32f10x.o(.text)
    .text                                    0x08003784   Section        0  mktime.o(.text)
    .text                                    0x0800382c   Section        0  strftime.o(.text)
    _isoweek                                 0x0800382d   Thumb Code    64  strftime.o(.text)
    _yeardays                                0x08003ab1   Thumb Code    42  strftime.o(.text)
    .text                                    0x08003bc0   Section        0  memcpya.o(.text)
    .text                                    0x08003be4   Section        0  memseta.o(.text)
    .text                                    0x08003c08   Section        0  strcmp.o(.text)
    .text                                    0x08003c24   Section        0  fadd.o(.text)
    .text                                    0x08003cd4   Section        0  fmul.o(.text)
    .text                                    0x08003d38   Section        0  fdiv.o(.text)
    .text                                    0x08003db4   Section        0  fflti.o(.text)
    .text                                    0x08003dc6   Section        0  ffltui.o(.text)
    .text                                    0x08003dd0   Section        0  ffixi.o(.text)
    .text                                    0x08003e02   Section        0  ffixui.o(.text)
    .text                                    0x08003e2a   Section        0  f2d.o(.text)
    .text                                    0x08003e50   Section        0  uidiv.o(.text)
    .text                                    0x08003e7c   Section        0  uldiv.o(.text)
    .text                                    0x08003ee0   Section        0  localtime_w.o(.text)
    .text                                    0x08003eec   Section        0  localtime_i.o(.text)
    .text                                    0x08003f78   Section        0  fepilogue.o(.text)
    .text                                    0x08003f78   Section        0  iusefp.o(.text)
    .text                                    0x08003fe6   Section        0  dadd.o(.text)
    .text                                    0x08004134   Section        0  dmul.o(.text)
    .text                                    0x08004218   Section        0  ddiv.o(.text)
    .text                                    0x080042f6   Section        0  dfixul.o(.text)
    .text                                    0x08004328   Section       48  cdrcmple.o(.text)
    .text                                    0x08004358   Section       36  init.o(.text)
    .text                                    0x0800437c   Section        0  llshl.o(.text)
    .text                                    0x0800439a   Section        0  llushr.o(.text)
    .text                                    0x080043ba   Section        0  llsshr.o(.text)
    .text                                    0x080043de   Section        0  depilogue.o(.text)
    i.__0printf                              0x08004498   Section        0  printfa.o(i.__0printf)
    i.__scatterload_copy                     0x080044b8   Section       14  handlers.o(i.__scatterload_copy)
    i.__scatterload_null                     0x080044c6   Section        2  handlers.o(i.__scatterload_null)
    i.__scatterload_zeroinit                 0x080044c8   Section       14  handlers.o(i.__scatterload_zeroinit)
    i._fp_digits                             0x080044d8   Section        0  printfa.o(i._fp_digits)
    _fp_digits                               0x080044d9   Thumb Code   366  printfa.o(i._fp_digits)
    i._printf_core                           0x0800465c   Section        0  printfa.o(i._printf_core)
    _printf_core                             0x0800465d   Thumb Code  1744  printfa.o(i._printf_core)
    i._printf_post_padding                   0x08004d38   Section        0  printfa.o(i._printf_post_padding)
    _printf_post_padding                     0x08004d39   Thumb Code    36  printfa.o(i._printf_post_padding)
    i._printf_pre_padding                    0x08004d5c   Section        0  printfa.o(i._printf_pre_padding)
    _printf_pre_padding                      0x08004d5d   Thumb Code    46  printfa.o(i._printf_pre_padding)
    .constdata                               0x08004d8a   Section       12  rtc.o(.constdata)
    .constdata                               0x08004d96   Section       12  mktime.o(.constdata)
    monlen                                   0x08004d96   Data          12  mktime.o(.constdata)
    .constdata                               0x08004da4   Section       86  strftime.o(.constdata)
    .constdata                               0x08004dfa   Section       12  localtime_i.o(.constdata)
    monlen                                   0x08004dfa   Data          12  localtime_i.o(.constdata)
    .data                                    0x20000000   Section       45  stm32f10x_it.o(.data)
    timeIndex                                0x20000008   Data           4  stm32f10x_it.o(.data)
    index                                    0x2000001c   Data           4  stm32f10x_it.o(.data)
    index                                    0x20000020   Data           4  stm32f10x_it.o(.data)
    flag                                     0x20000024   Data           4  stm32f10x_it.o(.data)
    beginRecon                               0x20000028   Data           4  stm32f10x_it.o(.data)
    c                                        0x2000002c   Data           1  stm32f10x_it.o(.data)
    .data                                    0x20000030   Section       16  sysdelay.o(.data)
    .data                                    0x20000040   Section        7  rtc.o(.data)
    .data                                    0x20000048   Section       16  flash.o(.data)
    .data                                    0x20000058   Section       20  stm32f10x_rcc.o(.data)
    APBAHBPrescTable                         0x20000058   Data          16  stm32f10x_rcc.o(.data)
    ADCPrescTable                            0x20000068   Data           4  stm32f10x_rcc.o(.data)
    .data                                    0x2000006c   Section       20  system_stm32f10x.o(.data)
    .data                                    0x20000080   Section        4  stdout.o(.data)
    .bss                                     0x20000084   Section     2234  stm32f10x_it.o(.bss)
    c                                        0x2000092a   Data          20  stm32f10x_it.o(.bss)
    .bss                                     0x20000940   Section       44  rtc.o(.bss)
    .bss                                     0x2000096c   Section       44  localtime_w.o(.bss)
    _tms                                     0x2000096c   Data          44  localtime_w.o(.bss)
    STACK                                    0x20000998   Section     1024  startup_stm32f10x_hd.o(STACK)

    Global Symbols

    Symbol Name                              Value     Ov Type        Size  Object(Section)

    BuildAttributes$$THM_ISAv4$P$D$K$B$S$PE$A:L22UL41UL21$X:L11$S22US41US21$IEEE1$IW$USESV6$~STKCKD$USESV7$~SHL$OTIME$ROPI$EBA8$MICROLIB$REQ8$PRES8$EABIv2 0x00000000   Number         0  anon$$obj.o ABSOLUTE
    __ARM_use_no_argv                        0x00000000   Number         0  main.o ABSOLUTE
    _printf_a                                0x00000000   Number         0  stubs.o ABSOLUTE
    _printf_c                                0x00000000   Number         0  stubs.o ABSOLUTE
    _printf_charcount                        0x00000000   Number         0  stubs.o ABSOLUTE
    _printf_d                                0x00000000   Number         0  stubs.o ABSOLUTE
    _printf_e                                0x00000000   Number         0  stubs.o ABSOLUTE
    _printf_f                                0x00000000   Number         0  stubs.o ABSOLUTE
    _printf_flags                            0x00000000   Number         0  stubs.o ABSOLUTE
    _printf_fp_dec                           0x00000000   Number         0  stubs.o ABSOLUTE
    _printf_fp_hex                           0x00000000   Number         0  stubs.o ABSOLUTE
    _printf_g                                0x00000000   Number         0  stubs.o ABSOLUTE
    _printf_i                                0x00000000   Number         0  stubs.o ABSOLUTE
    _printf_int_dec                          0x00000000   Number         0  stubs.o ABSOLUTE
    _printf_l                                0x00000000   Number         0  stubs.o ABSOLUTE
    _printf_lc                               0x00000000   Number         0  stubs.o ABSOLUTE
    _printf_ll                               0x00000000   Number         0  stubs.o ABSOLUTE
    _printf_lld                              0x00000000   Number         0  stubs.o ABSOLUTE
    _printf_lli                              0x00000000   Number         0  stubs.o ABSOLUTE
    _printf_llo                              0x00000000   Number         0  stubs.o ABSOLUTE
    _printf_llu                              0x00000000   Number         0  stubs.o ABSOLUTE
    _printf_llx                              0x00000000   Number         0  stubs.o ABSOLUTE
    _printf_longlong_dec                     0x00000000   Number         0  stubs.o ABSOLUTE
    _printf_longlong_hex                     0x00000000   Number         0  stubs.o ABSOLUTE
    _printf_longlong_oct                     0x00000000   Number         0  stubs.o ABSOLUTE
    _printf_ls                               0x00000000   Number         0  stubs.o ABSOLUTE
    _printf_mbtowc                           0x00000000   Number         0  stubs.o ABSOLUTE
    _printf_n                                0x00000000   Number         0  stubs.o ABSOLUTE
    _printf_o                                0x00000000   Number         0  stubs.o ABSOLUTE
    _printf_p                                0x00000000   Number         0  stubs.o ABSOLUTE
    _printf_percent                          0x00000000   Number         0  stubs.o ABSOLUTE
    _printf_pre_padding                      0x00000000   Number         0  stubs.o ABSOLUTE
    _printf_return_value                     0x00000000   Number         0  stubs.o ABSOLUTE
    _printf_s                                0x00000000   Number         0  stubs.o ABSOLUTE
    _printf_sizespec                         0x00000000   Number         0  stubs.o ABSOLUTE
    _printf_str                              0x00000000   Number         0  stubs.o ABSOLUTE
    _printf_truncate_signed                  0x00000000   Number         0  stubs.o ABSOLUTE
    _printf_truncate_unsigned                0x00000000   Number         0  stubs.o ABSOLUTE
    _printf_u                                0x00000000   Number         0  stubs.o ABSOLUTE
    _printf_wc                               0x00000000   Number         0  stubs.o ABSOLUTE
    _printf_wctomb                           0x00000000   Number         0  stubs.o ABSOLUTE
    _printf_widthprec                        0x00000000   Number         0  stubs.o ABSOLUTE
    _printf_x                                0x00000000   Number         0  stubs.o ABSOLUTE
    __cpp_initialize__aeabi_                  - Undefined Weak Reference
    __cxa_finalize                            - Undefined Weak Reference
    __decompress                              - Undefined Weak Reference
    _clock_init                               - Undefined Weak Reference
    _microlib_exit                            - Undefined Weak Reference
    __Vectors_Size                           0x00000130   Number         0  startup_stm32f10x_hd.o ABSOLUTE
    __Vectors                                0x08000000   Data           4  startup_stm32f10x_hd.o(RESET)
    __Vectors_End                            0x08000130   Data           0  startup_stm32f10x_hd.o(RESET)
    __main                                   0x08000131   Thumb Code     0  entry.o(.ARM.Collect$$$$00000000)
    _main_stk                                0x08000131   Thumb Code     0  entry2.o(.ARM.Collect$$$$00000001)
    _main_scatterload                        0x08000135   Thumb Code     0  entry5.o(.ARM.Collect$$$$00000004)
    __main_after_scatterload                 0x08000139   Thumb Code     0  entry5.o(.ARM.Collect$$$$00000004)
    _main_clock                              0x08000139   Thumb Code     0  entry7b.o(.ARM.Collect$$$$00000008)
    _main_cpp_init                           0x08000139   Thumb Code     0  entry8b.o(.ARM.Collect$$$$0000000A)
    _main_init                               0x08000139   Thumb Code     0  entry9a.o(.ARM.Collect$$$$0000000B)
    __rt_final_cpp                           0x08000141   Thumb Code     0  entry10a.o(.ARM.Collect$$$$0000000D)
    __rt_final_exit                          0x08000141   Thumb Code     0  entry11a.o(.ARM.Collect$$$$0000000F)
    Reset_Handler                            0x08000145   Thumb Code     8  startup_stm32f10x_hd.o(.text)
    ADC1_2_IRQHandler                        0x0800015f   Thumb Code     0  startup_stm32f10x_hd.o(.text)
    ADC3_IRQHandler                          0x0800015f   Thumb Code     0  startup_stm32f10x_hd.o(.text)
    CAN1_RX1_IRQHandler                      0x0800015f   Thumb Code     0  startup_stm32f10x_hd.o(.text)
    CAN1_SCE_IRQHandler                      0x0800015f   Thumb Code     0  startup_stm32f10x_hd.o(.text)
    DMA1_Channel1_IRQHandler                 0x0800015f   Thumb Code     0  startup_stm32f10x_hd.o(.text)
    DMA1_Channel2_IRQHandler                 0x0800015f   Thumb Code     0  startup_stm32f10x_hd.o(.text)
    DMA1_Channel3_IRQHandler                 0x0800015f   Thumb Code     0  startup_stm32f10x_hd.o(.text)
    DMA1_Channel4_IRQHandler                 0x0800015f   Thumb Code     0  startup_stm32f10x_hd.o(.text)
    DMA1_Channel5_IRQHandler                 0x0800015f   Thumb Code     0  startup_stm32f10x_hd.o(.text)
    DMA1_Channel6_IRQHandler                 0x0800015f   Thumb Code     0  startup_stm32f10x_hd.o(.text)
    DMA1_Channel7_IRQHandler                 0x0800015f   Thumb Code     0  startup_stm32f10x_hd.o(.text)
    DMA2_Channel1_IRQHandler                 0x0800015f   Thumb Code     0  startup_stm32f10x_hd.o(.text)
    DMA2_Channel2_IRQHandler                 0x0800015f   Thumb Code     0  startup_stm32f10x_hd.o(.text)
    DMA2_Channel3_IRQHandler                 0x0800015f   Thumb Code     0  startup_stm32f10x_hd.o(.text)
    DMA2_Channel4_5_IRQHandler               0x0800015f   Thumb Code     0  startup_stm32f10x_hd.o(.text)
    EXTI0_IRQHandler                         0x0800015f   Thumb Code     0  startup_stm32f10x_hd.o(.text)
    EXTI15_10_IRQHandler                     0x0800015f   Thumb Code     0  startup_stm32f10x_hd.o(.text)
    EXTI1_IRQHandler                         0x0800015f   Thumb Code     0  startup_stm32f10x_hd.o(.text)
    EXTI2_IRQHandler                         0x0800015f   Thumb Code     0  startup_stm32f10x_hd.o(.text)
    EXTI3_IRQHandler                         0x0800015f   Thumb Code     0  startup_stm32f10x_hd.o(.text)
    EXTI4_IRQHandler                         0x0800015f   Thumb Code     0  startup_stm32f10x_hd.o(.text)
    FLASH_IRQHandler                         0x0800015f   Thumb Code     0  startup_stm32f10x_hd.o(.text)
    FSMC_IRQHandler                          0x0800015f   Thumb Code     0  startup_stm32f10x_hd.o(.text)
    I2C1_ER_IRQHandler                       0x0800015f   Thumb Code     0  startup_stm32f10x_hd.o(.text)
    I2C1_EV_IRQHandler                       0x0800015f   Thumb Code     0  startup_stm32f10x_hd.o(.text)
    I2C2_ER_IRQHandler                       0x0800015f   Thumb Code     0  startup_stm32f10x_hd.o(.text)
    I2C2_EV_IRQHandler                       0x0800015f   Thumb Code     0  startup_stm32f10x_hd.o(.text)
    PVD_IRQHandler                           0x0800015f   Thumb Code     0  startup_stm32f10x_hd.o(.text)
    RCC_IRQHandler                           0x0800015f   Thumb Code     0  startup_stm32f10x_hd.o(.text)
    RTCAlarm_IRQHandler                      0x0800015f   Thumb Code     0  startup_stm32f10x_hd.o(.text)
    SDIO_IRQHandler                          0x0800015f   Thumb Code     0  startup_stm32f10x_hd.o(.text)
    SPI1_IRQHandler                          0x0800015f   Thumb Code     0  startup_stm32f10x_hd.o(.text)
    SPI2_IRQHandler                          0x0800015f   Thumb Code     0  startup_stm32f10x_hd.o(.text)
    SPI3_IRQHandler                          0x0800015f   Thumb Code     0  startup_stm32f10x_hd.o(.text)
    TAMPER_IRQHandler                        0x0800015f   Thumb Code     0  startup_stm32f10x_hd.o(.text)
    TIM1_BRK_IRQHandler                      0x0800015f   Thumb Code     0  startup_stm32f10x_hd.o(.text)
    TIM1_CC_IRQHandler                       0x0800015f   Thumb Code     0  startup_stm32f10x_hd.o(.text)
    TIM1_TRG_COM_IRQHandler                  0x0800015f   Thumb Code     0  startup_stm32f10x_hd.o(.text)
    TIM1_UP_IRQHandler                       0x0800015f   Thumb Code     0  startup_stm32f10x_hd.o(.text)
    TIM3_IRQHandler                          0x0800015f   Thumb Code     0  startup_stm32f10x_hd.o(.text)
    TIM4_IRQHandler                          0x0800015f   Thumb Code     0  startup_stm32f10x_hd.o(.text)
    TIM5_IRQHandler                          0x0800015f   Thumb Code     0  startup_stm32f10x_hd.o(.text)
    TIM6_IRQHandler                          0x0800015f   Thumb Code     0  startup_stm32f10x_hd.o(.text)
    TIM7_IRQHandler                          0x0800015f   Thumb Code     0  startup_stm32f10x_hd.o(.text)
    TIM8_BRK_IRQHandler                      0x0800015f   Thumb Code     0  startup_stm32f10x_hd.o(.text)
    TIM8_CC_IRQHandler                       0x0800015f   Thumb Code     0  startup_stm32f10x_hd.o(.text)
    TIM8_TRG_COM_IRQHandler                  0x0800015f   Thumb Code     0  startup_stm32f10x_hd.o(.text)
    TIM8_UP_IRQHandler                       0x0800015f   Thumb Code     0  startup_stm32f10x_hd.o(.text)
    UART4_IRQHandler                         0x0800015f   Thumb Code     0  startup_stm32f10x_hd.o(.text)
    UART5_IRQHandler                         0x0800015f   Thumb Code     0  startup_stm32f10x_hd.o(.text)
    USART3_IRQHandler                        0x0800015f   Thumb Code     0  startup_stm32f10x_hd.o(.text)
    USBWakeUp_IRQHandler                     0x0800015f   Thumb Code     0  startup_stm32f10x_hd.o(.text)
    USB_HP_CAN1_TX_IRQHandler                0x0800015f   Thumb Code     0  startup_stm32f10x_hd.o(.text)
    USB_LP_CAN1_RX0_IRQHandler               0x0800015f   Thumb Code     0  startup_stm32f10x_hd.o(.text)
    WWDG_IRQHandler                          0x0800015f   Thumb Code     0  startup_stm32f10x_hd.o(.text)
    main                                     0x08000169   Thumb Code   204  main.o(.text)
    NMI_Handler                              0x08000261   Thumb Code     2  stm32f10x_it.o(.text)
    HardFault_Handler                        0x08000263   Thumb Code     4  stm32f10x_it.o(.text)
    MemManage_Handler                        0x08000267   Thumb Code     4  stm32f10x_it.o(.text)
    BusFault_Handler                         0x0800026b   Thumb Code     4  stm32f10x_it.o(.text)
    UsageFault_Handler                       0x0800026f   Thumb Code     4  stm32f10x_it.o(.text)
    SVC_Handler                              0x08000273   Thumb Code     2  stm32f10x_it.o(.text)
    DebugMon_Handler                         0x08000275   Thumb Code     2  stm32f10x_it.o(.text)
    PendSV_Handler                           0x08000277   Thumb Code     2  stm32f10x_it.o(.text)
    SysTick_Handler                          0x08000279   Thumb Code     8  stm32f10x_it.o(.text)
    EXTI9_5_IRQHandler                       0x08000281   Thumb Code   104  stm32f10x_it.o(.text)
    TIM2_IRQHandler                          0x080002e9   Thumb Code   128  stm32f10x_it.o(.text)
    USART1_IRQHandler                        0x08000369   Thumb Code   226  stm32f10x_it.o(.text)
    isGNZDA                                  0x0800044b   Thumb Code   132  stm32f10x_it.o(.text)
    getNowTime                               0x080004cf   Thumb Code   184  stm32f10x_it.o(.text)
    beginSave                                0x08000587   Thumb Code    26  stm32f10x_it.o(.text)
    getGNZDAData                             0x080005a1   Thumb Code    86  stm32f10x_it.o(.text)
    USART2_IRQHandler                        0x080005f7   Thumb Code    34  stm32f10x_it.o(.text)
    RTC_IRQHandler                           0x08000619   Thumb Code    28  stm32f10x_it.o(.text)
    EXTI_PA5_Config                          0x080006ed   Thumb Code    72  exti.o(.text)
    EXTI_PA6_Config                          0x08000735   Thumb Code    72  exti.o(.text)
    LED_GPIO_Config                          0x08000781   Thumb Code    32  led.o(.text)
    GPIO_Config                              0x080007a1   Thumb Code    38  led.o(.text)
    SysTick_Init                             0x080007d1   Thumb Code   106  sysdelay.o(.text)
    Delay_us                                 0x0800083b   Thumb Code    20  sysdelay.o(.text)
    quePlise                                 0x0800084f   Thumb Code   304  sysdelay.o(.text)
    TimingDelay_Decrement                    0x0800097f   Thumb Code    64  sysdelay.o(.text)
    USART1_Config                            0x080009f9   Thumb Code   126  usrtconfig.o(.text)
    NVIC_Configuration                       0x08000a77   Thumb Code    42  usrtconfig.o(.text)
    USART2_Config                            0x08000aa1   Thumb Code   108  usrtconfig.o(.text)
    NVIC_Configuration2                      0x08000b0d   Thumb Code    42  usrtconfig.o(.text)
    fputc                                    0x08000b37   Thumb Code    32  usrtconfig.o(.text)
    TIM2_NVIC_Configuration                  0x08000b65   Thumb Code    42  tim.o(.text)
    TIM2_Configuration                       0x08000b8f   Thumb Code    88  tim.o(.text)
    Time_Adjust                              0x08000be9   Thumb Code    68  rtc.o(.text)
    getTMforRTC                              0x08000c2d   Thumb Code    40  rtc.o(.text)
    getTimeValuePPS                          0x08000c55   Thumb Code    52  rtc.o(.text)
    RTC_ENABLE                               0x08000c89   Thumb Code    20  rtc.o(.text)
    RTC_DISABLE                              0x08000c9d   Thumb Code    20  rtc.o(.text)
    Time_Display                             0x08000cb1   Thumb Code     2  rtc.o(.text)
    RTC_Configuration                        0x08000cd5   Thumb Code    92  rtc.o(.text)
    Time_GetValue                            0x08000d31   Thumb Code    66  rtc.o(.text)
    CaculateTime                             0x08000d73   Thumb Code   276  rtc.o(.text)
    Time_sysValue                            0x08000e87   Thumb Code    80  rtc.o(.text)
    readFlashInit                            0x08000ef9   Thumb Code    52  flash.o(.text)
    printTime                                0x08000f2d   Thumb Code    66  flash.o(.text)
    Readflash                                0x08000f6f   Thumb Code   152  flash.o(.text)
    WriteflashCount                          0x08001007   Thumb Code    50  flash.o(.text)
    Writeflash                               0x08001039   Thumb Code   334  flash.o(.text)
    RCC_DeInit                               0x080011f5   Thumb Code    64  stm32f10x_rcc.o(.text)
    RCC_HSEConfig                            0x08001235   Thumb Code    70  stm32f10x_rcc.o(.text)
    RCC_GetFlagStatus                        0x0800127b   Thumb Code    56  stm32f10x_rcc.o(.text)
    RCC_WaitForHSEStartUp                    0x080012b3   Thumb Code    56  stm32f10x_rcc.o(.text)
    RCC_AdjustHSICalibrationValue            0x080012eb   Thumb Code    20  stm32f10x_rcc.o(.text)
    RCC_HSICmd                               0x080012ff   Thumb Code     6  stm32f10x_rcc.o(.text)
    RCC_PLLConfig                            0x08001305   Thumb Code    24  stm32f10x_rcc.o(.text)
    RCC_PLLCmd                               0x0800131d   Thumb Code     6  stm32f10x_rcc.o(.text)
    RCC_SYSCLKConfig                         0x08001323   Thumb Code    18  stm32f10x_rcc.o(.text)
    RCC_GetSYSCLKSource                      0x08001335   Thumb Code    10  stm32f10x_rcc.o(.text)
    RCC_HCLKConfig                           0x0800133f   Thumb Code    18  stm32f10x_rcc.o(.text)
    RCC_PCLK1Config                          0x08001351   Thumb Code    18  stm32f10x_rcc.o(.text)
    RCC_PCLK2Config                          0x08001363   Thumb Code    20  stm32f10x_rcc.o(.text)
    RCC_ITConfig                             0x08001377   Thumb Code    26  stm32f10x_rcc.o(.text)
    RCC_USBCLKConfig                         0x08001391   Thumb Code     8  stm32f10x_rcc.o(.text)
    RCC_ADCCLKConfig                         0x08001399   Thumb Code    18  stm32f10x_rcc.o(.text)
    RCC_LSEConfig                            0x080013ab   Thumb Code    50  stm32f10x_rcc.o(.text)
    RCC_LSICmd                               0x080013dd   Thumb Code     6  stm32f10x_rcc.o(.text)
    RCC_RTCCLKConfig                         0x080013e3   Thumb Code    12  stm32f10x_rcc.o(.text)
    RCC_RTCCLKCmd                            0x080013ef   Thumb Code     8  stm32f10x_rcc.o(.text)
    RCC_GetClocksFreq                        0x080013f7   Thumb Code   192  stm32f10x_rcc.o(.text)
    RCC_AHBPeriphClockCmd                    0x080014b7   Thumb Code    26  stm32f10x_rcc.o(.text)
    RCC_APB2PeriphClockCmd                   0x080014d1   Thumb Code    26  stm32f10x_rcc.o(.text)
    RCC_APB1PeriphClockCmd                   0x080014eb   Thumb Code    26  stm32f10x_rcc.o(.text)
    RCC_APB2PeriphResetCmd                   0x08001505   Thumb Code    26  stm32f10x_rcc.o(.text)
    RCC_APB1PeriphResetCmd                   0x0800151f   Thumb Code    26  stm32f10x_rcc.o(.text)
    RCC_BackupResetCmd                       0x08001539   Thumb Code     8  stm32f10x_rcc.o(.text)
    RCC_ClockSecuritySystemCmd               0x08001541   Thumb Code     6  stm32f10x_rcc.o(.text)
    RCC_MCOConfig                            0x08001547   Thumb Code     6  stm32f10x_rcc.o(.text)
    RCC_ClearFlag                            0x0800154d   Thumb Code    14  stm32f10x_rcc.o(.text)
    RCC_GetITStatus                          0x0800155b   Thumb Code    20  stm32f10x_rcc.o(.text)
    RCC_ClearITPendingBit                    0x0800156f   Thumb Code     6  stm32f10x_rcc.o(.text)
    GPIO_DeInit                              0x08001599   Thumb Code   172  stm32f10x_gpio.o(.text)
    GPIO_AFIODeInit                          0x08001645   Thumb Code    20  stm32f10x_gpio.o(.text)
    GPIO_Init                                0x08001659   Thumb Code   278  stm32f10x_gpio.o(.text)
    GPIO_StructInit                          0x0800176f   Thumb Code    16  stm32f10x_gpio.o(.text)
    GPIO_ReadInputDataBit                    0x0800177f   Thumb Code    18  stm32f10x_gpio.o(.text)
    GPIO_ReadInputData                       0x08001791   Thumb Code     8  stm32f10x_gpio.o(.text)
    GPIO_ReadOutputDataBit                   0x08001799   Thumb Code    18  stm32f10x_gpio.o(.text)
    GPIO_ReadOutputData                      0x080017ab   Thumb Code     8  stm32f10x_gpio.o(.text)
    GPIO_SetBits                             0x080017b3   Thumb Code     4  stm32f10x_gpio.o(.text)
    GPIO_ResetBits                           0x080017b7   Thumb Code     4  stm32f10x_gpio.o(.text)
    GPIO_WriteBit                            0x080017bb   Thumb Code    10  stm32f10x_gpio.o(.text)
    GPIO_Write                               0x080017c5   Thumb Code     4  stm32f10x_gpio.o(.text)
    GPIO_PinLockConfig                       0x080017c9   Thumb Code    18  stm32f10x_gpio.o(.text)
    GPIO_EventOutputConfig                   0x080017db   Thumb Code    26  stm32f10x_gpio.o(.text)
    GPIO_EventOutputCmd                      0x080017f5   Thumb Code     6  stm32f10x_gpio.o(.text)
    GPIO_PinRemapConfig                      0x080017fb   Thumb Code   138  stm32f10x_gpio.o(.text)
    GPIO_EXTILineConfig                      0x08001885   Thumb Code    66  stm32f10x_gpio.o(.text)
    GPIO_ETH_MediaInterfaceConfig            0x080018c7   Thumb Code     8  stm32f10x_gpio.o(.text)
    EXTI_DeInit                              0x080018f5   Thumb Code    28  stm32f10x_exti.o(.text)
    EXTI_Init                                0x08001911   Thumb Code   142  stm32f10x_exti.o(.text)
    EXTI_StructInit                          0x0800199f   Thumb Code    16  stm32f10x_exti.o(.text)
    EXTI_GenerateSWInterrupt                 0x080019af   Thumb Code    16  stm32f10x_exti.o(.text)
    EXTI_GetFlagStatus                       0x080019bf   Thumb Code    22  stm32f10x_exti.o(.text)
    EXTI_ClearFlag                           0x080019d5   Thumb Code     8  stm32f10x_exti.o(.text)
    EXTI_GetITStatus                         0x080019dd   Thumb Code    34  stm32f10x_exti.o(.text)
    EXTI_ClearITPendingBit                   0x080019ff   Thumb Code     8  stm32f10x_exti.o(.text)
    NVIC_PriorityGroupConfig                 0x08001a11   Thumb Code    10  misc.o(.text)
    NVIC_Init                                0x08001a1b   Thumb Code   100  misc.o(.text)
    NVIC_SetVectorTable                      0x08001a7f   Thumb Code    14  misc.o(.text)
    NVIC_SystemLPConfig                      0x08001a8d   Thumb Code    34  misc.o(.text)
    SysTick_CLKSourceConfig                  0x08001aaf   Thumb Code    40  misc.o(.text)
    USART_DeInit                             0x08001aed   Thumb Code   134  stm32f10x_usart.o(.text)
    USART_Init                               0x08001b73   Thumb Code   210  stm32f10x_usart.o(.text)
    USART_StructInit                         0x08001c45   Thumb Code    24  stm32f10x_usart.o(.text)
    USART_ClockInit                          0x08001c5d   Thumb Code    34  stm32f10x_usart.o(.text)
    USART_ClockStructInit                    0x08001c7f   Thumb Code    12  stm32f10x_usart.o(.text)
    USART_Cmd                                0x08001c8b   Thumb Code    24  stm32f10x_usart.o(.text)
    USART_ITConfig                           0x08001ca3   Thumb Code    74  stm32f10x_usart.o(.text)
    USART_DMACmd                             0x08001ced   Thumb Code    18  stm32f10x_usart.o(.text)
    USART_SetAddress                         0x08001cff   Thumb Code    18  stm32f10x_usart.o(.text)
    USART_WakeUpConfig                       0x08001d11   Thumb Code    18  stm32f10x_usart.o(.text)
    USART_ReceiverWakeUpCmd                  0x08001d23   Thumb Code    24  stm32f10x_usart.o(.text)
    USART_LINBreakDetectLengthConfig         0x08001d3b   Thumb Code    18  stm32f10x_usart.o(.text)
    USART_LINCmd                             0x08001d4d   Thumb Code    24  stm32f10x_usart.o(.text)
    USART_SendData                           0x08001d65   Thumb Code     8  stm32f10x_usart.o(.text)
    USART_ReceiveData                        0x08001d6d   Thumb Code    10  stm32f10x_usart.o(.text)
    USART_SendBreak                          0x08001d77   Thumb Code    10  stm32f10x_usart.o(.text)
    USART_SetGuardTime                       0x08001d81   Thumb Code    16  stm32f10x_usart.o(.text)
    USART_SetPrescaler                       0x08001d91   Thumb Code    16  stm32f10x_usart.o(.text)
    USART_SmartCardCmd                       0x08001da1   Thumb Code    24  stm32f10x_usart.o(.text)
    USART_SmartCardNACKCmd                   0x08001db9   Thumb Code    24  stm32f10x_usart.o(.text)
    USART_HalfDuplexCmd                      0x08001dd1   Thumb Code    24  stm32f10x_usart.o(.text)
    USART_OverSampling8Cmd                   0x08001de9   Thumb Code    22  stm32f10x_usart.o(.text)
    USART_OneBitMethodCmd                    0x08001dff   Thumb Code    24  stm32f10x_usart.o(.text)
    USART_IrDAConfig                         0x08001e17   Thumb Code    18  stm32f10x_usart.o(.text)
    USART_IrDACmd                            0x08001e29   Thumb Code    24  stm32f10x_usart.o(.text)
    USART_GetFlagStatus                      0x08001e41   Thumb Code    26  stm32f10x_usart.o(.text)
    USART_ClearFlag                          0x08001e5b   Thumb Code    18  stm32f10x_usart.o(.text)
    USART_GetITStatus                        0x08001e6d   Thumb Code    84  stm32f10x_usart.o(.text)
    USART_ClearITPendingBit                  0x08001ec1   Thumb Code    52  stm32f10x_usart.o(.text)
    RTC_ITConfig                             0x08001ef5   Thumb Code    26  stm32f10x_rtc.o(.text)
    RTC_EnterConfigMode                      0x08001f0f   Thumb Code    18  stm32f10x_rtc.o(.text)
    RTC_ExitConfigMode                       0x08001f21   Thumb Code    20  stm32f10x_rtc.o(.text)
    RTC_GetCounter                           0x08001f35   Thumb Code    18  stm32f10x_rtc.o(.text)
    RTC_SetCounter                           0x08001f47   Thumb Code    26  stm32f10x_rtc.o(.text)
    RTC_SetPrescaler                         0x08001f61   Thumb Code    28  stm32f10x_rtc.o(.text)
    RTC_SetAlarm                             0x08001f7d   Thumb Code    26  stm32f10x_rtc.o(.text)
    RTC_GetDivider                           0x08001f97   Thumb Code    22  stm32f10x_rtc.o(.text)
    RTC_WaitForLastTask                      0x08001fad   Thumb Code    18  stm32f10x_rtc.o(.text)
    RTC_WaitForSynchro                       0x08001fbf   Thumb Code    36  stm32f10x_rtc.o(.text)
    RTC_GetFlagStatus                        0x08001fe3   Thumb Code    22  stm32f10x_rtc.o(.text)
    RTC_ClearFlag                            0x08001ff9   Thumb Code    16  stm32f10x_rtc.o(.text)
    RTC_GetITStatus                          0x08002009   Thumb Code    32  stm32f10x_rtc.o(.text)
    RTC_ClearITPendingBit                    0x08002029   Thumb Code    16  stm32f10x_rtc.o(.text)
    TIM_DeInit                               0x0800203d   Thumb Code   424  stm32f10x_tim.o(.text)
    TIM_TimeBaseInit                         0x080021e5   Thumb Code   122  stm32f10x_tim.o(.text)
    TIM_OC1Init                              0x0800225f   Thumb Code   132  stm32f10x_tim.o(.text)
    TIM_OC2Init                              0x080022e3   Thumb Code   154  stm32f10x_tim.o(.text)
    TIM_OC3Init                              0x0800237d   Thumb Code   150  stm32f10x_tim.o(.text)
    TIM_OC4Init                              0x08002413   Thumb Code   182  stm32f10x_tim.o(.text)
    TIM_SetIC4Prescaler                      0x080024c9   Thumb Code    26  stm32f10x_tim.o(.text)
    TIM_SetIC3Prescaler                      0x08002565   Thumb Code    18  stm32f10x_tim.o(.text)
    TIM_SetIC2Prescaler                      0x080025f1   Thumb Code    26  stm32f10x_tim.o(.text)
    TIM_SetIC1Prescaler                      0x0800268d   Thumb Code    18  stm32f10x_tim.o(.text)
    TIM_ICInit                               0x0800270b   Thumb Code   150  stm32f10x_tim.o(.text)
    TIM_PWMIConfig                           0x080027a1   Thumb Code   124  stm32f10x_tim.o(.text)
    TIM_BDTRConfig                           0x0800281d   Thumb Code    32  stm32f10x_tim.o(.text)
    TIM_TimeBaseStructInit                   0x0800283d   Thumb Code    18  stm32f10x_tim.o(.text)
    TIM_OCStructInit                         0x0800284f   Thumb Code    20  stm32f10x_tim.o(.text)
    TIM_ICStructInit                         0x08002863   Thumb Code    18  stm32f10x_tim.o(.text)
    TIM_BDTRStructInit                       0x08002875   Thumb Code    40  stm32f10x_tim.o(.text)
    TIM_Cmd                                  0x0800289d   Thumb Code    24  stm32f10x_tim.o(.text)
    TIM_CtrlPWMOutputs                       0x080028b5   Thumb Code    30  stm32f10x_tim.o(.text)
    TIM_ITConfig                             0x080028d3   Thumb Code    18  stm32f10x_tim.o(.text)
    TIM_GenerateEvent                        0x080028e5   Thumb Code     4  stm32f10x_tim.o(.text)
    TIM_DMAConfig                            0x080028e9   Thumb Code    10  stm32f10x_tim.o(.text)
    TIM_DMACmd                               0x080028f3   Thumb Code    18  stm32f10x_tim.o(.text)
    TIM_InternalClockConfig                  0x08002905   Thumb Code    12  stm32f10x_tim.o(.text)
    TIM_SelectInputTrigger                   0x08002911   Thumb Code    18  stm32f10x_tim.o(.text)
    TIM_ITRxExternalClockConfig              0x08002923   Thumb Code    24  stm32f10x_tim.o(.text)
    TIM_TIxExternalClockConfig               0x0800293b   Thumb Code    62  stm32f10x_tim.o(.text)
    TIM_ETRConfig                            0x08002979   Thumb Code    28  stm32f10x_tim.o(.text)
    TIM_ETRClockMode1Config                  0x08002995   Thumb Code    54  stm32f10x_tim.o(.text)
    TIM_ETRClockMode2Config                  0x080029cb   Thumb Code    32  stm32f10x_tim.o(.text)
    TIM_PrescalerConfig                      0x080029eb   Thumb Code     6  stm32f10x_tim.o(.text)
    TIM_CounterModeConfig                    0x080029f1   Thumb Code    18  stm32f10x_tim.o(.text)
    TIM_EncoderInterfaceConfig               0x08002a03   Thumb Code    66  stm32f10x_tim.o(.text)
    TIM_ForcedOC1Config                      0x08002a45   Thumb Code    18  stm32f10x_tim.o(.text)
    TIM_ForcedOC2Config                      0x08002a57   Thumb Code    26  stm32f10x_tim.o(.text)
    TIM_ForcedOC3Config                      0x08002a71   Thumb Code    18  stm32f10x_tim.o(.text)
    TIM_ForcedOC4Config                      0x08002a83   Thumb Code    26  stm32f10x_tim.o(.text)
    TIM_ARRPreloadConfig                     0x08002a9d   Thumb Code    24  stm32f10x_tim.o(.text)
    TIM_SelectCOM                            0x08002ab5   Thumb Code    24  stm32f10x_tim.o(.text)
    TIM_SelectCCDMA                          0x08002acd   Thumb Code    24  stm32f10x_tim.o(.text)
    TIM_CCPreloadControl                     0x08002ae5   Thumb Code    24  stm32f10x_tim.o(.text)
    TIM_OC1PreloadConfig                     0x08002afd   Thumb Code    18  stm32f10x_tim.o(.text)
    TIM_OC2PreloadConfig                     0x08002b0f   Thumb Code    26  stm32f10x_tim.o(.text)
    TIM_OC3PreloadConfig                     0x08002b29   Thumb Code    18  stm32f10x_tim.o(.text)
    TIM_OC4PreloadConfig                     0x08002b3b   Thumb Code    26  stm32f10x_tim.o(.text)
    TIM_OC1FastConfig                        0x08002b55   Thumb Code    18  stm32f10x_tim.o(.text)
    TIM_OC2FastConfig                        0x08002b67   Thumb Code    26  stm32f10x_tim.o(.text)
    TIM_OC3FastConfig                        0x08002b81   Thumb Code    18  stm32f10x_tim.o(.text)
    TIM_OC4FastConfig                        0x08002b93   Thumb Code    26  stm32f10x_tim.o(.text)
    TIM_ClearOC1Ref                          0x08002bad   Thumb Code    18  stm32f10x_tim.o(.text)
    TIM_ClearOC2Ref                          0x08002bbf   Thumb Code    24  stm32f10x_tim.o(.text)
    TIM_ClearOC3Ref                          0x08002bd7   Thumb Code    18  stm32f10x_tim.o(.text)
    TIM_ClearOC4Ref                          0x08002be9   Thumb Code    24  stm32f10x_tim.o(.text)
    TIM_OC1PolarityConfig                    0x08002c01   Thumb Code    18  stm32f10x_tim.o(.text)
    TIM_OC1NPolarityConfig                   0x08002c13   Thumb Code    18  stm32f10x_tim.o(.text)
    TIM_OC2PolarityConfig                    0x08002c25   Thumb Code    26  stm32f10x_tim.o(.text)
    TIM_OC2NPolarityConfig                   0x08002c3f   Thumb Code    26  stm32f10x_tim.o(.text)
    TIM_OC3PolarityConfig                    0x08002c59   Thumb Code    26  stm32f10x_tim.o(.text)
    TIM_OC3NPolarityConfig                   0x08002c73   Thumb Code    26  stm32f10x_tim.o(.text)
    TIM_OC4PolarityConfig                    0x08002c8d   Thumb Code    26  stm32f10x_tim.o(.text)
    TIM_CCxCmd                               0x08002ca7   Thumb Code    30  stm32f10x_tim.o(.text)
    TIM_CCxNCmd                              0x08002cc5   Thumb Code    30  stm32f10x_tim.o(.text)
    TIM_SelectOCxM                           0x08002ce3   Thumb Code    82  stm32f10x_tim.o(.text)
    TIM_UpdateDisableConfig                  0x08002d35   Thumb Code    24  stm32f10x_tim.o(.text)
    TIM_UpdateRequestConfig                  0x08002d4d   Thumb Code    24  stm32f10x_tim.o(.text)
    TIM_SelectHallSensor                     0x08002d65   Thumb Code    24  stm32f10x_tim.o(.text)
    TIM_SelectOnePulseMode                   0x08002d7d   Thumb Code    18  stm32f10x_tim.o(.text)
    TIM_SelectOutputTrigger                  0x08002d8f   Thumb Code    18  stm32f10x_tim.o(.text)
    TIM_SelectSlaveMode                      0x08002da1   Thumb Code    18  stm32f10x_tim.o(.text)
    TIM_SelectMasterSlaveMode                0x08002db3   Thumb Code    18  stm32f10x_tim.o(.text)
    TIM_SetCounter                           0x08002dc5   Thumb Code     4  stm32f10x_tim.o(.text)
    TIM_SetAutoreload                        0x08002dc9   Thumb Code     4  stm32f10x_tim.o(.text)
    TIM_SetCompare1                          0x08002dcd   Thumb Code     4  stm32f10x_tim.o(.text)
    TIM_SetCompare2                          0x08002dd1   Thumb Code     4  stm32f10x_tim.o(.text)
    TIM_SetCompare3                          0x08002dd5   Thumb Code     4  stm32f10x_tim.o(.text)
    TIM_SetCompare4                          0x08002dd9   Thumb Code     6  stm32f10x_tim.o(.text)
    TIM_SetClockDivision                     0x08002ddf   Thumb Code    18  stm32f10x_tim.o(.text)
    TIM_GetCapture1                          0x08002df1   Thumb Code     6  stm32f10x_tim.o(.text)
    TIM_GetCapture2                          0x08002df7   Thumb Code     6  stm32f10x_tim.o(.text)
    TIM_GetCapture3                          0x08002dfd   Thumb Code     6  stm32f10x_tim.o(.text)
    TIM_GetCapture4                          0x08002e03   Thumb Code     8  stm32f10x_tim.o(.text)
    TIM_GetCounter                           0x08002e0b   Thumb Code     6  stm32f10x_tim.o(.text)
    TIM_GetPrescaler                         0x08002e11   Thumb Code     6  stm32f10x_tim.o(.text)
    TIM_GetFlagStatus                        0x08002e17   Thumb Code    18  stm32f10x_tim.o(.text)
    TIM_ClearFlag                            0x08002e29   Thumb Code     6  stm32f10x_tim.o(.text)
    TIM_GetITStatus                          0x08002e2f   Thumb Code    34  stm32f10x_tim.o(.text)
    TIM_ClearITPendingBit                    0x08002e51   Thumb Code     6  stm32f10x_tim.o(.text)
    PWR_DeInit                               0x08002e59   Thumb Code    22  stm32f10x_pwr.o(.text)
    PWR_BackupAccessCmd                      0x08002e6f   Thumb Code     6  stm32f10x_pwr.o(.text)
    PWR_PVDCmd                               0x08002e75   Thumb Code     6  stm32f10x_pwr.o(.text)
    PWR_PVDLevelConfig                       0x08002e7b   Thumb Code    18  stm32f10x_pwr.o(.text)
    PWR_WakeUpPinCmd                         0x08002e8d   Thumb Code     8  stm32f10x_pwr.o(.text)
    PWR_EnterSTOPMode                        0x08002e95   Thumb Code    54  stm32f10x_pwr.o(.text)
    PWR_EnterSTANDBYMode                     0x08002ecb   Thumb Code    42  stm32f10x_pwr.o(.text)
    PWR_GetFlagStatus                        0x08002ef5   Thumb Code    20  stm32f10x_pwr.o(.text)
    PWR_ClearFlag                            0x08002f09   Thumb Code    14  stm32f10x_pwr.o(.text)
    BKP_DeInit                               0x08002f25   Thumb Code    16  stm32f10x_bkp.o(.text)
    BKP_TamperPinLevelConfig                 0x08002f35   Thumb Code     6  stm32f10x_bkp.o(.text)
    BKP_TamperPinCmd                         0x08002f3b   Thumb Code     8  stm32f10x_bkp.o(.text)
    BKP_ITConfig                             0x08002f43   Thumb Code     8  stm32f10x_bkp.o(.text)
    BKP_RTCOutputConfig                      0x08002f4b   Thumb Code    22  stm32f10x_bkp.o(.text)
    BKP_SetRTCCalibrationValue               0x08002f61   Thumb Code    22  stm32f10x_bkp.o(.text)
    BKP_WriteBackupRegister                  0x08002f77   Thumb Code    24  stm32f10x_bkp.o(.text)
    BKP_ReadBackupRegister                   0x08002f8f   Thumb Code    26  stm32f10x_bkp.o(.text)
    BKP_GetFlagStatus                        0x08002fa9   Thumb Code    10  stm32f10x_bkp.o(.text)
    BKP_ClearFlag                            0x08002fb3   Thumb Code    18  stm32f10x_bkp.o(.text)
    BKP_GetITStatus                          0x08002fc5   Thumb Code    10  stm32f10x_bkp.o(.text)
    BKP_ClearITPendingBit                    0x08002fcf   Thumb Code    18  stm32f10x_bkp.o(.text)
    FLASH_SetLatency                         0x08002fe9   Thumb Code    18  stm32f10x_flash.o(.text)
    FLASH_HalfCycleAccessCmd                 0x08002ffb   Thumb Code    22  stm32f10x_flash.o(.text)
    FLASH_PrefetchBufferCmd                  0x08003011   Thumb Code    22  stm32f10x_flash.o(.text)
    FLASH_Unlock                             0x08003027   Thumb Code    12  stm32f10x_flash.o(.text)
    FLASH_UnlockBank1                        0x08003033   Thumb Code    12  stm32f10x_flash.o(.text)
    FLASH_Lock                               0x0800303f   Thumb Code    14  stm32f10x_flash.o(.text)
    FLASH_LockBank1                          0x0800304d   Thumb Code    14  stm32f10x_flash.o(.text)
    FLASH_GetBank1Status                     0x0800305b   Thumb Code    48  stm32f10x_flash.o(.text)
    FLASH_WaitForLastOperation               0x0800308b   Thumb Code    38  stm32f10x_flash.o(.text)
    FLASH_ErasePage                          0x080030b1   Thumb Code    72  stm32f10x_flash.o(.text)
    FLASH_EraseAllPages                      0x080030f9   Thumb Code    68  stm32f10x_flash.o(.text)
    FLASH_WaitForLastBank1Operation          0x0800313d   Thumb Code    38  stm32f10x_flash.o(.text)
    FLASH_EraseAllBank1Pages                 0x08003163   Thumb Code    68  stm32f10x_flash.o(.text)
    FLASH_GetReadOutProtectionStatus         0x080031a7   Thumb Code    20  stm32f10x_flash.o(.text)
    FLASH_EraseOptionBytes                   0x080031bb   Thumb Code   150  stm32f10x_flash.o(.text)
    FLASH_ProgramWord                        0x08003251   Thumb Code   102  stm32f10x_flash.o(.text)
    FLASH_ProgramHalfWord                    0x080032b7   Thumb Code    60  stm32f10x_flash.o(.text)
    FLASH_ProgramOptionByteData              0x080032f3   Thumb Code    72  stm32f10x_flash.o(.text)
    FLASH_EnableWriteProtection              0x0800333b   Thumb Code   200  stm32f10x_flash.o(.text)
    FLASH_ReadOutProtection                  0x08003403   Thumb Code   156  stm32f10x_flash.o(.text)
    FLASH_UserOptionByteConfig               0x0800349f   Thumb Code    88  stm32f10x_flash.o(.text)
    FLASH_GetUserOptionByte                  0x080034f7   Thumb Code     8  stm32f10x_flash.o(.text)
    FLASH_GetWriteProtectionOptionByte       0x080034ff   Thumb Code     6  stm32f10x_flash.o(.text)
    FLASH_GetPrefetchBufferStatus            0x08003505   Thumb Code    20  stm32f10x_flash.o(.text)
    FLASH_ITConfig                           0x08003519   Thumb Code    26  stm32f10x_flash.o(.text)
    FLASH_GetFlagStatus                      0x08003533   Thumb Code    42  stm32f10x_flash.o(.text)
    FLASH_ClearFlag                          0x0800355d   Thumb Code     6  stm32f10x_flash.o(.text)
    FLASH_GetStatus                          0x08003563   Thumb Code    48  stm32f10x_flash.o(.text)
    SystemInit                               0x08003683   Thumb Code    78  system_stm32f10x.o(.text)
    SystemCoreClockUpdate                    0x080036d1   Thumb Code   142  system_stm32f10x.o(.text)
    mktime                                   0x08003785   Thumb Code   150  mktime.o(.text)
    strftime                                 0x0800386d   Thumb Code   580  strftime.o(.text)
    __aeabi_memcpy                           0x08003bc1   Thumb Code    36  memcpya.o(.text)
    __aeabi_memcpy4                          0x08003bc1   Thumb Code     0  memcpya.o(.text)
    __aeabi_memcpy8                          0x08003bc1   Thumb Code     0  memcpya.o(.text)
    __aeabi_memset                           0x08003be5   Thumb Code    14  memseta.o(.text)
    __aeabi_memset4                          0x08003be5   Thumb Code     0  memseta.o(.text)
    __aeabi_memset8                          0x08003be5   Thumb Code     0  memseta.o(.text)
    __aeabi_memclr                           0x08003bf3   Thumb Code     4  memseta.o(.text)
    __aeabi_memclr4                          0x08003bf3   Thumb Code     0  memseta.o(.text)
    __aeabi_memclr8                          0x08003bf3   Thumb Code     0  memseta.o(.text)
    _memset$wrapper                          0x08003bf7   Thumb Code    18  memseta.o(.text)
    strcmp                                   0x08003c09   Thumb Code    28  strcmp.o(.text)
    __aeabi_fadd                             0x08003c25   Thumb Code   164  fadd.o(.text)
    __aeabi_fsub                             0x08003cc9   Thumb Code     6  fadd.o(.text)
    __aeabi_frsub                            0x08003ccf   Thumb Code     6  fadd.o(.text)
    __aeabi_fmul                             0x08003cd5   Thumb Code   100  fmul.o(.text)
    __aeabi_fdiv                             0x08003d39   Thumb Code   124  fdiv.o(.text)
    __aeabi_i2f                              0x08003db5   Thumb Code    18  fflti.o(.text)
    __aeabi_ui2f                             0x08003dc7   Thumb Code    10  ffltui.o(.text)
    __aeabi_f2iz                             0x08003dd1   Thumb Code    50  ffixi.o(.text)
    __aeabi_f2uiz                            0x08003e03   Thumb Code    40  ffixui.o(.text)
    __aeabi_f2d                              0x08003e2b   Thumb Code    38  f2d.o(.text)
    __aeabi_uidiv                            0x08003e51   Thumb Code     0  uidiv.o(.text)
    __aeabi_uidivmod                         0x08003e51   Thumb Code    44  uidiv.o(.text)
    __aeabi_uldivmod                         0x08003e7d   Thumb Code    98  uldiv.o(.text)
    localtime                                0x08003ee1   Thumb Code     6  localtime_w.o(.text)
    _localtime                               0x08003eed   Thumb Code   134  localtime_i.o(.text)
    __I$use$fp                               0x08003f79   Thumb Code     0  iusefp.o(.text)
    _float_round                             0x08003f79   Thumb Code    18  fepilogue.o(.text)
    _float_epilogue                          0x08003f8b   Thumb Code    92  fepilogue.o(.text)
    __aeabi_dadd                             0x08003fe7   Thumb Code   322  dadd.o(.text)
    __aeabi_dsub                             0x08004129   Thumb Code     6  dadd.o(.text)
    __aeabi_drsub                            0x0800412f   Thumb Code     6  dadd.o(.text)
    __aeabi_dmul                             0x08004135   Thumb Code   228  dmul.o(.text)
    __aeabi_ddiv                             0x08004219   Thumb Code   222  ddiv.o(.text)
    __aeabi_d2ulz                            0x080042f7   Thumb Code    48  dfixul.o(.text)
    __aeabi_cdrcmple                         0x08004329   Thumb Code    48  cdrcmple.o(.text)
    __scatterload                            0x08004359   Thumb Code    28  init.o(.text)
    __scatterload_rt2                        0x08004359   Thumb Code     0  init.o(.text)
    __aeabi_llsl                             0x0800437d   Thumb Code    30  llshl.o(.text)
    _ll_shift_l                              0x0800437d   Thumb Code     0  llshl.o(.text)
    __aeabi_llsr                             0x0800439b   Thumb Code    32  llushr.o(.text)
    _ll_ushift_r                             0x0800439b   Thumb Code     0  llushr.o(.text)
    __aeabi_lasr                             0x080043bb   Thumb Code    36  llsshr.o(.text)
    _ll_sshift_r                             0x080043bb   Thumb Code     0  llsshr.o(.text)
    _double_round                            0x080043df   Thumb Code    30  depilogue.o(.text)
    _double_epilogue                         0x080043fd   Thumb Code   156  depilogue.o(.text)
    __0printf                                0x08004499   Thumb Code    22  printfa.o(i.__0printf)
    __1printf                                0x08004499   Thumb Code     0  printfa.o(i.__0printf)
    __2printf                                0x08004499   Thumb Code     0  printfa.o(i.__0printf)
    __c89printf                              0x08004499   Thumb Code     0  printfa.o(i.__0printf)
    printf                                   0x08004499   Thumb Code     0  printfa.o(i.__0printf)
    __scatterload_copy                       0x080044b9   Thumb Code    14  handlers.o(i.__scatterload_copy)
    __scatterload_null                       0x080044c7   Thumb Code     2  handlers.o(i.__scatterload_null)
    __scatterload_zeroinit                   0x080044c9   Thumb Code    14  handlers.o(i.__scatterload_zeroinit)
    MaxDayArray                              0x08004d8a   Data          12  rtc.o(.constdata)
    Region$$Table$$Base                      0x08004e08   Number         0  anon$$obj.o(Region$$Table)
    Region$$Table$$Limit                     0x08004e28   Number         0  anon$$obj.o(Region$$Table)
    PLTindex                                 0x20000000   Data           4  stm32f10x_it.o(.data)
    updateBaseTime                           0x20000004   Data           4  stm32f10x_it.o(.data)
    TimingDelay                              0x2000000c   Data           4  stm32f10x_it.o(.data)
    GPSBaseTime                              0x20000010   Data           4  stm32f10x_it.o(.data)
    GPSBaseTimeFlag                          0x20000014   Data           4  stm32f10x_it.o(.data)
    getGPIOPin                               0x20000018   Data           4  stm32f10x_it.o(.data)
    delayTime                                0x20000030   Data           4  sysdelay.o(.data)
    DelayUsTime                              0x20000034   Data           4  sysdelay.o(.data)
    queryPlise                               0x20000038   Data           4  sysdelay.o(.data)
    getGPIOflag                              0x2000003c   Data           4  sysdelay.o(.data)
    IRTYear                                  0x20000040   Data           1  rtc.o(.data)
    IRTMonth                                 0x20000041   Data           1  rtc.o(.data)
    IRTDay                                   0x20000042   Data           1  rtc.o(.data)
    IRTHour                                  0x20000043   Data           1  rtc.o(.data)
    IRTMinute                                0x20000044   Data           1  rtc.o(.data)
    IRTSecond                                0x20000045   Data           1  rtc.o(.data)
    RTCEnableFlag                            0x20000046   Data           1  rtc.o(.data)
    StartAddress                             0x20000048   Data           4  flash.o(.data)
    countAddress                             0x2000004c   Data           4  flash.o(.data)
    FLASHStatus                              0x20000050   Data           1  flash.o(.data)
    count                                    0x20000054   Data           4  flash.o(.data)
    SystemCoreClock                          0x2000006c   Data           4  system_stm32f10x.o(.data)
    AHBPrescTable                            0x20000070   Data          16  system_stm32f10x.o(.data)
    __stdout                                 0x20000080   Data           4  stdout.o(.data)
    NowTime                                  0x20000084   Data          44  stm32f10x_it.o(.bss)
    PLT                                      0x200000b0   Data        2080  stm32f10x_it.o(.bss)
    timeArray                                0x200008d0   Data          40  stm32f10x_it.o(.bss)
    timeArrayforGps                          0x200008f8   Data          50  stm32f10x_it.o(.bss)
    RTCTimeTM                                0x20000940   Data          44  rtc.o(.bss)
    __initial_sp                             0x20000d98   Data           0  startup_stm32f10x_hd.o(STACK)



==============================================================================

Memory Map of the image

  Image Entry point : 0x08000131

  Load Region LR_IROM1 (Base: 0x08000000, Size: 0x00004eac, Max: 0x00040000, ABSOLUTE)

    Execution Region ER_IROM1 (Base: 0x08000000, Size: 0x00004e28, Max: 0x00040000, ABSOLUTE)

    Base Addr    Size         Type   Attr      Idx    E Section Name        Object

    0x08000000   0x00000130   Data   RO            3    RESET               startup_stm32f10x_hd.o
    0x08000130   0x00000000   Code   RO          399  * .ARM.Collect$$$$00000000  mc_w.l(entry.o)
    0x08000130   0x00000004   Code   RO          700    .ARM.Collect$$$$00000001  mc_w.l(entry2.o)
    0x08000134   0x00000004   Code   RO          703    .ARM.Collect$$$$00000004  mc_w.l(entry5.o)
    0x08000138   0x00000000   Code   RO          705    .ARM.Collect$$$$00000008  mc_w.l(entry7b.o)
    0x08000138   0x00000000   Code   RO          707    .ARM.Collect$$$$0000000A  mc_w.l(entry8b.o)
    0x08000138   0x00000008   Code   RO          708    .ARM.Collect$$$$0000000B  mc_w.l(entry9a.o)
    0x08000140   0x00000000   Code   RO          710    .ARM.Collect$$$$0000000D  mc_w.l(entry10a.o)
    0x08000140   0x00000000   Code   RO          712    .ARM.Collect$$$$0000000F  mc_w.l(entry11a.o)
    0x08000140   0x00000004   Code   RO          701    .ARM.Collect$$$$00002712  mc_w.l(entry2.o)
    0x08000144   0x00000024   Code   RO            4    .text               startup_stm32f10x_hd.o
    0x08000168   0x000000f8   Code   RO           10    .text               main.o
    0x08000260   0x00000464   Code   RO          114    .text               stm32f10x_it.o
    0x080006c4   0x000000bc   Code   RO          137    .text               exti.o
    0x08000780   0x00000050   Code   RO          149    .text               led.o
    0x080007d0   0x00000228   Code   RO          161    .text               sysdelay.o
    0x080009f8   0x0000016c   Code   RO          184    .text               usrtconfig.o
    0x08000b64   0x00000082   Code   RO          196    .text               tim.o
    0x08000be6   0x00000002   PAD
    0x08000be8   0x00000310   Code   RO          208    .text               rtc.o
    0x08000ef8   0x000002fc   Code   RO          231    .text               flash.o
    0x080011f4   0x000003a4   Code   RO          249    .text               stm32f10x_rcc.o
    0x08001598   0x0000035c   Code   RO          263    .text               stm32f10x_gpio.o
    0x080018f4   0x0000011c   Code   RO          275    .text               stm32f10x_exti.o
    0x08001a10   0x000000dc   Code   RO          287    .text               misc.o
    0x08001aec   0x00000408   Code   RO          299    .text               stm32f10x_usart.o
    0x08001ef4   0x00000148   Code   RO          311    .text               stm32f10x_rtc.o
    0x0800203c   0x00000e1a   Code   RO          323    .text               stm32f10x_tim.o
    0x08002e56   0x00000002   PAD
    0x08002e58   0x000000cc   Code   RO          335    .text               stm32f10x_pwr.o
    0x08002f24   0x000000c4   Code   RO          347    .text               stm32f10x_bkp.o
    0x08002fe8   0x000005bc   Code   RO          359    .text               stm32f10x_flash.o
    0x080035a4   0x000001e0   Code   RO          381    .text               system_stm32f10x.o
    0x08003784   0x000000a8   Code   RO          406    .text               mc_w.l(mktime.o)
    0x0800382c   0x00000394   Code   RO          409    .text               mc_w.l(strftime.o)
    0x08003bc0   0x00000024   Code   RO          415    .text               mc_w.l(memcpya.o)
    0x08003be4   0x00000024   Code   RO          417    .text               mc_w.l(memseta.o)
    0x08003c08   0x0000001c   Code   RO          419    .text               mc_w.l(strcmp.o)
    0x08003c24   0x000000b0   Code   RO          684    .text               mf_w.l(fadd.o)
    0x08003cd4   0x00000064   Code   RO          686    .text               mf_w.l(fmul.o)
    0x08003d38   0x0000007c   Code   RO          688    .text               mf_w.l(fdiv.o)
    0x08003db4   0x00000012   Code   RO          690    .text               mf_w.l(fflti.o)
    0x08003dc6   0x0000000a   Code   RO          692    .text               mf_w.l(ffltui.o)
    0x08003dd0   0x00000032   Code   RO          694    .text               mf_w.l(ffixi.o)
    0x08003e02   0x00000028   Code   RO          696    .text               mf_w.l(ffixui.o)
    0x08003e2a   0x00000026   Code   RO          698    .text               mf_w.l(f2d.o)
    0x08003e50   0x0000002c   Code   RO          715    .text               mc_w.l(uidiv.o)
    0x08003e7c   0x00000062   Code   RO          717    .text               mc_w.l(uldiv.o)
    0x08003ede   0x00000002   PAD
    0x08003ee0   0x0000000c   Code   RO          719    .text               mc_w.l(localtime_w.o)
    0x08003eec   0x0000008c   Code   RO          722    .text               mc_w.l(localtime_i.o)
    0x08003f78   0x00000000   Code   RO          725    .text               mc_w.l(iusefp.o)
    0x08003f78   0x0000006e   Code   RO          726    .text               mf_w.l(fepilogue.o)
    0x08003fe6   0x0000014e   Code   RO          728    .text               mf_w.l(dadd.o)
    0x08004134   0x000000e4   Code   RO          730    .text               mf_w.l(dmul.o)
    0x08004218   0x000000de   Code   RO          732    .text               mf_w.l(ddiv.o)
    0x080042f6   0x00000030   Code   RO          734    .text               mf_w.l(dfixul.o)
    0x08004326   0x00000002   PAD
    0x08004328   0x00000030   Code   RO          736    .text               mf_w.l(cdrcmple.o)
    0x08004358   0x00000024   Code   RO          738    .text               mc_w.l(init.o)
    0x0800437c   0x0000001e   Code   RO          740    .text               mc_w.l(llshl.o)
    0x0800439a   0x00000020   Code   RO          742    .text               mc_w.l(llushr.o)
    0x080043ba   0x00000024   Code   RO          744    .text               mc_w.l(llsshr.o)
    0x080043de   0x000000ba   Code   RO          746    .text               mf_w.l(depilogue.o)
    0x08004498   0x00000020   Code   RO          656    i.__0printf         mc_w.l(printfa.o)
    0x080044b8   0x0000000e   Code   RO          750    i.__scatterload_copy  mc_w.l(handlers.o)
    0x080044c6   0x00000002   Code   RO          751    i.__scatterload_null  mc_w.l(handlers.o)
    0x080044c8   0x0000000e   Code   RO          752    i.__scatterload_zeroinit  mc_w.l(handlers.o)
    0x080044d6   0x00000002   PAD
    0x080044d8   0x00000184   Code   RO          663    i._fp_digits        mc_w.l(printfa.o)
    0x0800465c   0x000006dc   Code   RO          664    i._printf_core      mc_w.l(printfa.o)
    0x08004d38   0x00000024   Code   RO          665    i._printf_post_padding  mc_w.l(printfa.o)
    0x08004d5c   0x0000002e   Code   RO          666    i._printf_pre_padding  mc_w.l(printfa.o)
    0x08004d8a   0x0000000c   Data   RO          210    .constdata          rtc.o
    0x08004d96   0x0000000c   Data   RO          407    .constdata          mc_w.l(mktime.o)
    0x08004da2   0x00000002   PAD
    0x08004da4   0x00000056   Data   RO          410    .constdata          mc_w.l(strftime.o)
    0x08004dfa   0x0000000c   Data   RO          723    .constdata          mc_w.l(localtime_i.o)
    0x08004e06   0x00000002   PAD
    0x08004e08   0x00000020   Data   RO          748    Region$$Table       anon$$obj.o


    Execution Region RW_IRAM1 (Base: 0x20000000, Size: 0x00000d98, Max: 0x0000c000, ABSOLUTE)

    Base Addr    Size         Type   Attr      Idx    E Section Name        Object

    0x20000000   0x0000002d   Data   RW          116    .data               stm32f10x_it.o
    0x2000002d   0x00000003   PAD
    0x20000030   0x00000010   Data   RW          162    .data               sysdelay.o
    0x20000040   0x00000007   Data   RW          211    .data               rtc.o
    0x20000047   0x00000001   PAD
    0x20000048   0x00000010   Data   RW          232    .data               flash.o
    0x20000058   0x00000014   Data   RW          250    .data               stm32f10x_rcc.o
    0x2000006c   0x00000014   Data   RW          382    .data               system_stm32f10x.o
    0x20000080   0x00000004   Data   RW          714    .data               mc_w.l(stdout.o)
    0x20000084   0x000008ba   Zero   RW          115    .bss                stm32f10x_it.o
    0x2000093e   0x00000002   PAD
    0x20000940   0x0000002c   Zero   RW          209    .bss                rtc.o
    0x2000096c   0x0000002c   Zero   RW          720    .bss                mc_w.l(localtime_w.o)
    0x20000998   0x00000400   Zero   RW            1    STACK               startup_stm32f10x_hd.o


==============================================================================

Image component sizes


      Code (inc. data)   RO Data    RW Data    ZI Data      Debug   Object Name

       188          4          0          0          0        870   exti.o
       764        110          0         16          0       2125   flash.o
        80         10          0          0          0        590   led.o
       248         44          0          0          0     264003   main.o
       220         22          0          0          0       1681   misc.o
       784         34         12          7         44       3991   rtc.o
        36          8        304          0       1024        808   startup_stm32f10x_hd.o
       196          8          0          0          0       3384   stm32f10x_bkp.o
       284         10          0          0          0       2139   stm32f10x_exti.o
      1468         34          0          0          0       8094   stm32f10x_flash.o
       860         38          0          0          0       5617   stm32f10x_gpio.o
      1124        150          0         45       2234       4065   stm32f10x_it.o
       204         14          0          0          0       1899   stm32f10x_pwr.o
       932         36          0         20          0       8752   stm32f10x_rcc.o
       328          4          0          0          0       2674   stm32f10x_rtc.o
      3610         88          0          0          0      22724   stm32f10x_tim.o
      1032         22          0          0          0       8340   stm32f10x_usart.o
       552         58          0         16          0      16773   sysdelay.o
       480         38          0         20          0       1691   system_stm32f10x.o
       130          0          0          0          0        645   tim.o
       364         14          0          0          0       1395   usrtconfig.o

    ----------------------------------------------------------------------
     13888        746        348        128       3304     362260   Object Totals
         0          0         32          0          0          0   (incl. Generated)
         4          0          0          4          2          0   (incl. Padding)

    ----------------------------------------------------------------------

      Code (inc. data)   RO Data    RW Data    ZI Data      Debug   Library Member Name

         0          0          0          0          0          0   entry.o
         0          0          0          0          0          0   entry10a.o
         0          0          0          0          0          0   entry11a.o
         8          4          0          0          0          0   entry2.o
         4          0          0          0          0          0   entry5.o
         0          0          0          0          0          0   entry7b.o
         0          0          0          0          0          0   entry8b.o
         8          4          0          0          0          0   entry9a.o
        30          0          0          0          0          0   handlers.o
        36          8          0          0          0         68   init.o
         0          0          0          0          0          0   iusefp.o
        30          0          0          0          0         68   llshl.o
        36          0          0          0          0         68   llsshr.o
        32          0          0          0          0         68   llushr.o
       140          6         12          0          0         76   localtime_i.o
        12          6          0          0         44         68   localtime_w.o
        36          0          0          0          0         68   memcpya.o
        36          0          0          0          0        108   memseta.o
       168         18         12          0          0         80   mktime.o
      2258         90          0          0          0        452   printfa.o
         0          0          0          4          0          0   stdout.o
        28          0          0          0          0         76   strcmp.o
       916        264         86          0          0        144   strftime.o
        44          0          0          0          0         80   uidiv.o
        98          0          0          0          0         92   uldiv.o
        48          0          0          0          0         68   cdrcmple.o
       334          0          0          0          0        148   dadd.o
       222          0          0          0          0        100   ddiv.o
       186          0          0          0          0        176   depilogue.o
        48          0          0          0          0         68   dfixul.o
       228          0          0          0          0         96   dmul.o
        38          0          0          0          0         68   f2d.o
       176          0          0          0          0        140   fadd.o
       124          0          0          0          0         88   fdiv.o
       110          0          0          0          0        168   fepilogue.o
        50          0          0          0          0         68   ffixi.o
        40          0          0          0          0         68   ffixui.o
        18          0          0          0          0         68   fflti.o
        10          0          0          0          0         68   ffltui.o
       100          0          0          0          0         76   fmul.o

    ----------------------------------------------------------------------
      5658        400        114          4         44       2984   Library Totals
         6          0          4          0          0          0   (incl. Padding)

    ----------------------------------------------------------------------

      Code (inc. data)   RO Data    RW Data    ZI Data      Debug   Library Name

      3920        400        110          4         44       1516   mc_w.l
      1732          0          0          0          0       1468   mf_w.l

    ----------------------------------------------------------------------
      5658        400        114          4         44       2984   Library Totals

    ----------------------------------------------------------------------

==============================================================================


      Code (inc. data)   RO Data    RW Data    ZI Data      Debug   

     19546       1146        462        132       3348     361600   Grand Totals
     19546       1146        462        132       3348     361600   ELF Image Totals
     19546       1146        462        132          0          0   ROM Totals

==============================================================================

    Total RO  Size (Code + RO Data)                20008 (  19.54kB)
    Total RW  Size (RW Data + ZI Data)              3480 (   3.40kB)
    Total ROM Size (Code + RO Data + RW Data)      20140 (  19.67kB)

==============================================================================

